<?xml version="1.0"?>
<link_info>
   <banner>MSP430 Linker PC v4.4.5</banner>
   <copyright>Copyright (c) 2003-2015 Texas Instruments Incorporated</copyright>
   <link_time>0x5bb1d54b</link_time>
   <link_errors>0x0</link_errors>
   <output_file>msp430_BME280.out</output_file>
   <entry_point>
      <name>_c_int00_noargs_noexit</name>
      <address>0xf7f6</address>
   </entry_point>
   <input_file_list>
      <input_file id="fl-2">
         <path>.\</path>
         <kind>object</kind>
         <file>main.obj</file>
         <name>main.obj</name>
      </input_file>
      <input_file id="fl-3">
         <path>.\sensors\</path>
         <kind>object</kind>
         <file>BME280.obj</file>
         <name>BME280.obj</name>
      </input_file>
      <input_file id="fl-4">
         <path>.\sensors\</path>
         <kind>object</kind>
         <file>temp_sensor.obj</file>
         <name>temp_sensor.obj</name>
      </input_file>
      <input_file id="fl-5">
         <path>.\hardware\</path>
         <kind>object</kind>
         <file>TI_USCI_I2C_master.obj</file>
         <name>TI_USCI_I2C_master.obj</name>
      </input_file>
      <input_file id="fl-6">
         <path>.\hardware\</path>
         <kind>object</kind>
         <file>adc.obj</file>
         <name>adc.obj</name>
      </input_file>
      <input_file id="fl-7">
         <path>.\hardware\</path>
         <kind>object</kind>
         <file>i2c.obj</file>
         <name>i2c.obj</name>
      </input_file>
      <input_file id="fl-8">
         <path>.\display\</path>
         <kind>object</kind>
         <file>font_table.obj</file>
         <name>font_table.obj</name>
      </input_file>
      <input_file id="fl-9">
         <path>.\display\</path>
         <kind>object</kind>
         <file>offset.obj</file>
         <name>offset.obj</name>
      </input_file>
      <input_file id="fl-a">
         <path>.\display\</path>
         <kind>object</kind>
         <file>ssd1306_lcd.obj</file>
         <name>ssd1306_lcd.obj</name>
      </input_file>
      <input_file id="fl-39">
         <path>C:\ti\ccsv6\tools\compiler\ti-cgt-msp430_4.4.5\lib\</path>
         <kind>archive</kind>
         <file>rts430_eabi.lib</file>
         <name>addd.obj</name>
      </input_file>
      <input_file id="fl-3a">
         <path>C:\ti\ccsv6\tools\compiler\ti-cgt-msp430_4.4.5\lib\</path>
         <kind>archive</kind>
         <file>rts430_eabi.lib</file>
         <name>asr16.obj</name>
      </input_file>
      <input_file id="fl-3b">
         <path>C:\ti\ccsv6\tools\compiler\ti-cgt-msp430_4.4.5\lib\</path>
         <kind>archive</kind>
         <file>rts430_eabi.lib</file>
         <name>asr32.obj</name>
      </input_file>
      <input_file id="fl-3c">
         <path>C:\ti\ccsv6\tools\compiler\ti-cgt-msp430_4.4.5\lib\</path>
         <kind>archive</kind>
         <file>rts430_eabi.lib</file>
         <name>asr64.obj</name>
      </input_file>
      <input_file id="fl-3d">
         <path>C:\ti\ccsv6\tools\compiler\ti-cgt-msp430_4.4.5\lib\</path>
         <kind>archive</kind>
         <file>rts430_eabi.lib</file>
         <name>boot.obj</name>
      </input_file>
      <input_file id="fl-3e">
         <path>C:\ti\ccsv6\tools\compiler\ti-cgt-msp430_4.4.5\lib\</path>
         <kind>archive</kind>
         <file>rts430_eabi.lib</file>
         <name>boot_special.obj</name>
      </input_file>
      <input_file id="fl-3f">
         <path>C:\ti\ccsv6\tools\compiler\ti-cgt-msp430_4.4.5\lib\</path>
         <kind>archive</kind>
         <file>rts430_eabi.lib</file>
         <name>copy_decompress_none.obj</name>
      </input_file>
      <input_file id="fl-40">
         <path>C:\ti\ccsv6\tools\compiler\ti-cgt-msp430_4.4.5\lib\</path>
         <kind>archive</kind>
         <file>rts430_eabi.lib</file>
         <name>copy_decompress_rle.obj</name>
      </input_file>
      <input_file id="fl-41">
         <path>C:\ti\ccsv6\tools\compiler\ti-cgt-msp430_4.4.5\lib\</path>
         <kind>archive</kind>
         <file>rts430_eabi.lib</file>
         <name>copy_zero_init.obj</name>
      </input_file>
      <input_file id="fl-42">
         <path>C:\ti\ccsv6\tools\compiler\ti-cgt-msp430_4.4.5\lib\</path>
         <kind>archive</kind>
         <file>rts430_eabi.lib</file>
         <name>cvtdf.obj</name>
      </input_file>
      <input_file id="fl-43">
         <path>C:\ti\ccsv6\tools\compiler\ti-cgt-msp430_4.4.5\lib\</path>
         <kind>archive</kind>
         <file>rts430_eabi.lib</file>
         <name>cvtfd.obj</name>
      </input_file>
      <input_file id="fl-44">
         <path>C:\ti\ccsv6\tools\compiler\ti-cgt-msp430_4.4.5\lib\</path>
         <kind>archive</kind>
         <file>rts430_eabi.lib</file>
         <name>div16s.obj</name>
      </input_file>
      <input_file id="fl-45">
         <path>C:\ti\ccsv6\tools\compiler\ti-cgt-msp430_4.4.5\lib\</path>
         <kind>archive</kind>
         <file>rts430_eabi.lib</file>
         <name>div16u.obj</name>
      </input_file>
      <input_file id="fl-46">
         <path>C:\ti\ccsv6\tools\compiler\ti-cgt-msp430_4.4.5\lib\</path>
         <kind>archive</kind>
         <file>rts430_eabi.lib</file>
         <name>div32s.obj</name>
      </input_file>
      <input_file id="fl-47">
         <path>C:\ti\ccsv6\tools\compiler\ti-cgt-msp430_4.4.5\lib\</path>
         <kind>archive</kind>
         <file>rts430_eabi.lib</file>
         <name>div32u.obj</name>
      </input_file>
      <input_file id="fl-48">
         <path>C:\ti\ccsv6\tools\compiler\ti-cgt-msp430_4.4.5\lib\</path>
         <kind>archive</kind>
         <file>rts430_eabi.lib</file>
         <name>div64s.obj</name>
      </input_file>
      <input_file id="fl-49">
         <path>C:\ti\ccsv6\tools\compiler\ti-cgt-msp430_4.4.5\lib\</path>
         <kind>archive</kind>
         <file>rts430_eabi.lib</file>
         <name>div64u.obj</name>
      </input_file>
      <input_file id="fl-4a">
         <path>C:\ti\ccsv6\tools\compiler\ti-cgt-msp430_4.4.5\lib\</path>
         <kind>archive</kind>
         <file>rts430_eabi.lib</file>
         <name>divd.obj</name>
      </input_file>
      <input_file id="fl-4b">
         <path>C:\ti\ccsv6\tools\compiler\ti-cgt-msp430_4.4.5\lib\</path>
         <kind>archive</kind>
         <file>rts430_eabi.lib</file>
         <name>epilog.obj</name>
      </input_file>
      <input_file id="fl-4c">
         <path>C:\ti\ccsv6\tools\compiler\ti-cgt-msp430_4.4.5\lib\</path>
         <kind>archive</kind>
         <file>rts430_eabi.lib</file>
         <name>exit.obj</name>
      </input_file>
      <input_file id="fl-4d">
         <path>C:\ti\ccsv6\tools\compiler\ti-cgt-msp430_4.4.5\lib\</path>
         <kind>archive</kind>
         <file>rts430_eabi.lib</file>
         <name>exit_gvars.obj</name>
      </input_file>
      <input_file id="fl-4e">
         <path>C:\ti\ccsv6\tools\compiler\ti-cgt-msp430_4.4.5\lib\</path>
         <kind>archive</kind>
         <file>rts430_eabi.lib</file>
         <name>frcaddd.obj</name>
      </input_file>
      <input_file id="fl-4f">
         <path>C:\ti\ccsv6\tools\compiler\ti-cgt-msp430_4.4.5\lib\</path>
         <kind>archive</kind>
         <file>rts430_eabi.lib</file>
         <name>frcdivd.obj</name>
      </input_file>
      <input_file id="fl-50">
         <path>C:\ti\ccsv6\tools\compiler\ti-cgt-msp430_4.4.5\lib\</path>
         <kind>archive</kind>
         <file>rts430_eabi.lib</file>
         <name>fs_mpy.obj</name>
      </input_file>
      <input_file id="fl-51">
         <path>C:\ti\ccsv6\tools\compiler\ti-cgt-msp430_4.4.5\lib\</path>
         <kind>archive</kind>
         <file>rts430_eabi.lib</file>
         <name>fs_toi.obj</name>
      </input_file>
      <input_file id="fl-52">
         <path>C:\ti\ccsv6\tools\compiler\ti-cgt-msp430_4.4.5\lib\</path>
         <kind>archive</kind>
         <file>rts430_eabi.lib</file>
         <name>fs_utof.obj</name>
      </input_file>
      <input_file id="fl-53">
         <path>C:\ti\ccsv6\tools\compiler\ti-cgt-msp430_4.4.5\lib\</path>
         <kind>archive</kind>
         <file>rts430_eabi.lib</file>
         <name>int00.obj</name>
      </input_file>
      <input_file id="fl-54">
         <path>C:\ti\ccsv6\tools\compiler\ti-cgt-msp430_4.4.5\lib\</path>
         <kind>archive</kind>
         <file>rts430_eabi.lib</file>
         <name>int03.obj</name>
      </input_file>
      <input_file id="fl-55">
         <path>C:\ti\ccsv6\tools\compiler\ti-cgt-msp430_4.4.5\lib\</path>
         <kind>archive</kind>
         <file>rts430_eabi.lib</file>
         <name>int05.obj</name>
      </input_file>
      <input_file id="fl-56">
         <path>C:\ti\ccsv6\tools\compiler\ti-cgt-msp430_4.4.5\lib\</path>
         <kind>archive</kind>
         <file>rts430_eabi.lib</file>
         <name>int08.obj</name>
      </input_file>
      <input_file id="fl-57">
         <path>C:\ti\ccsv6\tools\compiler\ti-cgt-msp430_4.4.5\lib\</path>
         <kind>archive</kind>
         <file>rts430_eabi.lib</file>
         <name>int10.obj</name>
      </input_file>
      <input_file id="fl-58">
         <path>C:\ti\ccsv6\tools\compiler\ti-cgt-msp430_4.4.5\lib\</path>
         <kind>archive</kind>
         <file>rts430_eabi.lib</file>
         <name>int11.obj</name>
      </input_file>
      <input_file id="fl-59">
         <path>C:\ti\ccsv6\tools\compiler\ti-cgt-msp430_4.4.5\lib\</path>
         <kind>archive</kind>
         <file>rts430_eabi.lib</file>
         <name>int12.obj</name>
      </input_file>
      <input_file id="fl-5a">
         <path>C:\ti\ccsv6\tools\compiler\ti-cgt-msp430_4.4.5\lib\</path>
         <kind>archive</kind>
         <file>rts430_eabi.lib</file>
         <name>int13.obj</name>
      </input_file>
      <input_file id="fl-5b">
         <path>C:\ti\ccsv6\tools\compiler\ti-cgt-msp430_4.4.5\lib\</path>
         <kind>archive</kind>
         <file>rts430_eabi.lib</file>
         <name>int14.obj</name>
      </input_file>
      <input_file id="fl-5c">
         <path>C:\ti\ccsv6\tools\compiler\ti-cgt-msp430_4.4.5\lib\</path>
         <kind>archive</kind>
         <file>rts430_eabi.lib</file>
         <name>isr_trap.obj</name>
      </input_file>
      <input_file id="fl-5d">
         <path>C:\ti\ccsv6\tools\compiler\ti-cgt-msp430_4.4.5\lib\</path>
         <kind>archive</kind>
         <file>rts430_eabi.lib</file>
         <name>llabs.obj</name>
      </input_file>
      <input_file id="fl-5e">
         <path>C:\ti\ccsv6\tools\compiler\ti-cgt-msp430_4.4.5\lib\</path>
         <kind>archive</kind>
         <file>rts430_eabi.lib</file>
         <name>lsl16.obj</name>
      </input_file>
      <input_file id="fl-5f">
         <path>C:\ti\ccsv6\tools\compiler\ti-cgt-msp430_4.4.5\lib\</path>
         <kind>archive</kind>
         <file>rts430_eabi.lib</file>
         <name>lsl32.obj</name>
      </input_file>
      <input_file id="fl-60">
         <path>C:\ti\ccsv6\tools\compiler\ti-cgt-msp430_4.4.5\lib\</path>
         <kind>archive</kind>
         <file>rts430_eabi.lib</file>
         <name>lsl64.obj</name>
      </input_file>
      <input_file id="fl-61">
         <path>C:\ti\ccsv6\tools\compiler\ti-cgt-msp430_4.4.5\lib\</path>
         <kind>archive</kind>
         <file>rts430_eabi.lib</file>
         <name>lsr16.obj</name>
      </input_file>
      <input_file id="fl-62">
         <path>C:\ti\ccsv6\tools\compiler\ti-cgt-msp430_4.4.5\lib\</path>
         <kind>archive</kind>
         <file>rts430_eabi.lib</file>
         <name>lsr32.obj</name>
      </input_file>
      <input_file id="fl-63">
         <path>C:\ti\ccsv6\tools\compiler\ti-cgt-msp430_4.4.5\lib\</path>
         <kind>archive</kind>
         <file>rts430_eabi.lib</file>
         <name>lsr64.obj</name>
      </input_file>
      <input_file id="fl-64">
         <path>C:\ti\ccsv6\tools\compiler\ti-cgt-msp430_4.4.5\lib\</path>
         <kind>archive</kind>
         <file>rts430_eabi.lib</file>
         <name>memcpy.obj</name>
      </input_file>
      <input_file id="fl-65">
         <path>C:\ti\ccsv6\tools\compiler\ti-cgt-msp430_4.4.5\lib\</path>
         <kind>archive</kind>
         <file>rts430_eabi.lib</file>
         <name>memset.obj</name>
      </input_file>
      <input_file id="fl-66">
         <path>C:\ti\ccsv6\tools\compiler\ti-cgt-msp430_4.4.5\lib\</path>
         <kind>archive</kind>
         <file>rts430_eabi.lib</file>
         <name>mpu_init.obj</name>
      </input_file>
      <input_file id="fl-67">
         <path>C:\ti\ccsv6\tools\compiler\ti-cgt-msp430_4.4.5\lib\</path>
         <kind>archive</kind>
         <file>rts430_eabi.lib</file>
         <name>mpyd.obj</name>
      </input_file>
      <input_file id="fl-68">
         <path>C:\ti\ccsv6\tools\compiler\ti-cgt-msp430_4.4.5\lib\</path>
         <kind>archive</kind>
         <file>rts430_eabi.lib</file>
         <name>mult16.obj</name>
      </input_file>
      <input_file id="fl-69">
         <path>C:\ti\ccsv6\tools\compiler\ti-cgt-msp430_4.4.5\lib\</path>
         <kind>archive</kind>
         <file>rts430_eabi.lib</file>
         <name>mult32.obj</name>
      </input_file>
      <input_file id="fl-6a">
         <path>C:\ti\ccsv6\tools\compiler\ti-cgt-msp430_4.4.5\lib\</path>
         <kind>archive</kind>
         <file>rts430_eabi.lib</file>
         <name>mult64.obj</name>
      </input_file>
      <input_file id="fl-6b">
         <path>C:\ti\ccsv6\tools\compiler\ti-cgt-msp430_4.4.5\lib\</path>
         <kind>archive</kind>
         <file>rts430_eabi.lib</file>
         <name>pre_init.obj</name>
      </input_file>
      <input_file id="fl-6c">
         <path>C:\ti\ccsv6\tools\compiler\ti-cgt-msp430_4.4.5\lib\</path>
         <kind>archive</kind>
         <file>rts430_eabi.lib</file>
         <name>renormd.obj</name>
      </input_file>
      <input_file id="fl-6d">
         <path>C:\ti\ccsv6\tools\compiler\ti-cgt-msp430_4.4.5\lib\</path>
         <kind>archive</kind>
         <file>rts430_eabi.lib</file>
         <name>sprintf.obj</name>
      </input_file>
      <input_file id="fl-6e">
         <path>C:\ti\ccsv6\tools\compiler\ti-cgt-msp430_4.4.5\lib\</path>
         <kind>archive</kind>
         <file>rts430_eabi.lib</file>
         <name>subd.obj</name>
      </input_file>
      <input_file id="fl-6f">
         <path>C:\ti\ccsv6\tools\compiler\ti-cgt-msp430_4.4.5\lib\</path>
         <kind>archive</kind>
         <file>rts430_eabi.lib</file>
         <name>_lock.obj</name>
      </input_file>
      <input_file id="fl-70">
         <path>C:\ti\ccsv6\tools\compiler\ti-cgt-msp430_4.4.5\lib\</path>
         <kind>archive</kind>
         <file>rts430_eabi.lib</file>
         <name>_printfi_min.obj</name>
      </input_file>
      <input_file id="fl-71">
         <path>C:\ti\ccsv6\tools\compiler\ti-cgt-msp430_4.4.5\lib\</path>
         <kind>archive</kind>
         <file>rts430_eabi.lib</file>
         <name>args_main.obj</name>
      </input_file>
      <input_file id="fl-72">
         <path>C:\ti\ccsv6\tools\compiler\ti-cgt-msp430_4.4.5\lib\</path>
         <kind>archive</kind>
         <file>rts430_eabi.lib</file>
         <name>autoinit.obj</name>
      </input_file>
      <input_file id="fl-73">
         <path>C:\ti\ccsv6\tools\compiler\ti-cgt-msp430_4.4.5\lib\</path>
         <kind>archive</kind>
         <file>rts430_eabi.lib</file>
         <name>frcmpyd.obj</name>
      </input_file>
      <input_file id="fl-74">
         <path>C:\ti\ccsv6\tools\compiler\ti-cgt-msp430_4.4.5\lib\</path>
         <kind>archive</kind>
         <file>rts430_eabi.lib</file>
         <name>memccpy.obj</name>
      </input_file>
      <input_file id="fl-75">
         <path>C:\ti\ccsv6\tools\compiler\ti-cgt-msp430_4.4.5\lib\</path>
         <kind>archive</kind>
         <file>rts430_eabi.lib</file>
         <name>mult1632.obj</name>
      </input_file>
      <input_file id="fl-76">
         <path>C:\ti\ccsv6\tools\compiler\ti-cgt-msp430_4.4.5\lib\</path>
         <kind>archive</kind>
         <file>rts430_eabi.lib</file>
         <name>strlen.obj</name>
      </input_file>
   </input_file_list>
   <object_component_list>
      <object_component id="oc-1d4">
         <name>.common:TimeDelay</name>
         <uninitialized>true</uninitialized>
         <run_address>0x22c</run_address>
         <size>0x2</size>
      </object_component>
      <object_component id="oc-2f6">
         <name>.common:mCalibrationData</name>
         <uninitialized>true</uninitialized>
         <run_address>0x200</run_address>
         <size>0x24</size>
      </object_component>
      <object_component id="oc-212">
         <name>.common:t_fine</name>
         <uninitialized>true</uninitialized>
         <run_address>0x224</run_address>
         <size>0x4</size>
      </object_component>
      <object_component id="oc-122">
         <name>.common:byteCtr</name>
         <uninitialized>true</uninitialized>
         <run_address>0x22e</run_address>
         <size>0x1</size>
      </object_component>
      <object_component id="oc-125">
         <name>.common:TI_receive_field</name>
         <uninitialized>true</uninitialized>
         <run_address>0x228</run_address>
         <size>0x2</size>
      </object_component>
      <object_component id="oc-129">
         <name>.common:TI_transmit_field</name>
         <uninitialized>true</uninitialized>
         <run_address>0x22a</run_address>
         <size>0x2</size>
      </object_component>
      <object_component id="oc-8d">
         <name>.stack</name>
         <uninitialized>true</uninitialized>
         <run_address>0x380</run_address>
         <size>0x2</size>
         <input_file_ref idref="fl-3d"/>
      </object_component>
      <object_component id="oc-484">
         <name>.stack</name>
         <uninitialized>true</uninitialized>
         <run_address>0x380</run_address>
         <size>0x0</size>
      </object_component>
      <object_component id="oc-33c">
         <name>.text:__TI_frcdivd</name>
         <load_address>0xc000</load_address>
         <run_address>0xc000</run_address>
         <size>0x462</size>
         <input_file_ref idref="fl-4f"/>
      </object_component>
      <object_component id="oc-261">
         <name>.text:BME280_compensate_P_int64</name>
         <load_address>0xc462</load_address>
         <run_address>0xc462</run_address>
         <size>0x3be</size>
         <input_file_ref idref="fl-3"/>
      </object_component>
      <object_component id="oc-3b5">
         <name>.text:__mspabi_divull</name>
         <load_address>0xc820</load_address>
         <run_address>0xc820</run_address>
         <size>0x3ac</size>
         <input_file_ref idref="fl-49"/>
      </object_component>
      <object_component id="oc-349">
         <name>.text:__TI_frcmpyd</name>
         <load_address>0xcbcc</load_address>
         <run_address>0xcbcc</run_address>
         <size>0x2f4</size>
         <input_file_ref idref="fl-73"/>
      </object_component>
      <object_component id="oc-2ac">
         <name>.text:__mspabi_addd</name>
         <load_address>0xcec0</load_address>
         <run_address>0xcec0</run_address>
         <size>0x2e8</size>
         <input_file_ref idref="fl-39"/>
      </object_component>
      <object_component id="oc-18b">
         <name>.text:BME280_read</name>
         <load_address>0xd1a8</load_address>
         <run_address>0xd1a8</run_address>
         <size>0x2be</size>
         <input_file_ref idref="fl-3"/>
      </object_component>
      <object_component id="oc-29a">
         <name>.text:__mspabi_mpyd</name>
         <load_address>0xd466</load_address>
         <run_address>0xd466</run_address>
         <size>0x26e</size>
         <input_file_ref idref="fl-67"/>
      </object_component>
      <object_component id="oc-354">
         <name>.text:__TI_frcaddd</name>
         <load_address>0xd6d4</load_address>
         <run_address>0xd6d4</run_address>
         <size>0x260</size>
         <input_file_ref idref="fl-4e"/>
      </object_component>
      <object_component id="oc-294">
         <name>.text:__mspabi_divd</name>
         <load_address>0xd934</load_address>
         <run_address>0xd934</run_address>
         <size>0x238</size>
         <input_file_ref idref="fl-4a"/>
      </object_component>
      <object_component id="oc-ef">
         <name>.text:main</name>
         <load_address>0xdb6c</load_address>
         <run_address>0xdb6c</run_address>
         <size>0x1c4</size>
         <input_file_ref idref="fl-2"/>
      </object_component>
      <object_component id="oc-267">
         <name>.text:BME280_compensate_H_int32</name>
         <load_address>0xdd30</load_address>
         <run_address>0xdd30</run_address>
         <size>0x178</size>
         <input_file_ref idref="fl-3"/>
      </object_component>
      <object_component id="oc-227">
         <name>.text:BME280_readCalibrationValues</name>
         <load_address>0xdea8</load_address>
         <run_address>0xdea8</run_address>
         <size>0x16c</size>
         <input_file_ref idref="fl-3"/>
      </object_component>
      <object_component id="oc-31c">
         <name>.text:__mspabi_divlli</name>
         <load_address>0xe014</load_address>
         <run_address>0xe014</run_address>
         <size>0x14c</size>
         <input_file_ref idref="fl-48"/>
      </object_component>
      <object_component id="oc-191">
         <name>.text:temp_sensor_readF</name>
         <load_address>0xe160</load_address>
         <run_address>0xe160</run_address>
         <size>0x140</size>
         <input_file_ref idref="fl-4"/>
      </object_component>
      <object_component id="oc-1ad">
         <name>.text:LCD_DrawStringKern</name>
         <load_address>0xe2a0</load_address>
         <run_address>0xe2a0</run_address>
         <size>0x138</size>
         <input_file_ref idref="fl-a"/>
      </object_component>
      <object_component id="oc-1b9">
         <name>.text:LCD_DrawStringKernLength</name>
         <load_address>0xe3d8</load_address>
         <run_address>0xe3d8</run_address>
         <size>0x132</size>
         <input_file_ref idref="fl-a"/>
      </object_component>
      <object_component id="oc-372">
         <name>.text:_setfield</name>
         <load_address>0xe50a</load_address>
         <run_address>0xe50a</run_address>
         <size>0x116</size>
         <input_file_ref idref="fl-70"/>
      </object_component>
      <object_component id="oc-30b">
         <name>.text:__mpyll</name>
         <load_address>0xe620</load_address>
         <run_address>0xe620</run_address>
         <size>0x114</size>
         <input_file_ref idref="fl-6a"/>
      </object_component>
      <object_component id="oc-25b">
         <name>.text:BME280_compensate_T_int32</name>
         <load_address>0xe734</load_address>
         <run_address>0xe734</run_address>
         <size>0xce</size>
         <input_file_ref idref="fl-3"/>
      </object_component>
      <object_component id="oc-2d7">
         <name>.text:__TI_printfi_minimal</name>
         <load_address>0xe802</load_address>
         <run_address>0xe802</run_address>
         <size>0xca</size>
         <input_file_ref idref="fl-70"/>
      </object_component>
      <object_component id="oc-19c">
         <name>.text</name>
         <load_address>0xe8cc</load_address>
         <run_address>0xe8cc</run_address>
         <size>0xc2</size>
         <input_file_ref idref="fl-50"/>
      </object_component>
      <object_component id="oc-283">
         <name>.text:temp_sensor_getAverage</name>
         <load_address>0xe98e</load_address>
         <run_address>0xe98e</run_address>
         <size>0xc0</size>
         <input_file_ref idref="fl-4"/>
      </object_component>
      <object_component id="oc-3e0">
         <name>.text:__TI_renormd</name>
         <load_address>0xea4e</load_address>
         <run_address>0xea4e</run_address>
         <size>0xbe</size>
         <input_file_ref idref="fl-6c"/>
      </object_component>
      <object_component id="oc-179">
         <name>.text:LCD_Init</name>
         <load_address>0xeb0c</load_address>
         <run_address>0xeb0c</run_address>
         <size>0x90</size>
         <input_file_ref idref="fl-a"/>
      </object_component>
      <object_component id="oc-2a0">
         <name>.text:__mspabi_cvtdf</name>
         <load_address>0xeb9c</load_address>
         <run_address>0xeb9c</run_address>
         <size>0x8c</size>
         <input_file_ref idref="fl-42"/>
      </object_component>
      <object_component id="oc-206">
         <name>.text:TI_USCI_I2C_slave_present</name>
         <load_address>0xec28</load_address>
         <run_address>0xec28</run_address>
         <size>0x6e</size>
         <input_file_ref idref="fl-5"/>
      </object_component>
      <object_component id="oc-28e">
         <name>.text:__mspabi_cvtfd</name>
         <load_address>0xec96</load_address>
         <run_address>0xec96</run_address>
         <size>0x68</size>
         <input_file_ref idref="fl-43"/>
      </object_component>
      <object_component id="oc-197">
         <name>.text</name>
         <load_address>0xecfe</load_address>
         <run_address>0xecfe</run_address>
         <size>0x68</size>
         <input_file_ref idref="fl-51"/>
      </object_component>
      <object_component id="oc-b6">
         <name>.text:USCIAB0TX_ISR</name>
         <load_address>0xed66</load_address>
         <run_address>0xed66</run_address>
         <size>0x64</size>
         <input_file_ref idref="fl-5"/>
      </object_component>
      <object_component id="oc-9e">
         <name>.text:__TI_decompress_rle_core</name>
         <load_address>0xedca</load_address>
         <run_address>0xedca</run_address>
         <size>0x64</size>
         <input_file_ref idref="fl-40"/>
      </object_component>
      <object_component id="oc-2fc">
         <name>.text:i2c_readAddress</name>
         <load_address>0xee2e</load_address>
         <run_address>0xee2e</run_address>
         <size>0x64</size>
         <input_file_ref idref="fl-7"/>
      </object_component>
      <object_component id="oc-277">
         <name>.text:l_lsr_const</name>
         <load_address>0xee92</load_address>
         <run_address>0xee92</run_address>
         <size>0x5c</size>
         <input_file_ref idref="fl-62"/>
      </object_component>
      <object_component id="oc-d5">
         <name>.text:_auto_init</name>
         <load_address>0xeeee</load_address>
         <run_address>0xeeee</run_address>
         <size>0x58</size>
         <input_file_ref idref="fl-72"/>
      </object_component>
      <object_component id="oc-1bf">
         <name>.text</name>
         <load_address>0xef46</load_address>
         <run_address>0xef46</run_address>
         <size>0x58</size>
         <input_file_ref idref="fl-47"/>
      </object_component>
      <object_component id="oc-42d">
         <name>.text:_ltostr</name>
         <load_address>0xef9e</load_address>
         <run_address>0xef9e</run_address>
         <size>0x56</size>
         <input_file_ref idref="fl-70"/>
      </object_component>
      <object_component id="oc-167">
         <name>.text:BME280_init</name>
         <load_address>0xeff4</load_address>
         <run_address>0xeff4</run_address>
         <size>0x54</size>
         <input_file_ref idref="fl-3"/>
      </object_component>
      <object_component id="oc-27d">
         <name>.text:adc_read</name>
         <load_address>0xf048</load_address>
         <run_address>0xf048</run_address>
         <size>0x54</size>
         <input_file_ref idref="fl-6"/>
      </object_component>
      <object_component id="oc-17f">
         <name>.text:LCD_Clear</name>
         <load_address>0xf09c</load_address>
         <run_address>0xf09c</run_address>
         <size>0x4e</size>
         <input_file_ref idref="fl-a"/>
      </object_component>
      <object_component id="oc-3f1">
         <name>.text:_pproc_diouxp</name>
         <load_address>0xf0ea</load_address>
         <run_address>0xf0ea</run_address>
         <size>0x4e</size>
         <input_file_ref idref="fl-70"/>
      </object_component>
      <object_component id="oc-337">
         <name>.text</name>
         <load_address>0xf138</load_address>
         <run_address>0xf138</run_address>
         <size>0x4c</size>
         <input_file_ref idref="fl-61"/>
      </object_component>
      <object_component id="oc-39f">
         <name>.text:TI_USCI_I2C_receive</name>
         <load_address>0xf184</load_address>
         <run_address>0xf184</run_address>
         <size>0x4a</size>
         <input_file_ref idref="fl-5"/>
      </object_component>
      <object_component id="oc-316">
         <name>.text:__mspabi_srall</name>
         <load_address>0xf1ce</load_address>
         <run_address>0xf1ce</run_address>
         <size>0x48</size>
         <input_file_ref idref="fl-3c"/>
      </object_component>
      <object_component id="oc-378">
         <name>.text:_pproc_str</name>
         <load_address>0xf216</load_address>
         <run_address>0xf216</run_address>
         <size>0x48</size>
         <input_file_ref idref="fl-70"/>
      </object_component>
      <object_component id="oc-399">
         <name>.text:TI_USCI_I2C_receiveinit</name>
         <load_address>0xf25e</load_address>
         <run_address>0xf25e</run_address>
         <size>0x46</size>
         <input_file_ref idref="fl-5"/>
      </object_component>
      <object_component id="oc-1fa">
         <name>.text:TI_USCI_I2C_transmitinit</name>
         <load_address>0xf2a4</load_address>
         <run_address>0xf2a4</run_address>
         <size>0x46</size>
         <input_file_ref idref="fl-5"/>
      </object_component>
      <object_component id="oc-40d">
         <name>.text:__mspabi_srlll</name>
         <load_address>0xf2ea</load_address>
         <run_address>0xf2ea</run_address>
         <size>0x44</size>
         <input_file_ref idref="fl-63"/>
      </object_component>
      <object_component id="oc-310">
         <name>.text:__mspabi_sllll</name>
         <load_address>0xf32e</load_address>
         <run_address>0xf32e</run_address>
         <size>0x42</size>
         <input_file_ref idref="fl-60"/>
      </object_component>
      <object_component id="oc-26d">
         <name>.text</name>
         <load_address>0xf370</load_address>
         <run_address>0xf370</run_address>
         <size>0x40</size>
         <input_file_ref idref="fl-46"/>
      </object_component>
      <object_component id="oc-237">
         <name>.text:LCD_SetColumn</name>
         <load_address>0xf3b0</load_address>
         <run_address>0xf3b0</run_address>
         <size>0x3e</size>
         <input_file_ref idref="fl-a"/>
      </object_component>
      <object_component id="oc-149">
         <name>.text:TimerA_init</name>
         <load_address>0xf3ee</load_address>
         <run_address>0xf3ee</run_address>
         <size>0x3e</size>
         <input_file_ref idref="fl-2"/>
      </object_component>
      <object_component id="oc-305">
         <name>.text:l_asr_const</name>
         <load_address>0xf42c</load_address>
         <run_address>0xf42c</run_address>
         <size>0x3e</size>
         <input_file_ref idref="fl-3b"/>
      </object_component>
      <object_component id="oc-256">
         <name>.text:l_lsl_const</name>
         <load_address>0xf46a</load_address>
         <run_address>0xf46a</run_address>
         <size>0x3e</size>
         <input_file_ref idref="fl-5f"/>
      </object_component>
      <object_component id="oc-2ef">
         <name>.text:i2c_write</name>
         <load_address>0xf4a8</load_address>
         <run_address>0xf4a8</run_address>
         <size>0x3c</size>
         <input_file_ref idref="fl-7"/>
      </object_component>
      <object_component id="oc-215">
         <name>.text:BME280_dummyDelay</name>
         <load_address>0xf4e4</load_address>
         <run_address>0xf4e4</run_address>
         <size>0x38</size>
         <input_file_ref idref="fl-3"/>
      </object_component>
      <object_component id="oc-327">
         <name>.text:adc_dummy_delay</name>
         <load_address>0xf51c</load_address>
         <run_address>0xf51c</run_address>
         <size>0x38</size>
         <input_file_ref idref="fl-6"/>
      </object_component>
      <object_component id="oc-1b3">
         <name>.text:sprintf</name>
         <load_address>0xf554</load_address>
         <run_address>0xf554</run_address>
         <size>0x38</size>
         <input_file_ref idref="fl-6d"/>
      </object_component>
      <object_component id="oc-2a6">
         <name>.text:__mspabi_subd</name>
         <load_address>0xf58c</load_address>
         <run_address>0xf58c</run_address>
         <size>0x2e</size>
         <input_file_ref idref="fl-6e"/>
      </object_component>
      <object_component id="oc-427">
         <name>.text:_getarg_diouxp</name>
         <load_address>0xf5ba</load_address>
         <run_address>0xf5ba</run_address>
         <size>0x2e</size>
         <input_file_ref idref="fl-70"/>
      </object_component>
      <object_component id="oc-251">
         <name>.text</name>
         <load_address>0xf5e8</load_address>
         <run_address>0xf5e8</run_address>
         <size>0x2c</size>
         <input_file_ref idref="fl-3a"/>
      </object_component>
      <object_component id="oc-1a1">
         <name>.text</name>
         <load_address>0xf614</load_address>
         <run_address>0xf614</run_address>
         <size>0x2c</size>
         <input_file_ref idref="fl-44"/>
      </object_component>
      <object_component id="oc-2be">
         <name>.text</name>
         <load_address>0xf640</load_address>
         <run_address>0xf640</run_address>
         <size>0x2c</size>
         <input_file_ref idref="fl-5e"/>
      </object_component>
      <object_component id="oc-243">
         <name>.text:LCD_WriteData</name>
         <load_address>0xf66c</load_address>
         <run_address>0xf66c</run_address>
         <size>0x28</size>
         <input_file_ref idref="fl-a"/>
      </object_component>
      <object_component id="oc-161">
         <name>.text:i2c_init</name>
         <load_address>0xf694</load_address>
         <run_address>0xf694</run_address>
         <size>0x28</size>
         <input_file_ref idref="fl-7"/>
      </object_component>
      <object_component id="oc-221">
         <name>.text:BME280_writeReg</name>
         <load_address>0xf6bc</load_address>
         <run_address>0xf6bc</run_address>
         <size>0x26</size>
         <input_file_ref idref="fl-3"/>
      </object_component>
      <object_component id="oc-230">
         <name>.text:LCD_WriteReg</name>
         <load_address>0xf6e2</load_address>
         <run_address>0xf6e2</run_address>
         <size>0x26</size>
         <input_file_ref idref="fl-a"/>
      </object_component>
      <object_component id="oc-272">
         <name>.text</name>
         <load_address>0xf708</load_address>
         <run_address>0xf708</run_address>
         <size>0x26</size>
         <input_file_ref idref="fl-69"/>
      </object_component>
      <object_component id="oc-24b">
         <name>.text:BME280_readRegArray</name>
         <load_address>0xf72e</load_address>
         <run_address>0xf72e</run_address>
         <size>0x24</size>
         <input_file_ref idref="fl-3"/>
      </object_component>
      <object_component id="oc-289">
         <name>.text</name>
         <load_address>0xf752</load_address>
         <run_address>0xf752</run_address>
         <size>0x24</size>
         <input_file_ref idref="fl-52"/>
      </object_component>
      <object_component id="oc-391">
         <name>.text:TI_USCI_I2C_transmit</name>
         <load_address>0xf776</load_address>
         <run_address>0xf776</run_address>
         <size>0x22</size>
         <input_file_ref idref="fl-5"/>
      </object_component>
      <object_component id="oc-3a7">
         <name>.text:__mpyul</name>
         <load_address>0xf798</load_address>
         <run_address>0xf798</run_address>
         <size>0x22</size>
         <input_file_ref idref="fl-75"/>
      </object_component>
      <object_component id="oc-23d">
         <name>.text:LCD_SetPage</name>
         <load_address>0xf7ba</load_address>
         <run_address>0xf7ba</run_address>
         <size>0x1e</size>
         <input_file_ref idref="fl-a"/>
      </object_component>
      <object_component id="oc-c2">
         <name>.text:Timer_A</name>
         <load_address>0xf7d8</load_address>
         <run_address>0xf7d8</run_address>
         <size>0x1e</size>
         <input_file_ref idref="fl-2"/>
      </object_component>
      <object_component id="oc-69">
         <name>.text:_c_int00_noargs_noexit</name>
         <load_address>0xf7f6</load_address>
         <run_address>0xf7f6</run_address>
         <size>0x1a</size>
         <input_file_ref idref="fl-3e"/>
      </object_component>
      <object_component id="oc-2cb">
         <name>.text:_outs</name>
         <load_address>0xf810</load_address>
         <run_address>0xf810</run_address>
         <size>0x1a</size>
         <input_file_ref idref="fl-6d"/>
      </object_component>
      <object_component id="oc-15b">
         <name>.text:delay_ms</name>
         <load_address>0xf82a</load_address>
         <run_address>0xf82a</run_address>
         <size>0x1a</size>
         <input_file_ref idref="fl-2"/>
      </object_component>
      <object_component id="oc-3f7">
         <name>.text:memccpy</name>
         <load_address>0xf844</load_address>
         <run_address>0xf844</run_address>
         <size>0x1a</size>
         <input_file_ref idref="fl-74"/>
      </object_component>
      <object_component id="oc-441">
         <name>.text:_div</name>
         <load_address>0xf85e</load_address>
         <run_address>0xf85e</run_address>
         <size>0x18</size>
         <input_file_ref idref="fl-70"/>
      </object_component>
      <object_component id="oc-14f">
         <name>.text:GPIO_init</name>
         <load_address>0xf876</load_address>
         <run_address>0xf876</run_address>
         <size>0x16</size>
         <input_file_ref idref="fl-2"/>
      </object_component>
      <object_component id="oc-3af">
         <name>.text:llabs</name>
         <load_address>0xf88c</load_address>
         <run_address>0xf88c</run_address>
         <size>0x16</size>
         <input_file_ref idref="fl-5d"/>
      </object_component>
      <object_component id="oc-2b6">
         <name>.text</name>
         <load_address>0xf8a2</load_address>
         <run_address>0xf8a2</run_address>
         <size>0x16</size>
         <input_file_ref idref="fl-45"/>
      </object_component>
      <object_component id="oc-4b">
         <name>.text:decompress:ZI:__TI_zero_init</name>
         <load_address>0xf8b8</load_address>
         <run_address>0xf8b8</run_address>
         <size>0x14</size>
         <input_file_ref idref="fl-41"/>
      </object_component>
      <object_component id="oc-1a6">
         <name>.text:memset</name>
         <load_address>0xf8cc</load_address>
         <run_address>0xf8cc</run_address>
         <size>0x14</size>
         <input_file_ref idref="fl-65"/>
      </object_component>
      <object_component id="oc-3c2">
         <name>.text</name>
         <load_address>0xf8e0</load_address>
         <run_address>0xf8e0</run_address>
         <size>0x14</size>
         <input_file_ref idref="fl-68"/>
      </object_component>
      <object_component id="oc-2d1">
         <name>.text:_outc</name>
         <load_address>0xf8f4</load_address>
         <run_address>0xf8f4</run_address>
         <size>0x12</size>
         <input_file_ref idref="fl-6d"/>
      </object_component>
      <object_component id="oc-32">
         <name>.text:decompress:none:__TI_decompress_none</name>
         <load_address>0xf906</load_address>
         <run_address>0xf906</run_address>
         <size>0x12</size>
         <input_file_ref idref="fl-3f"/>
      </object_component>
      <object_component id="oc-3d6">
         <name>.text:l_lsr</name>
         <load_address>0xf918</load_address>
         <run_address>0xf918</run_address>
         <size>0x12</size>
         <input_file_ref idref="fl-62"/>
      </object_component>
      <object_component id="oc-91">
         <name>.text:memcpy</name>
         <load_address>0xf92a</load_address>
         <run_address>0xf92a</run_address>
         <size>0x12</size>
         <input_file_ref idref="fl-64"/>
      </object_component>
      <object_component id="oc-bc">
         <name>.text:USCIAB0RX_ISR</name>
         <load_address>0xf93c</load_address>
         <run_address>0xf93c</run_address>
         <size>0x10</size>
         <input_file_ref idref="fl-5"/>
      </object_component>
      <object_component id="oc-3db">
         <name>.text:l_asr</name>
         <load_address>0xf94c</load_address>
         <run_address>0xf94c</run_address>
         <size>0x10</size>
         <input_file_ref idref="fl-3b"/>
      </object_component>
      <object_component id="oc-3d1">
         <name>.text:l_lsl</name>
         <load_address>0xf95c</load_address>
         <run_address>0xf95c</run_address>
         <size>0x10</size>
         <input_file_ref idref="fl-5f"/>
      </object_component>
      <object_component id="oc-118">
         <name>.text</name>
         <load_address>0xf96c</load_address>
         <run_address>0xf96c</run_address>
         <size>0x10</size>
         <input_file_ref idref="fl-4b"/>
      </object_component>
      <object_component id="oc-21b">
         <name>.text:BME280_reset</name>
         <load_address>0xf97c</load_address>
         <run_address>0xf97c</run_address>
         <size>0xe</size>
         <input_file_ref idref="fl-3"/>
      </object_component>
      <object_component id="oc-36c">
         <name>.text:strlen</name>
         <load_address>0xf98a</load_address>
         <run_address>0xf98a</run_address>
         <size>0xe</size>
         <input_file_ref idref="fl-76"/>
      </object_component>
      <object_component id="oc-155">
         <name>.text:Interrupt_init</name>
         <load_address>0xf998</load_address>
         <run_address>0xf998</run_address>
         <size>0xc</size>
         <input_file_ref idref="fl-2"/>
      </object_component>
      <object_component id="oc-12c">
         <name>.text:TimeDelay_Decrement</name>
         <load_address>0xf9a4</load_address>
         <run_address>0xf9a4</run_address>
         <size>0xc</size>
         <input_file_ref idref="fl-2"/>
      </object_component>
      <object_component id="oc-b0">
         <name>.text:Port_1</name>
         <load_address>0xf9b0</load_address>
         <run_address>0xf9b0</run_address>
         <size>0xa</size>
         <input_file_ref idref="fl-2"/>
      </object_component>
      <object_component id="oc-200">
         <name>.text:TI_USCI_I2C_notready</name>
         <load_address>0xf9ba</load_address>
         <run_address>0xf9ba</run_address>
         <size>0xa</size>
         <input_file_ref idref="fl-5"/>
      </object_component>
      <object_component id="oc-16d">
         <name>.text:adc_init</name>
         <load_address>0xf9c4</load_address>
         <run_address>0xf9c4</run_address>
         <size>0x8</size>
         <input_file_ref idref="fl-6"/>
      </object_component>
      <object_component id="oc-185">
         <name>.text:LED_RED_TOGGLE</name>
         <load_address>0xf9cc</load_address>
         <run_address>0xf9cc</run_address>
         <size>0x6</size>
         <input_file_ref idref="fl-2"/>
      </object_component>
      <object_component id="oc-ab">
         <name>.text:_isr:__TI_ISR_TRAP</name>
         <load_address>0xf9d2</load_address>
         <run_address>0xf9d2</run_address>
         <size>0x6</size>
         <input_file_ref idref="fl-5c"/>
      </object_component>
      <object_component id="oc-38">
         <name>.text:decompress:rle24:__TI_decompress_rle24</name>
         <load_address>0xf9d8</load_address>
         <run_address>0xf9d8</run_address>
         <size>0x6</size>
         <input_file_ref idref="fl-40"/>
      </object_component>
      <object_component id="oc-cf">
         <name>.text:_system_pre_init</name>
         <load_address>0xf9de</load_address>
         <run_address>0xf9de</run_address>
         <size>0x4</size>
         <input_file_ref idref="fl-6b"/>
      </object_component>
      <object_component id="oc-f7">
         <name>.text:abort</name>
         <load_address>0xf9e2</load_address>
         <run_address>0xf9e2</run_address>
         <size>0x4</size>
         <input_file_ref idref="fl-4c"/>
      </object_component>
      <object_component id="oc-173">
         <name>.text:temp_sensor_init</name>
         <load_address>0xf9e6</load_address>
         <run_address>0xf9e6</run_address>
         <size>0x2</size>
         <input_file_ref idref="fl-4"/>
      </object_component>
      <object_component id="oc-480">
         <name>__TI_handler_table</name>
         <load_address>0xfdb0</load_address>
         <run_address>0xfdb0</run_address>
         <size>0x6</size>
      </object_component>
      <object_component id="oc-483">
         <name>.cinit..data.load</name>
         <load_address>0xfdb6</load_address>
         <run_address>0xfdb6</run_address>
         <size>0x5</size>
      </object_component>
      <object_component id="oc-482">
         <name>.cinit..bss.load</name>
         <load_address>0xfdbc</load_address>
         <run_address>0xfdbc</run_address>
         <size>0x4</size>
      </object_component>
      <object_component id="oc-481">
         <name>__TI_cinit_table</name>
         <load_address>0xfdc0</load_address>
         <run_address>0xfdc0</run_address>
         <size>0x8</size>
      </object_component>
      <object_component id="oc-2c6">
         <name>.const:.string:font_table</name>
         <load_address>0xf9e8</load_address>
         <run_address>0xf9e8</run_address>
         <size>0x318</size>
         <input_file_ref idref="fl-8"/>
      </object_component>
      <object_component id="oc-2c3">
         <name>.const:.string:offset</name>
         <load_address>0xfd00</load_address>
         <run_address>0xfd00</run_address>
         <size>0x5f</size>
         <input_file_ref idref="fl-9"/>
      </object_component>
      <object_component id="oc-1ac">
         <name>.const:.string</name>
         <load_address>0xfd60</load_address>
         <run_address>0xfd60</run_address>
         <size>0x3c</size>
         <input_file_ref idref="fl-2"/>
      </object_component>
      <object_component id="oc-3f0">
         <name>.const:.string</name>
         <load_address>0xfd9c</load_address>
         <run_address>0xfd9c</run_address>
         <size>0x14</size>
         <input_file_ref idref="fl-70"/>
      </object_component>
      <object_component id="oc-3e">
         <name>.int00</name>
         <load_address>0xffe0</load_address>
         <run_address>0xffe0</run_address>
         <size>0x2</size>
         <input_file_ref idref="fl-53"/>
      </object_component>
      <object_component id="oc-3f">
         <name>.int02</name>
         <load_address>0xffe4</load_address>
         <run_address>0xffe4</run_address>
         <size>0x2</size>
         <input_file_ref idref="fl-2"/>
      </object_component>
      <object_component id="oc-40">
         <name>.int03</name>
         <load_address>0xffe6</load_address>
         <run_address>0xffe6</run_address>
         <size>0x2</size>
         <input_file_ref idref="fl-54"/>
      </object_component>
      <object_component id="oc-41">
         <name>.int05</name>
         <load_address>0xffea</load_address>
         <run_address>0xffea</run_address>
         <size>0x2</size>
         <input_file_ref idref="fl-55"/>
      </object_component>
      <object_component id="oc-42">
         <name>.int06</name>
         <load_address>0xffec</load_address>
         <run_address>0xffec</run_address>
         <size>0x2</size>
         <input_file_ref idref="fl-5"/>
      </object_component>
      <object_component id="oc-43">
         <name>.int07</name>
         <load_address>0xffee</load_address>
         <run_address>0xffee</run_address>
         <size>0x2</size>
         <input_file_ref idref="fl-5"/>
      </object_component>
      <object_component id="oc-44">
         <name>.int08</name>
         <load_address>0xfff0</load_address>
         <run_address>0xfff0</run_address>
         <size>0x2</size>
         <input_file_ref idref="fl-56"/>
      </object_component>
      <object_component id="oc-45">
         <name>.int09</name>
         <load_address>0xfff2</load_address>
         <run_address>0xfff2</run_address>
         <size>0x2</size>
         <input_file_ref idref="fl-2"/>
      </object_component>
      <object_component id="oc-46">
         <name>.int10</name>
         <load_address>0xfff4</load_address>
         <run_address>0xfff4</run_address>
         <size>0x2</size>
         <input_file_ref idref="fl-57"/>
      </object_component>
      <object_component id="oc-47">
         <name>.int11</name>
         <load_address>0xfff6</load_address>
         <run_address>0xfff6</run_address>
         <size>0x2</size>
         <input_file_ref idref="fl-58"/>
      </object_component>
      <object_component id="oc-48">
         <name>.int12</name>
         <load_address>0xfff8</load_address>
         <run_address>0xfff8</run_address>
         <size>0x2</size>
         <input_file_ref idref="fl-59"/>
      </object_component>
      <object_component id="oc-49">
         <name>.int13</name>
         <load_address>0xfffa</load_address>
         <run_address>0xfffa</run_address>
         <size>0x2</size>
         <input_file_ref idref="fl-5a"/>
      </object_component>
      <object_component id="oc-4a">
         <name>.int14</name>
         <load_address>0xfffc</load_address>
         <run_address>0xfffc</run_address>
         <size>0x2</size>
         <input_file_ref idref="fl-5b"/>
      </object_component>
      <object_component id="oc-90">
         <name>.reset</name>
         <load_address>0xfffe</load_address>
         <run_address>0xfffe</run_address>
         <size>0x2</size>
         <input_file_ref idref="fl-3d"/>
      </object_component>
      <object_component id="oc-126">
         <name>.data</name>
         <load_address>0x22f</load_address>
         <run_address>0x22f</run_address>
         <size>0x1</size>
         <input_file_ref idref="fl-5"/>
      </object_component>
      <object_component id="oc-1ca">
         <name>.debug_info</name>
         <load_address>0x0</load_address>
         <run_address>0x0</run_address>
         <size>0x4f4</size>
         <input_file_ref idref="fl-2"/>
      </object_component>
      <object_component id="oc-f0">
         <name>.debug_info</name>
         <load_address>0x4f4</load_address>
         <run_address>0x4f4</run_address>
         <size>0x468</size>
         <input_file_ref idref="fl-2"/>
      </object_component>
      <object_component id="oc-15c">
         <name>.debug_info</name>
         <load_address>0x95c</load_address>
         <run_address>0x95c</run_address>
         <size>0x125</size>
         <input_file_ref idref="fl-2"/>
      </object_component>
      <object_component id="oc-12d">
         <name>.debug_info</name>
         <load_address>0xa81</load_address>
         <run_address>0xa81</run_address>
         <size>0x114</size>
         <input_file_ref idref="fl-2"/>
      </object_component>
      <object_component id="oc-150">
         <name>.debug_info</name>
         <load_address>0xb95</load_address>
         <run_address>0xb95</run_address>
         <size>0x100</size>
         <input_file_ref idref="fl-2"/>
      </object_component>
      <object_component id="oc-14a">
         <name>.debug_info</name>
         <load_address>0xc95</load_address>
         <run_address>0xc95</run_address>
         <size>0x104</size>
         <input_file_ref idref="fl-2"/>
      </object_component>
      <object_component id="oc-156">
         <name>.debug_info</name>
         <load_address>0xd99</load_address>
         <run_address>0xd99</run_address>
         <size>0x10a</size>
         <input_file_ref idref="fl-2"/>
      </object_component>
      <object_component id="oc-186">
         <name>.debug_info</name>
         <load_address>0xea3</load_address>
         <run_address>0xea3</run_address>
         <size>0x10a</size>
         <input_file_ref idref="fl-2"/>
      </object_component>
      <object_component id="oc-c3">
         <name>.debug_info</name>
         <load_address>0xfad</load_address>
         <run_address>0xfad</run_address>
         <size>0x117</size>
         <input_file_ref idref="fl-2"/>
      </object_component>
      <object_component id="oc-b1">
         <name>.debug_info</name>
         <load_address>0x10c4</load_address>
         <run_address>0x10c4</run_address>
         <size>0xfb</size>
         <input_file_ref idref="fl-2"/>
      </object_component>
      <object_component id="oc-1c5">
         <name>.debug_info</name>
         <load_address>0x11bf</load_address>
         <run_address>0x11bf</run_address>
         <size>0x291</size>
         <input_file_ref idref="fl-2"/>
      </object_component>
      <object_component id="oc-105">
         <name>.debug_info</name>
         <load_address>0x1450</load_address>
         <run_address>0x1450</run_address>
         <size>0x84</size>
         <input_file_ref idref="fl-2"/>
      </object_component>
      <object_component id="oc-20d">
         <name>.debug_info</name>
         <load_address>0x14d4</load_address>
         <run_address>0x14d4</run_address>
         <size>0x18b</size>
         <input_file_ref idref="fl-2"/>
      </object_component>
      <object_component id="oc-380">
         <name>.debug_info</name>
         <load_address>0x165f</load_address>
         <run_address>0x165f</run_address>
         <size>0x2c</size>
         <input_file_ref idref="fl-2"/>
      </object_component>
      <object_component id="oc-213">
         <name>.debug_info</name>
         <load_address>0x168b</load_address>
         <run_address>0x168b</run_address>
         <size>0x252</size>
         <input_file_ref idref="fl-3"/>
      </object_component>
      <object_component id="oc-168">
         <name>.debug_info</name>
         <load_address>0x18dd</load_address>
         <run_address>0x18dd</run_address>
         <size>0x1e0</size>
         <input_file_ref idref="fl-3"/>
      </object_component>
      <object_component id="oc-21c">
         <name>.debug_info</name>
         <load_address>0x1abd</load_address>
         <run_address>0x1abd</run_address>
         <size>0x13a</size>
         <input_file_ref idref="fl-3"/>
      </object_component>
      <object_component id="oc-18c">
         <name>.debug_info</name>
         <load_address>0x1bf7</load_address>
         <run_address>0x1bf7</run_address>
         <size>0x436</size>
         <input_file_ref idref="fl-3"/>
      </object_component>
      <object_component id="oc-216">
         <name>.debug_info</name>
         <load_address>0x202d</load_address>
         <run_address>0x202d</run_address>
         <size>0x166</size>
         <input_file_ref idref="fl-3"/>
      </object_component>
      <object_component id="oc-222">
         <name>.debug_info</name>
         <load_address>0x2193</load_address>
         <run_address>0x2193</run_address>
         <size>0x18d</size>
         <input_file_ref idref="fl-3"/>
      </object_component>
      <object_component id="oc-24c">
         <name>.debug_info</name>
         <load_address>0x2320</load_address>
         <run_address>0x2320</run_address>
         <size>0x1d5</size>
         <input_file_ref idref="fl-3"/>
      </object_component>
      <object_component id="oc-228">
         <name>.debug_info</name>
         <load_address>0x24f5</load_address>
         <run_address>0x24f5</run_address>
         <size>0x21a</size>
         <input_file_ref idref="fl-3"/>
      </object_component>
      <object_component id="oc-25c">
         <name>.debug_info</name>
         <load_address>0x270f</load_address>
         <run_address>0x270f</run_address>
         <size>0x289</size>
         <input_file_ref idref="fl-3"/>
      </object_component>
      <object_component id="oc-262">
         <name>.debug_info</name>
         <load_address>0x2998</load_address>
         <run_address>0x2998</run_address>
         <size>0x395</size>
         <input_file_ref idref="fl-3"/>
      </object_component>
      <object_component id="oc-268">
         <name>.debug_info</name>
         <load_address>0x2d2d</load_address>
         <run_address>0x2d2d</run_address>
         <size>0x339</size>
         <input_file_ref idref="fl-3"/>
      </object_component>
      <object_component id="oc-2b3">
         <name>.debug_info</name>
         <load_address>0x3066</load_address>
         <run_address>0x3066</run_address>
         <size>0x18f</size>
         <input_file_ref idref="fl-4"/>
      </object_component>
      <object_component id="oc-175">
         <name>.debug_info</name>
         <load_address>0x31f5</load_address>
         <run_address>0x31f5</run_address>
         <size>0x13b</size>
         <input_file_ref idref="fl-4"/>
      </object_component>
      <object_component id="oc-194">
         <name>.debug_info</name>
         <load_address>0x3330</load_address>
         <run_address>0x3330</run_address>
         <size>0x319</size>
         <input_file_ref idref="fl-4"/>
      </object_component>
      <object_component id="oc-284">
         <name>.debug_info</name>
         <load_address>0x3649</load_address>
         <run_address>0x3649</run_address>
         <size>0x1dd</size>
         <input_file_ref idref="fl-4"/>
      </object_component>
      <object_component id="oc-123">
         <name>.debug_info</name>
         <load_address>0x3826</load_address>
         <run_address>0x3826</run_address>
         <size>0x38e</size>
         <input_file_ref idref="fl-5"/>
      </object_component>
      <object_component id="oc-127">
         <name>.debug_info</name>
         <load_address>0x3bb4</load_address>
         <run_address>0x3bb4</run_address>
         <size>0xfb</size>
         <input_file_ref idref="fl-5"/>
      </object_component>
      <object_component id="oc-39c">
         <name>.debug_info</name>
         <load_address>0x3caf</load_address>
         <run_address>0x3caf</run_address>
         <size>0x1db</size>
         <input_file_ref idref="fl-5"/>
      </object_component>
      <object_component id="oc-1fc">
         <name>.debug_info</name>
         <load_address>0x3e8a</load_address>
         <run_address>0x3e8a</run_address>
         <size>0x1dd</size>
         <input_file_ref idref="fl-5"/>
      </object_component>
      <object_component id="oc-3a0">
         <name>.debug_info</name>
         <load_address>0x4067</load_address>
         <run_address>0x4067</run_address>
         <size>0x1b7</size>
         <input_file_ref idref="fl-5"/>
      </object_component>
      <object_component id="oc-394">
         <name>.debug_info</name>
         <load_address>0x421e</load_address>
         <run_address>0x421e</run_address>
         <size>0x1b9</size>
         <input_file_ref idref="fl-5"/>
      </object_component>
      <object_component id="oc-208">
         <name>.debug_info</name>
         <load_address>0x43d7</load_address>
         <run_address>0x43d7</run_address>
         <size>0x226</size>
         <input_file_ref idref="fl-5"/>
      </object_component>
      <object_component id="oc-202">
         <name>.debug_info</name>
         <load_address>0x45fd</load_address>
         <run_address>0x45fd</run_address>
         <size>0x15f</size>
         <input_file_ref idref="fl-5"/>
      </object_component>
      <object_component id="oc-bd">
         <name>.debug_info</name>
         <load_address>0x475c</load_address>
         <run_address>0x475c</run_address>
         <size>0x14e</size>
         <input_file_ref idref="fl-5"/>
      </object_component>
      <object_component id="oc-b8">
         <name>.debug_info</name>
         <load_address>0x48aa</load_address>
         <run_address>0x48aa</run_address>
         <size>0x14f</size>
         <input_file_ref idref="fl-5"/>
      </object_component>
      <object_component id="oc-3be">
         <name>.debug_info</name>
         <load_address>0x49f9</load_address>
         <run_address>0x49f9</run_address>
         <size>0x1bc</size>
         <input_file_ref idref="fl-6"/>
      </object_component>
      <object_component id="oc-328">
         <name>.debug_info</name>
         <load_address>0x4bb5</load_address>
         <run_address>0x4bb5</run_address>
         <size>0x15c</size>
         <input_file_ref idref="fl-6"/>
      </object_component>
      <object_component id="oc-16e">
         <name>.debug_info</name>
         <load_address>0x4d11</load_address>
         <run_address>0x4d11</run_address>
         <size>0x116</size>
         <input_file_ref idref="fl-6"/>
      </object_component>
      <object_component id="oc-27e">
         <name>.debug_info</name>
         <load_address>0x4e27</load_address>
         <run_address>0x4e27</run_address>
         <size>0x1a0</size>
         <input_file_ref idref="fl-6"/>
      </object_component>
      <object_component id="oc-398">
         <name>.debug_info</name>
         <load_address>0x4fc7</load_address>
         <run_address>0x4fc7</run_address>
         <size>0x33c</size>
         <input_file_ref idref="fl-7"/>
      </object_component>
      <object_component id="oc-162">
         <name>.debug_info</name>
         <load_address>0x5303</load_address>
         <run_address>0x5303</run_address>
         <size>0x1af</size>
         <input_file_ref idref="fl-7"/>
      </object_component>
      <object_component id="oc-2f0">
         <name>.debug_info</name>
         <load_address>0x54b2</load_address>
         <run_address>0x54b2</run_address>
         <size>0x209</size>
         <input_file_ref idref="fl-7"/>
      </object_component>
      <object_component id="oc-2fd">
         <name>.debug_info</name>
         <load_address>0x56bb</load_address>
         <run_address>0x56bb</run_address>
         <size>0x2b2</size>
         <input_file_ref idref="fl-7"/>
      </object_component>
      <object_component id="oc-367">
         <name>.debug_info</name>
         <load_address>0x596d</load_address>
         <run_address>0x596d</run_address>
         <size>0xdc</size>
         <input_file_ref idref="fl-8"/>
      </object_component>
      <object_component id="oc-2c7">
         <name>.debug_info</name>
         <load_address>0x5a49</load_address>
         <run_address>0x5a49</run_address>
         <size>0xe6</size>
         <input_file_ref idref="fl-8"/>
      </object_component>
      <object_component id="oc-364">
         <name>.debug_info</name>
         <load_address>0x5b2f</load_address>
         <run_address>0x5b2f</run_address>
         <size>0xd6</size>
         <input_file_ref idref="fl-9"/>
      </object_component>
      <object_component id="oc-2c4">
         <name>.debug_info</name>
         <load_address>0x5c05</load_address>
         <run_address>0x5c05</run_address>
         <size>0xda</size>
         <input_file_ref idref="fl-9"/>
      </object_component>
      <object_component id="oc-2ca">
         <name>.debug_info</name>
         <load_address>0x5cdf</load_address>
         <run_address>0x5cdf</run_address>
         <size>0x1d0</size>
         <input_file_ref idref="fl-a"/>
      </object_component>
      <object_component id="oc-17a">
         <name>.debug_info</name>
         <load_address>0x5eaf</load_address>
         <run_address>0x5eaf</run_address>
         <size>0x281</size>
         <input_file_ref idref="fl-a"/>
      </object_component>
      <object_component id="oc-181">
         <name>.debug_info</name>
         <load_address>0x6130</load_address>
         <run_address>0x6130</run_address>
         <size>0x1a6</size>
         <input_file_ref idref="fl-a"/>
      </object_component>
      <object_component id="oc-1ae">
         <name>.debug_info</name>
         <load_address>0x62d6</load_address>
         <run_address>0x62d6</run_address>
         <size>0x2fd</size>
         <input_file_ref idref="fl-a"/>
      </object_component>
      <object_component id="oc-1ba">
         <name>.debug_info</name>
         <load_address>0x65d3</load_address>
         <run_address>0x65d3</run_address>
         <size>0x336</size>
         <input_file_ref idref="fl-a"/>
      </object_component>
      <object_component id="oc-231">
         <name>.debug_info</name>
         <load_address>0x6909</load_address>
         <run_address>0x6909</run_address>
         <size>0x18a</size>
         <input_file_ref idref="fl-a"/>
      </object_component>
      <object_component id="oc-244">
         <name>.debug_info</name>
         <load_address>0x6a93</load_address>
         <run_address>0x6a93</run_address>
         <size>0x190</size>
         <input_file_ref idref="fl-a"/>
      </object_component>
      <object_component id="oc-23e">
         <name>.debug_info</name>
         <load_address>0x6c23</load_address>
         <run_address>0x6c23</run_address>
         <size>0x189</size>
         <input_file_ref idref="fl-a"/>
      </object_component>
      <object_component id="oc-239">
         <name>.debug_info</name>
         <load_address>0x6dac</load_address>
         <run_address>0x6dac</run_address>
         <size>0x1d4</size>
         <input_file_ref idref="fl-a"/>
      </object_component>
      <object_component id="oc-35b">
         <name>.debug_info</name>
         <load_address>0x6f80</load_address>
         <run_address>0x6f80</run_address>
         <size>0x173</size>
         <input_file_ref idref="fl-39"/>
      </object_component>
      <object_component id="oc-2ad">
         <name>.debug_info</name>
         <load_address>0x70f3</load_address>
         <run_address>0x70f3</run_address>
         <size>0x234</size>
         <input_file_ref idref="fl-39"/>
      </object_component>
      <object_component id="oc-344">
         <name>.debug_info</name>
         <load_address>0x7327</load_address>
         <run_address>0x7327</run_address>
         <size>0x94</size>
         <input_file_ref idref="fl-39"/>
      </object_component>
      <object_component id="oc-252">
         <name>.debug_info</name>
         <load_address>0x73bb</load_address>
         <run_address>0x73bb</run_address>
         <size>0xfd</size>
         <input_file_ref idref="fl-3a"/>
      </object_component>
      <object_component id="oc-3dc">
         <name>.debug_info</name>
         <load_address>0x74b8</load_address>
         <run_address>0x74b8</run_address>
         <size>0xfd</size>
         <input_file_ref idref="fl-3b"/>
      </object_component>
      <object_component id="oc-308">
         <name>.debug_info</name>
         <load_address>0x75b5</load_address>
         <run_address>0x75b5</run_address>
         <size>0x103</size>
         <input_file_ref idref="fl-3b"/>
      </object_component>
      <object_component id="oc-317">
         <name>.debug_info</name>
         <load_address>0x76b8</load_address>
         <run_address>0x76b8</run_address>
         <size>0x169</size>
         <input_file_ref idref="fl-3c"/>
      </object_component>
      <object_component id="oc-8e">
         <name>.debug_info</name>
         <load_address>0x7821</load_address>
         <run_address>0x7821</run_address>
         <size>0xd6</size>
         <input_file_ref idref="fl-3d"/>
      </object_component>
      <object_component id="oc-6a">
         <name>.debug_info</name>
         <load_address>0x78f7</load_address>
         <run_address>0x78f7</run_address>
         <size>0x177</size>
         <input_file_ref idref="fl-3e"/>
      </object_component>
      <object_component id="oc-9d">
         <name>.debug_info</name>
         <load_address>0x7a6e</load_address>
         <run_address>0x7a6e</run_address>
         <size>0x193</size>
         <input_file_ref idref="fl-3f"/>
      </object_component>
      <object_component id="oc-36">
         <name>.debug_info</name>
         <load_address>0x7c01</load_address>
         <run_address>0x7c01</run_address>
         <size>0x1c0</size>
         <input_file_ref idref="fl-3f"/>
      </object_component>
      <object_component id="oc-98">
         <name>.debug_info</name>
         <load_address>0x7dc1</load_address>
         <run_address>0x7dc1</run_address>
         <size>0x46</size>
         <input_file_ref idref="fl-3f"/>
      </object_component>
      <object_component id="oc-111">
         <name>.debug_info</name>
         <load_address>0x7e07</load_address>
         <run_address>0x7e07</run_address>
         <size>0x2c</size>
         <input_file_ref idref="fl-3f"/>
      </object_component>
      <object_component id="oc-a5">
         <name>.debug_info</name>
         <load_address>0x7e33</load_address>
         <run_address>0x7e33</run_address>
         <size>0x155</size>
         <input_file_ref idref="fl-40"/>
      </object_component>
      <object_component id="oc-a1">
         <name>.debug_info</name>
         <load_address>0x7f88</load_address>
         <run_address>0x7f88</run_address>
         <size>0x21b</size>
         <input_file_ref idref="fl-40"/>
      </object_component>
      <object_component id="oc-3b">
         <name>.debug_info</name>
         <load_address>0x81a3</load_address>
         <run_address>0x81a3</run_address>
         <size>0x192</size>
         <input_file_ref idref="fl-40"/>
      </object_component>
      <object_component id="oc-a6">
         <name>.debug_info</name>
         <load_address>0x8335</load_address>
         <run_address>0x8335</run_address>
         <size>0x39</size>
         <input_file_ref idref="fl-40"/>
      </object_component>
      <object_component id="oc-ce">
         <name>.debug_info</name>
         <load_address>0x836e</load_address>
         <run_address>0x836e</run_address>
         <size>0x14b</size>
         <input_file_ref idref="fl-41"/>
      </object_component>
      <object_component id="oc-4e">
         <name>.debug_info</name>
         <load_address>0x84b9</load_address>
         <run_address>0x84b9</run_address>
         <size>0x196</size>
         <input_file_ref idref="fl-41"/>
      </object_component>
      <object_component id="oc-c9">
         <name>.debug_info</name>
         <load_address>0x864f</load_address>
         <run_address>0x864f</run_address>
         <size>0x46</size>
         <input_file_ref idref="fl-41"/>
      </object_component>
      <object_component id="oc-10c">
         <name>.debug_info</name>
         <load_address>0x8695</load_address>
         <run_address>0x8695</run_address>
         <size>0x2c</size>
         <input_file_ref idref="fl-41"/>
      </object_component>
      <object_component id="oc-352">
         <name>.debug_info</name>
         <load_address>0x86c1</load_address>
         <run_address>0x86c1</run_address>
         <size>0x131</size>
         <input_file_ref idref="fl-42"/>
      </object_component>
      <object_component id="oc-2a1">
         <name>.debug_info</name>
         <load_address>0x87f2</load_address>
         <run_address>0x87f2</run_address>
         <size>0x1ae</size>
         <input_file_ref idref="fl-42"/>
      </object_component>
      <object_component id="oc-332">
         <name>.debug_info</name>
         <load_address>0x89a0</load_address>
         <run_address>0x89a0</run_address>
         <size>0xdb</size>
         <input_file_ref idref="fl-42"/>
      </object_component>
      <object_component id="oc-331">
         <name>.debug_info</name>
         <load_address>0x8a7b</load_address>
         <run_address>0x8a7b</run_address>
         <size>0x154</size>
         <input_file_ref idref="fl-43"/>
      </object_component>
      <object_component id="oc-28f">
         <name>.debug_info</name>
         <load_address>0x8bcf</load_address>
         <run_address>0x8bcf</run_address>
         <size>0x1a5</size>
         <input_file_ref idref="fl-43"/>
      </object_component>
      <object_component id="oc-1a4">
         <name>.debug_info</name>
         <load_address>0x8d74</load_address>
         <run_address>0x8d74</run_address>
         <size>0x112</size>
         <input_file_ref idref="fl-44"/>
      </object_component>
      <object_component id="oc-2b7">
         <name>.debug_info</name>
         <load_address>0x8e86</load_address>
         <run_address>0x8e86</run_address>
         <size>0xfe</size>
         <input_file_ref idref="fl-45"/>
      </object_component>
      <object_component id="oc-26e">
         <name>.debug_info</name>
         <load_address>0x8f84</load_address>
         <run_address>0x8f84</run_address>
         <size>0x115</size>
         <input_file_ref idref="fl-46"/>
      </object_component>
      <object_component id="oc-1c1">
         <name>.debug_info</name>
         <load_address>0x9099</load_address>
         <run_address>0x9099</run_address>
         <size>0x100</size>
         <input_file_ref idref="fl-47"/>
      </object_component>
      <object_component id="oc-3bc">
         <name>.debug_info</name>
         <load_address>0x9199</load_address>
         <run_address>0x9199</run_address>
         <size>0x188</size>
         <input_file_ref idref="fl-48"/>
      </object_component>
      <object_component id="oc-31d">
         <name>.debug_info</name>
         <load_address>0x9321</load_address>
         <run_address>0x9321</run_address>
         <size>0x1c9</size>
         <input_file_ref idref="fl-48"/>
      </object_component>
      <object_component id="oc-414">
         <name>.debug_info</name>
         <load_address>0x94ea</load_address>
         <run_address>0x94ea</run_address>
         <size>0x132</size>
         <input_file_ref idref="fl-49"/>
      </object_component>
      <object_component id="oc-3b7">
         <name>.debug_info</name>
         <load_address>0x961c</load_address>
         <run_address>0x961c</run_address>
         <size>0x304</size>
         <input_file_ref idref="fl-49"/>
      </object_component>
      <object_component id="oc-343">
         <name>.debug_info</name>
         <load_address>0x9920</load_address>
         <run_address>0x9920</run_address>
         <size>0x16e</size>
         <input_file_ref idref="fl-4a"/>
      </object_component>
      <object_component id="oc-297">
         <name>.debug_info</name>
         <load_address>0x9a8e</load_address>
         <run_address>0x9a8e</run_address>
         <size>0x260</size>
         <input_file_ref idref="fl-4a"/>
      </object_component>
      <object_component id="oc-119">
         <name>.debug_info</name>
         <load_address>0x9cee</load_address>
         <run_address>0x9cee</run_address>
         <size>0x10b</size>
         <input_file_ref idref="fl-4b"/>
      </object_component>
      <object_component id="oc-f8">
         <name>.debug_info</name>
         <load_address>0x9df9</load_address>
         <run_address>0x9df9</run_address>
         <size>0xf8</size>
         <input_file_ref idref="fl-4c"/>
      </object_component>
      <object_component id="oc-3e7">
         <name>.debug_info</name>
         <load_address>0x9ef1</load_address>
         <run_address>0x9ef1</run_address>
         <size>0x167</size>
         <input_file_ref idref="fl-4e"/>
      </object_component>
      <object_component id="oc-355">
         <name>.debug_info</name>
         <load_address>0xa058</load_address>
         <run_address>0xa058</run_address>
         <size>0x2ff</size>
         <input_file_ref idref="fl-4e"/>
      </object_component>
      <object_component id="oc-3c8">
         <name>.debug_info</name>
         <load_address>0xa357</load_address>
         <run_address>0xa357</run_address>
         <size>0x139</size>
         <input_file_ref idref="fl-4f"/>
      </object_component>
      <object_component id="oc-33e">
         <name>.debug_info</name>
         <load_address>0xa490</load_address>
         <run_address>0xa490</run_address>
         <size>0x5bf</size>
         <input_file_ref idref="fl-4f"/>
      </object_component>
      <object_component id="oc-19d">
         <name>.debug_info</name>
         <load_address>0xaa4f</load_address>
         <run_address>0xaa4f</run_address>
         <size>0xfe</size>
         <input_file_ref idref="fl-50"/>
      </object_component>
      <object_component id="oc-19a">
         <name>.debug_info</name>
         <load_address>0xab4d</load_address>
         <run_address>0xab4d</run_address>
         <size>0x112</size>
         <input_file_ref idref="fl-51"/>
      </object_component>
      <object_component id="oc-28c">
         <name>.debug_info</name>
         <load_address>0xac5f</load_address>
         <run_address>0xac5f</run_address>
         <size>0x101</size>
         <input_file_ref idref="fl-52"/>
      </object_component>
      <object_component id="oc-ad">
         <name>.debug_info</name>
         <load_address>0xad60</load_address>
         <run_address>0xad60</run_address>
         <size>0xec</size>
         <input_file_ref idref="fl-5c"/>
      </object_component>
      <object_component id="oc-3b0">
         <name>.debug_info</name>
         <load_address>0xae4c</load_address>
         <run_address>0xae4c</run_address>
         <size>0x115</size>
         <input_file_ref idref="fl-5d"/>
      </object_component>
      <object_component id="oc-408">
         <name>.debug_info</name>
         <load_address>0xaf61</load_address>
         <run_address>0xaf61</run_address>
         <size>0x2d</size>
         <input_file_ref idref="fl-5d"/>
      </object_component>
      <object_component id="oc-2bf">
         <name>.debug_info</name>
         <load_address>0xaf8e</load_address>
         <run_address>0xaf8e</run_address>
         <size>0xfd</size>
         <input_file_ref idref="fl-5e"/>
      </object_component>
      <object_component id="oc-3d3">
         <name>.debug_info</name>
         <load_address>0xb08b</load_address>
         <run_address>0xb08b</run_address>
         <size>0xfd</size>
         <input_file_ref idref="fl-5f"/>
      </object_component>
      <object_component id="oc-257">
         <name>.debug_info</name>
         <load_address>0xb188</load_address>
         <run_address>0xb188</run_address>
         <size>0x103</size>
         <input_file_ref idref="fl-5f"/>
      </object_component>
      <object_component id="oc-314">
         <name>.debug_info</name>
         <load_address>0xb28b</load_address>
         <run_address>0xb28b</run_address>
         <size>0x169</size>
         <input_file_ref idref="fl-60"/>
      </object_component>
      <object_component id="oc-339">
         <name>.debug_info</name>
         <load_address>0xb3f4</load_address>
         <run_address>0xb3f4</run_address>
         <size>0xfd</size>
         <input_file_ref idref="fl-61"/>
      </object_component>
      <object_component id="oc-3d8">
         <name>.debug_info</name>
         <load_address>0xb4f1</load_address>
         <run_address>0xb4f1</run_address>
         <size>0xfd</size>
         <input_file_ref idref="fl-62"/>
      </object_component>
      <object_component id="oc-27a">
         <name>.debug_info</name>
         <load_address>0xb5ee</load_address>
         <run_address>0xb5ee</run_address>
         <size>0x103</size>
         <input_file_ref idref="fl-62"/>
      </object_component>
      <object_component id="oc-411">
         <name>.debug_info</name>
         <load_address>0xb6f1</load_address>
         <run_address>0xb6f1</run_address>
         <size>0x169</size>
         <input_file_ref idref="fl-63"/>
      </object_component>
      <object_component id="oc-10b">
         <name>.debug_info</name>
         <load_address>0xb85a</load_address>
         <run_address>0xb85a</run_address>
         <size>0x14e</size>
         <input_file_ref idref="fl-64"/>
      </object_component>
[...]
         <value>0xeb9c</value>
         <object_component_ref idref="oc-2a0"/>
      </symbol>
      <symbol id="sm-395">
         <name>__mspabi_cvtfd</name>
         <value>0xec96</value>
         <object_component_ref idref="oc-28e"/>
      </symbol>
      <symbol id="sm-3a1">
         <name>__mspabi_remi</name>
         <value>0xf614</value>
         <object_component_ref idref="oc-1a1"/>
      </symbol>
      <symbol id="sm-3a2">
         <name>__mspabi_divi</name>
         <value>0xf614</value>
         <object_component_ref idref="oc-1a1"/>
      </symbol>
      <symbol id="sm-3ac">
         <name>__mspabi_remu</name>
         <value>0xf8a2</value>
         <object_component_ref idref="oc-2b6"/>
      </symbol>
      <symbol id="sm-3ad">
         <name>__mspabi_divu</name>
         <value>0xf8a2</value>
         <object_component_ref idref="oc-2b6"/>
      </symbol>
      <symbol id="sm-3ba">
         <name>__mspabi_remli</name>
         <value>0xf370</value>
         <object_component_ref idref="oc-26d"/>
      </symbol>
      <symbol id="sm-3bb">
         <name>__mspabi_divli</name>
         <value>0xf370</value>
         <object_component_ref idref="oc-26d"/>
      </symbol>
      <symbol id="sm-3ca">
         <name>__mspabi_remul</name>
         <value>0xef46</value>
         <object_component_ref idref="oc-1bf"/>
      </symbol>
      <symbol id="sm-3cb">
         <name>__mspabi_divul</name>
         <value>0xef46</value>
         <object_component_ref idref="oc-1bf"/>
      </symbol>
      <symbol id="sm-3e3">
         <name>__mspabi_divlli</name>
         <value>0xe014</value>
         <object_component_ref idref="oc-31c"/>
      </symbol>
      <symbol id="sm-415">
         <name>__mspabi_divull</name>
         <value>0xc820</value>
         <object_component_ref idref="oc-3b5"/>
      </symbol>
      <symbol id="sm-436">
         <name>__mspabi_divd</name>
         <value>0xd934</value>
         <object_component_ref idref="oc-294"/>
      </symbol>
      <symbol id="sm-43f">
         <name>__mspabi_func_epilog_2</name>
         <value>0xf976</value>
         <object_component_ref idref="oc-118"/>
      </symbol>
      <symbol id="sm-440">
         <name>__mspabi_func_epilog_3</name>
         <value>0xf974</value>
         <object_component_ref idref="oc-118"/>
      </symbol>
      <symbol id="sm-441">
         <name>__mspabi_func_epilog_1</name>
         <value>0xf978</value>
         <object_component_ref idref="oc-118"/>
      </symbol>
      <symbol id="sm-442">
         <name>__mspabi_func_epilog_6</name>
         <value>0xf96e</value>
         <object_component_ref idref="oc-118"/>
      </symbol>
      <symbol id="sm-443">
         <name>__mspabi_func_epilog_7</name>
         <value>0xf96c</value>
         <object_component_ref idref="oc-118"/>
      </symbol>
      <symbol id="sm-444">
         <name>__mspabi_func_epilog_4</name>
         <value>0xf972</value>
         <object_component_ref idref="oc-118"/>
      </symbol>
      <symbol id="sm-445">
         <name>__mspabi_func_epilog_5</name>
         <value>0xf970</value>
         <object_component_ref idref="oc-118"/>
      </symbol>
      <symbol id="sm-450">
         <name>C$$EXIT</name>
         <value>0xf9e2</value>
         <object_component_ref idref="oc-f7"/>
      </symbol>
      <symbol id="sm-451">
         <name>abort</name>
         <value>0xf9e2</value>
         <object_component_ref idref="oc-f7"/>
      </symbol>
      <symbol id="sm-473">
         <name>__TI_frcaddd</name>
         <value>0xd6d4</value>
         <object_component_ref idref="oc-354"/>
      </symbol>
      <symbol id="sm-48e">
         <name>__TI_frcdivd</name>
         <value>0xc000</value>
         <object_component_ref idref="oc-33c"/>
      </symbol>
      <symbol id="sm-4b4">
         <name>__mspabi_mpyf</name>
         <value>0xe8cc</value>
         <object_component_ref idref="oc-19c"/>
      </symbol>
      <symbol id="sm-4cc">
         <name>__mspabi_fixfi</name>
         <value>0xecfe</value>
         <object_component_ref idref="oc-197"/>
      </symbol>
      <symbol id="sm-4dc">
         <name>__mspabi_fltuf</name>
         <value>0xf752</value>
         <object_component_ref idref="oc-289"/>
      </symbol>
      <symbol id="sm-4df">
         <name>__TI_int00</name>
         <value>0xffe0</value>
         <object_component_ref idref="oc-3e"/>
      </symbol>
      <symbol id="sm-4e2">
         <name>__TI_int03</name>
         <value>0xffe6</value>
         <object_component_ref idref="oc-40"/>
      </symbol>
      <symbol id="sm-4e5">
         <name>__TI_int05</name>
         <value>0xffea</value>
         <object_component_ref idref="oc-41"/>
      </symbol>
      <symbol id="sm-4e8">
         <name>__TI_int08</name>
         <value>0xfff0</value>
         <object_component_ref idref="oc-44"/>
      </symbol>
      <symbol id="sm-4eb">
         <name>__TI_int10</name>
         <value>0xfff4</value>
         <object_component_ref idref="oc-46"/>
      </symbol>
      <symbol id="sm-4ee">
         <name>__TI_int11</name>
         <value>0xfff6</value>
         <object_component_ref idref="oc-47"/>
      </symbol>
      <symbol id="sm-4f1">
         <name>__TI_int12</name>
         <value>0xfff8</value>
         <object_component_ref idref="oc-48"/>
      </symbol>
      <symbol id="sm-4f4">
         <name>__TI_int13</name>
         <value>0xfffa</value>
         <object_component_ref idref="oc-49"/>
      </symbol>
      <symbol id="sm-4f7">
         <name>__TI_int14</name>
         <value>0xfffc</value>
         <object_component_ref idref="oc-4a"/>
      </symbol>
      <symbol id="sm-4ff">
         <name>__TI_ISR_TRAP</name>
         <value>0xf9d2</value>
         <object_component_ref idref="oc-ab"/>
      </symbol>
      <symbol id="sm-50e">
         <name>llabs</name>
         <value>0xf88c</value>
         <object_component_ref idref="oc-3af"/>
      </symbol>
      <symbol id="sm-516">
         <name>__mspabi_slli</name>
         <value>0xf640</value>
         <object_component_ref idref="oc-2be"/>
      </symbol>
      <symbol id="sm-517">
         <name>__mspabi_slli_9</name>
         <value>0xf658</value>
         <object_component_ref idref="oc-2be"/>
      </symbol>
      <symbol id="sm-518">
         <name>__mspabi_slli_8</name>
         <value>0xf65a</value>
         <object_component_ref idref="oc-2be"/>
      </symbol>
      <symbol id="sm-519">
         <name>__mspabi_slli_7</name>
         <value>0xf65c</value>
         <object_component_ref idref="oc-2be"/>
      </symbol>
      <symbol id="sm-51a">
         <name>__mspabi_slli_6</name>
         <value>0xf65e</value>
         <object_component_ref idref="oc-2be"/>
      </symbol>
      <symbol id="sm-51b">
         <name>__mspabi_slli_5</name>
         <value>0xf660</value>
         <object_component_ref idref="oc-2be"/>
      </symbol>
      <symbol id="sm-51c">
         <name>__mspabi_slli_4</name>
         <value>0xf662</value>
         <object_component_ref idref="oc-2be"/>
      </symbol>
      <symbol id="sm-51d">
         <name>__mspabi_slli_3</name>
         <value>0xf664</value>
         <object_component_ref idref="oc-2be"/>
      </symbol>
      <symbol id="sm-51e">
         <name>__mspabi_slli_2</name>
         <value>0xf666</value>
         <object_component_ref idref="oc-2be"/>
      </symbol>
      <symbol id="sm-51f">
         <name>__mspabi_slli_1</name>
         <value>0xf668</value>
         <object_component_ref idref="oc-2be"/>
      </symbol>
      <symbol id="sm-520">
         <name>__mspabi_slli_15</name>
         <value>0xf64c</value>
         <object_component_ref idref="oc-2be"/>
      </symbol>
      <symbol id="sm-521">
         <name>__mspabi_slli_14</name>
         <value>0xf64e</value>
         <object_component_ref idref="oc-2be"/>
      </symbol>
      <symbol id="sm-522">
         <name>__mspabi_slli_13</name>
         <value>0xf650</value>
         <object_component_ref idref="oc-2be"/>
      </symbol>
      <symbol id="sm-523">
         <name>__mspabi_slli_12</name>
         <value>0xf652</value>
         <object_component_ref idref="oc-2be"/>
      </symbol>
      <symbol id="sm-524">
         <name>__mspabi_slli_11</name>
         <value>0xf654</value>
         <object_component_ref idref="oc-2be"/>
      </symbol>
      <symbol id="sm-525">
         <name>__mspabi_slli_10</name>
         <value>0xf656</value>
         <object_component_ref idref="oc-2be"/>
      </symbol>
      <symbol id="sm-535">
         <name>__mspabi_slll_9</name>
         <value>0xf482</value>
         <object_component_ref idref="oc-256"/>
      </symbol>
      <symbol id="sm-536">
         <name>__mspabi_slll_8</name>
         <value>0xf486</value>
         <object_component_ref idref="oc-256"/>
      </symbol>
      <symbol id="sm-537">
         <name>__mspabi_slll_7</name>
         <value>0xf48a</value>
         <object_component_ref idref="oc-256"/>
      </symbol>
      <symbol id="sm-538">
         <name>__mspabi_slll_6</name>
         <value>0xf48e</value>
         <object_component_ref idref="oc-256"/>
      </symbol>
      <symbol id="sm-539">
         <name>__mspabi_slll_5</name>
         <value>0xf492</value>
         <object_component_ref idref="oc-256"/>
      </symbol>
      <symbol id="sm-53a">
         <name>__mspabi_slll_4</name>
         <value>0xf496</value>
         <object_component_ref idref="oc-256"/>
      </symbol>
      <symbol id="sm-53b">
         <name>__mspabi_slll_3</name>
         <value>0xf49a</value>
         <object_component_ref idref="oc-256"/>
      </symbol>
      <symbol id="sm-53c">
         <name>__mspabi_slll_2</name>
         <value>0xf49e</value>
         <object_component_ref idref="oc-256"/>
      </symbol>
      <symbol id="sm-53d">
         <name>__mspabi_slll_1</name>
         <value>0xf4a2</value>
         <object_component_ref idref="oc-256"/>
      </symbol>
      <symbol id="sm-53e">
         <name>__mspabi_slll</name>
         <value>0xf95c</value>
         <object_component_ref idref="oc-3d1"/>
      </symbol>
      <symbol id="sm-53f">
         <name>__mspabi_slll_15</name>
         <value>0xf46a</value>
         <object_component_ref idref="oc-256"/>
      </symbol>
      <symbol id="sm-540">
         <name>__mspabi_slll_14</name>
         <value>0xf46e</value>
         <object_component_ref idref="oc-256"/>
      </symbol>
      <symbol id="sm-541">
         <name>__mspabi_slll_13</name>
         <value>0xf472</value>
         <object_component_ref idref="oc-256"/>
      </symbol>
      <symbol id="sm-542">
         <name>__mspabi_slll_12</name>
         <value>0xf476</value>
         <object_component_ref idref="oc-256"/>
      </symbol>
      <symbol id="sm-543">
         <name>__mspabi_slll_11</name>
         <value>0xf47a</value>
         <object_component_ref idref="oc-256"/>
      </symbol>
      <symbol id="sm-544">
         <name>__mspabi_slll_10</name>
         <value>0xf47e</value>
         <object_component_ref idref="oc-256"/>
      </symbol>
      <symbol id="sm-551">
         <name>__mspabi_sllll</name>
         <value>0xf32e</value>
         <object_component_ref idref="oc-310"/>
      </symbol>
      <symbol id="sm-559">
         <name>__mspabi_srli_8</name>
         <value>0xf162</value>
         <object_component_ref idref="oc-337"/>
      </symbol>
      <symbol id="sm-55a">
         <name>__mspabi_srli_9</name>
         <value>0xf15e</value>
         <object_component_ref idref="oc-337"/>
      </symbol>
      <symbol id="sm-55b">
         <name>__mspabi_srli_6</name>
         <value>0xf16a</value>
         <object_component_ref idref="oc-337"/>
      </symbol>
      <symbol id="sm-55c">
         <name>__mspabi_srli_7</name>
         <value>0xf166</value>
         <object_component_ref idref="oc-337"/>
      </symbol>
      <symbol id="sm-55d">
         <name>__mspabi_srli_4</name>
         <value>0xf172</value>
         <object_component_ref idref="oc-337"/>
      </symbol>
      <symbol id="sm-55e">
         <name>__mspabi_srli_5</name>
         <value>0xf16e</value>
         <object_component_ref idref="oc-337"/>
      </symbol>
      <symbol id="sm-55f">
         <name>__mspabi_srli_2</name>
         <value>0xf17a</value>
         <object_component_ref idref="oc-337"/>
      </symbol>
      <symbol id="sm-560">
         <name>__mspabi_srli_3</name>
         <value>0xf176</value>
         <object_component_ref idref="oc-337"/>
      </symbol>
      <symbol id="sm-561">
         <name>__mspabi_srli_1</name>
         <value>0xf17e</value>
         <object_component_ref idref="oc-337"/>
      </symbol>
      <symbol id="sm-562">
         <name>__mspabi_srli</name>
         <value>0xf138</value>
         <object_component_ref idref="oc-337"/>
      </symbol>
      <symbol id="sm-563">
         <name>__mspabi_srli_15</name>
         <value>0xf146</value>
         <object_component_ref idref="oc-337"/>
      </symbol>
      <symbol id="sm-564">
         <name>__mspabi_srli_14</name>
         <value>0xf14a</value>
         <object_component_ref idref="oc-337"/>
      </symbol>
      <symbol id="sm-565">
         <name>__mspabi_srli_13</name>
         <value>0xf14e</value>
         <object_component_ref idref="oc-337"/>
      </symbol>
      <symbol id="sm-566">
         <name>__mspabi_srli_12</name>
         <value>0xf152</value>
         <object_component_ref idref="oc-337"/>
      </symbol>
      <symbol id="sm-567">
         <name>__mspabi_srli_11</name>
         <value>0xf156</value>
         <object_component_ref idref="oc-337"/>
      </symbol>
      <symbol id="sm-568">
         <name>__mspabi_srli_10</name>
         <value>0xf15a</value>
         <object_component_ref idref="oc-337"/>
      </symbol>
      <symbol id="sm-578">
         <name>__mspabi_srll_8</name>
         <value>0xeebc</value>
         <object_component_ref idref="oc-277"/>
      </symbol>
      <symbol id="sm-579">
         <name>__mspabi_srll_9</name>
         <value>0xeeb6</value>
         <object_component_ref idref="oc-277"/>
      </symbol>
      <symbol id="sm-57a">
         <name>__mspabi_srll_6</name>
         <value>0xeec8</value>
         <object_component_ref idref="oc-277"/>
      </symbol>
      <symbol id="sm-57b">
         <name>__mspabi_srll_7</name>
         <value>0xeec2</value>
         <object_component_ref idref="oc-277"/>
      </symbol>
      <symbol id="sm-57c">
         <name>__mspabi_srll_4</name>
         <value>0xeed4</value>
         <object_component_ref idref="oc-277"/>
      </symbol>
      <symbol id="sm-57d">
         <name>__mspabi_srll_5</name>
         <value>0xeece</value>
         <object_component_ref idref="oc-277"/>
      </symbol>
      <symbol id="sm-57e">
         <name>__mspabi_srll_2</name>
         <value>0xeee0</value>
         <object_component_ref idref="oc-277"/>
      </symbol>
      <symbol id="sm-57f">
         <name>__mspabi_srll_3</name>
         <value>0xeeda</value>
         <object_component_ref idref="oc-277"/>
      </symbol>
      <symbol id="sm-580">
         <name>__mspabi_srll_1</name>
         <value>0xeee6</value>
         <object_component_ref idref="oc-277"/>
      </symbol>
      <symbol id="sm-581">
         <name>__mspabi_srll_15</name>
         <value>0xee92</value>
         <object_component_ref idref="oc-277"/>
      </symbol>
      <symbol id="sm-582">
         <name>__mspabi_srll_14</name>
         <value>0xee98</value>
         <object_component_ref idref="oc-277"/>
      </symbol>
      <symbol id="sm-583">
         <name>__mspabi_srll_13</name>
         <value>0xee9e</value>
         <object_component_ref idref="oc-277"/>
      </symbol>
      <symbol id="sm-584">
         <name>__mspabi_srll_12</name>
         <value>0xeea4</value>
         <object_component_ref idref="oc-277"/>
      </symbol>
      <symbol id="sm-585">
         <name>__mspabi_srll_11</name>
         <value>0xeeaa</value>
         <object_component_ref idref="oc-277"/>
      </symbol>
      <symbol id="sm-586">
         <name>__mspabi_srll_10</name>
         <value>0xeeb0</value>
         <object_component_ref idref="oc-277"/>
      </symbol>
      <symbol id="sm-587">
         <name>__mspabi_srll</name>
         <value>0xf918</value>
         <object_component_ref idref="oc-3d6"/>
      </symbol>
      <symbol id="sm-594">
         <name>__mspabi_srlll</name>
         <value>0xf2ea</value>
         <object_component_ref idref="oc-40d"/>
      </symbol>
      <symbol id="sm-5a2">
         <name>memcpy</name>
         <value>0xf92a</value>
         <object_component_ref idref="oc-91"/>
      </symbol>
      <symbol id="sm-5b0">
         <name>memset</name>
         <value>0xf8cc</value>
         <object_component_ref idref="oc-1a6"/>
      </symbol>
      <symbol id="sm-5d3">
         <name>__mspabi_mpyd</name>
         <value>0xd466</value>
         <object_component_ref idref="oc-29a"/>
      </symbol>
      <symbol id="sm-5dd">
         <name>__mspabi_mpyi_sw</name>
         <value>0xf8e0</value>
         <object_component_ref idref="oc-3c2"/>
      </symbol>
      <symbol id="sm-5de">
         <name>__mspabi_mpyi</name>
         <value>0xf8e0</value>
         <object_component_ref idref="oc-3c2"/>
      </symbol>
      <symbol id="sm-5e8">
         <name>__mspabi_mpyl_sw</name>
         <value>0xf708</value>
         <object_component_ref idref="oc-272"/>
      </symbol>
      <symbol id="sm-5e9">
         <name>__mspabi_mpyl</name>
         <value>0xf708</value>
         <object_component_ref idref="oc-272"/>
      </symbol>
      <symbol id="sm-5f1">
         <name>__mspabi_mpyll</name>
         <value>0xe620</value>
         <object_component_ref idref="oc-30b"/>
      </symbol>
      <symbol id="sm-5f2">
         <name>__mspabi_mpyll_sw</name>
         <value>0xe620</value>
         <object_component_ref idref="oc-30b"/>
      </symbol>
      <symbol id="sm-5fb">
         <name>_system_pre_init</name>
         <value>0xf9de</value>
         <object_component_ref idref="oc-cf"/>
      </symbol>
      <symbol id="sm-60e">
         <name>__TI_renormd</name>
         <value>0xea4e</value>
         <object_component_ref idref="oc-3e0"/>
      </symbol>
      <symbol id="sm-62f">
         <name>sprintf</name>
         <value>0xf554</value>
         <object_component_ref idref="oc-1b3"/>
      </symbol>
      <symbol id="sm-638">
         <name>__mspabi_subd</name>
         <value>0xf58c</value>
         <object_component_ref idref="oc-2a6"/>
      </symbol>
      <symbol id="sm-6a0">
         <name>__TI_printfi_minimal</name>
         <value>0xe802</value>
         <object_component_ref idref="oc-2d7"/>
      </symbol>
      <symbol id="sm-6b9">
         <name>_auto_init</name>
         <value>0xeeee</value>
         <object_component_ref idref="oc-d5"/>
      </symbol>
      <symbol id="sm-6ca">
         <name>__TI_frcmpyd</name>
         <value>0xcbcc</value>
         <object_component_ref idref="oc-349"/>
      </symbol>
      <symbol id="sm-6d9">
         <name>memccpy</name>
         <value>0xf844</value>
         <object_component_ref idref="oc-3f7"/>
      </symbol>
      <symbol id="sm-6e4">
         <name>__mspabi_mpyul_sw</name>
         <value>0xf798</value>
         <object_component_ref idref="oc-3a7"/>
      </symbol>
      <symbol id="sm-6e5">
         <name>__mspabi_mpyul</name>
         <value>0xf798</value>
         <object_component_ref idref="oc-3a7"/>
      </symbol>
      <symbol id="sm-6f2">
         <name>strlen</name>
         <value>0xf98a</value>
         <object_component_ref idref="oc-36c"/>
      </symbol>
      <symbol id="sm-6f5">
         <name>__TI_INITARRAY_Base</name>
         <value>0x0</value>
      </symbol>
      <symbol id="sm-6f6">
         <name>__TI_INITARRAY_Limit</name>
         <value>0x0</value>
      </symbol>
   </symbol_table>
   <title>Link successful</title>
</link_info>
