******************************************************************************
                  MSP430 Linker PC v4.4.5                      
******************************************************************************
>> Linked Mon Oct 01 01:05:31 2018

OUTPUT FILE NAME:   <msp430_BME280.out>
ENTRY POINT SYMBOL: "_c_int00_noargs_noexit"  address: 0000f7f6


MEMORY CONFIGURATION

         name            origin    length      used     unused   attr    fill
----------------------  --------  ---------  --------  --------  ----  --------
  SFR                   00000000   00000010  00000000  00000010  RWIX
  PERIPHERALS_8BIT      00000010   000000f0  00000000  000000f0  RWIX
  PERIPHERALS_16BIT     00000100   00000100  00000000  00000100  RWIX
  RAM                   00000200   00000200  000000b0  00000150  RWIX
  INFOD                 00001000   00000040  00000000  00000040  RWIX
  INFOC                 00001040   00000040  00000000  00000040  RWIX
  INFOB                 00001080   00000040  00000000  00000040  RWIX
  INFOA                 000010c0   00000040  00000000  00000040  RWIX
  FLASH                 0000c000   00003fde  00003dc8  00000216  RWIX
  BSLSIGNATURE          0000ffde   00000002  00000002  00000000  RWIX  ffff 
  INT00                 0000ffe0   00000002  00000002  00000000  RWIX
  INT01                 0000ffe2   00000002  00000000  00000002  RWIX
  INT02                 0000ffe4   00000002  00000002  00000000  RWIX
  INT03                 0000ffe6   00000002  00000002  00000000  RWIX
  INT04                 0000ffe8   00000002  00000000  00000002  RWIX
  INT05                 0000ffea   00000002  00000002  00000000  RWIX
  INT06                 0000ffec   00000002  00000002  00000000  RWIX
  INT07                 0000ffee   00000002  00000002  00000000  RWIX
  INT08                 0000fff0   00000002  00000002  00000000  RWIX
  INT09                 0000fff2   00000002  00000002  00000000  RWIX
  INT10                 0000fff4   00000002  00000002  00000000  RWIX
  INT11                 0000fff6   00000002  00000002  00000000  RWIX
  INT12                 0000fff8   00000002  00000002  00000000  RWIX
  INT13                 0000fffa   00000002  00000002  00000000  RWIX
  INT14                 0000fffc   00000002  00000002  00000000  RWIX
  RESET                 0000fffe   00000002  00000002  00000000  RWIX


SECTION ALLOCATION MAP

 output                                  attributes/
section   page    origin      length       input sections
--------  ----  ----------  ----------   ----------------
.bss       0    00000200    0000002f     UNINITIALIZED
                  00000200    00000024     (.common:mCalibrationData)
                  00000224    00000004     (.common:t_fine)
                  00000228    00000002     (.common:TI_receive_field)
                  0000022a    00000002     (.common:TI_transmit_field)
                  0000022c    00000002     (.common:TimeDelay)
                  0000022e    00000001     (.common:byteCtr)

.data      0    0000022f    00000001     UNINITIALIZED
                  0000022f    00000001     TI_USCI_I2C_master.obj (.data)

.TI.persistent 
*          0    0000022f    00000000     UNINITIALIZED

.stack     0    00000380    00000080     UNINITIALIZED
                  00000380    00000002     rts430_eabi.lib : boot.obj (.stack)
                  00000382    0000007e     --HOLE--

.text      0    0000c000    000039e8     
                  0000c000    00000462     rts430_eabi.lib : frcdivd.obj (.text:__TI_frcdivd)
                  0000c462    000003be     BME280.obj (.text:BME280_compensate_P_int64)
                  0000c820    000003ac     rts430_eabi.lib : div64u.obj (.text:__mspabi_divull)
                  0000cbcc    000002f4                     : frcmpyd.obj (.text:__TI_frcmpyd)
                  0000cec0    000002e8                     : addd.obj (.text:__mspabi_addd)
                  0000d1a8    000002be     BME280.obj (.text:BME280_read)
                  0000d466    0000026e     rts430_eabi.lib : mpyd.obj (.text:__mspabi_mpyd)
                  0000d6d4    00000260                     : frcaddd.obj (.text:__TI_frcaddd)
                  0000d934    00000238                     : divd.obj (.text:__mspabi_divd)
                  0000db6c    000001c4     main.obj (.text:main)
                  0000dd30    00000178     BME280.obj (.text:BME280_compensate_H_int32)
                  0000dea8    0000016c     BME280.obj (.text:BME280_readCalibrationValues)
                  0000e014    0000014c     rts430_eabi.lib : div64s.obj (.text:__mspabi_divlli)
                  0000e160    00000140     temp_sensor.obj (.text:temp_sensor_readF)
                  0000e2a0    00000138     ssd1306_lcd.obj (.text:LCD_DrawStringKern)
                  0000e3d8    00000132     ssd1306_lcd.obj (.text:LCD_DrawStringKernLength)
                  0000e50a    00000116     rts430_eabi.lib : _printfi_min.obj (.text:_setfield)
                  0000e620    00000114                     : mult64.obj (.text:__mpyll)
                  0000e734    000000ce     BME280.obj (.text:BME280_compensate_T_int32)
                  0000e802    000000ca     rts430_eabi.lib : _printfi_min.obj (.text:__TI_printfi_minimal)
                  0000e8cc    000000c2                     : fs_mpy.obj (.text)
                  0000e98e    000000c0     temp_sensor.obj (.text:temp_sensor_getAverage)
                  0000ea4e    000000be     rts430_eabi.lib : renormd.obj (.text:__TI_renormd)
                  0000eb0c    00000090     ssd1306_lcd.obj (.text:LCD_Init)
                  0000eb9c    0000008c     rts430_eabi.lib : cvtdf.obj (.text:__mspabi_cvtdf)
                  0000ec28    0000006e     TI_USCI_I2C_master.obj (.text:TI_USCI_I2C_slave_present)
                  0000ec96    00000068     rts430_eabi.lib : cvtfd.obj (.text:__mspabi_cvtfd)
                  0000ecfe    00000068                     : fs_toi.obj (.text)
                  0000ed66    00000064     TI_USCI_I2C_master.obj (.text:USCIAB0TX_ISR)
                  0000edca    00000064     rts430_eabi.lib : copy_decompress_rle.obj (.text:__TI_decompress_rle_core)
                  0000ee2e    00000064     i2c.obj (.text:i2c_readAddress)
                  0000ee92    0000005c     rts430_eabi.lib : lsr32.obj (.text:l_lsr_const)
                  0000eeee    00000058                     : autoinit.obj (.text:_auto_init)
                  0000ef46    00000058                     : div32u.obj (.text)
                  0000ef9e    00000056                     : _printfi_min.obj (.text:_ltostr)
                  0000eff4    00000054     BME280.obj (.text:BME280_init)
                  0000f048    00000054     adc.obj (.text:adc_read)
                  0000f09c    0000004e     ssd1306_lcd.obj (.text:LCD_Clear)
                  0000f0ea    0000004e     rts430_eabi.lib : _printfi_min.obj (.text:_pproc_diouxp)
                  0000f138    0000004c                     : lsr16.obj (.text)
                  0000f184    0000004a     TI_USCI_I2C_master.obj (.text:TI_USCI_I2C_receive)
                  0000f1ce    00000048     rts430_eabi.lib : asr64.obj (.text:__mspabi_srall)
                  0000f216    00000048                     : _printfi_min.obj (.text:_pproc_str)
                  0000f25e    00000046     TI_USCI_I2C_master.obj (.text:TI_USCI_I2C_receiveinit)
                  0000f2a4    00000046     TI_USCI_I2C_master.obj (.text:TI_USCI_I2C_transmitinit)
                  0000f2ea    00000044     rts430_eabi.lib : lsr64.obj (.text:__mspabi_srlll)
                  0000f32e    00000042                     : lsl64.obj (.text:__mspabi_sllll)
                  0000f370    00000040                     : div32s.obj (.text)
                  0000f3b0    0000003e     ssd1306_lcd.obj (.text:LCD_SetColumn)
                  0000f3ee    0000003e     main.obj (.text:TimerA_init)
                  0000f42c    0000003e     rts430_eabi.lib : asr32.obj (.text:l_asr_const)
                  0000f46a    0000003e                     : lsl32.obj (.text:l_lsl_const)
                  0000f4a8    0000003c     i2c.obj (.text:i2c_write)
                  0000f4e4    00000038     BME280.obj (.text:BME280_dummyDelay)
                  0000f51c    00000038     adc.obj (.text:adc_dummy_delay)
                  0000f554    00000038     rts430_eabi.lib : sprintf.obj (.text:sprintf)
                  0000f58c    0000002e                     : subd.obj (.text:__mspabi_subd)
                  0000f5ba    0000002e                     : _printfi_min.obj (.text:_getarg_diouxp)
                  0000f5e8    0000002c                     : asr16.obj (.text)
                  0000f614    0000002c                     : div16s.obj (.text)
                  0000f640    0000002c                     : lsl16.obj (.text)
                  0000f66c    00000028     ssd1306_lcd.obj (.text:LCD_WriteData)
                  0000f694    00000028     i2c.obj (.text:i2c_init)
                  0000f6bc    00000026     BME280.obj (.text:BME280_writeReg)
                  0000f6e2    00000026     ssd1306_lcd.obj (.text:LCD_WriteReg)
                  0000f708    00000026     rts430_eabi.lib : mult32.obj (.text)
                  0000f72e    00000024     BME280.obj (.text:BME280_readRegArray)
                  0000f752    00000024     rts430_eabi.lib : fs_utof.obj (.text)
                  0000f776    00000022     TI_USCI_I2C_master.obj (.text:TI_USCI_I2C_transmit)
                  0000f798    00000022     rts430_eabi.lib : mult1632.obj (.text:__mpyul)
                  0000f7ba    0000001e     ssd1306_lcd.obj (.text:LCD_SetPage)
                  0000f7d8    0000001e     main.obj (.text:Timer_A)
                  0000f7f6    0000001a     rts430_eabi.lib : boot_special.obj (.text:_c_int00_noargs_noexit)
                  0000f810    0000001a                     : sprintf.obj (.text:_outs)
                  0000f82a    0000001a     main.obj (.text:delay_ms)
                  0000f844    0000001a     rts430_eabi.lib : memccpy.obj (.text:memccpy)
                  0000f85e    00000018                     : _printfi_min.obj (.text:_div)
                  0000f876    00000016     main.obj (.text:GPIO_init)
                  0000f88c    00000016     rts430_eabi.lib : llabs.obj (.text:llabs)
                  0000f8a2    00000016                     : div16u.obj (.text)
                  0000f8b8    00000014                     : copy_zero_init.obj (.text:decompress:ZI:__TI_zero_init)
                  0000f8cc    00000014                     : memset.obj (.text:memset)
                  0000f8e0    00000014                     : mult16.obj (.text)
                  0000f8f4    00000012                     : sprintf.obj (.text:_outc)
                  0000f906    00000012                     : copy_decompress_none.obj (.text:decompress:none:__TI_decompress_none)
                  0000f918    00000012                     : lsr32.obj (.text:l_lsr)
                  0000f92a    00000012                     : memcpy.obj (.text:memcpy)
                  0000f93c    00000010     TI_USCI_I2C_master.obj (.text:USCIAB0RX_ISR)
                  0000f94c    00000010     rts430_eabi.lib : asr32.obj (.text:l_asr)
                  0000f95c    00000010                     : lsl32.obj (.text:l_lsl)
                  0000f96c    00000010                     : epilog.obj (.text)
                  0000f97c    0000000e     BME280.obj (.text:BME280_reset)
                  0000f98a    0000000e     rts430_eabi.lib : strlen.obj (.text:strlen)
                  0000f998    0000000c     main.obj (.text:Interrupt_init)
                  0000f9a4    0000000c     main.obj (.text:TimeDelay_Decrement)
                  0000f9b0    0000000a     main.obj (.text:Port_1)
                  0000f9ba    0000000a     TI_USCI_I2C_master.obj (.text:TI_USCI_I2C_notready)
                  0000f9c4    00000008     adc.obj (.text:adc_init)
                  0000f9cc    00000006     main.obj (.text:LED_RED_TOGGLE)
                  0000f9d2    00000006     rts430_eabi.lib : isr_trap.obj (.text:_isr:__TI_ISR_TRAP)
                  0000f9d8    00000006                     : copy_decompress_rle.obj (.text:decompress:rle24:__TI_decompress_rle24)
                  0000f9de    00000004                     : pre_init.obj (.text:_system_pre_init)
                  0000f9e2    00000004                     : exit.obj (.text:abort)
                  0000f9e6    00000002     temp_sensor.obj (.text:temp_sensor_init)

.const     0    0000f9e8    000003c8     
                  0000f9e8    00000318     font_table.obj (.const:.string:font_table)
                  0000fd00    0000005f     offset.obj (.const:.string:offset)
                  0000fd5f    00000001     --HOLE-- [fill = 0]
                  0000fd60    0000003c     main.obj (.const:.string)
                  0000fd9c    00000014     rts430_eabi.lib : _printfi_min.obj (.const:.string)

.cinit     0    0000fdb0    00000018     
                  0000fdb0    00000006     (__TI_handler_table)
                  0000fdb6    00000005     (.cinit..data.load) [load image]
                  0000fdbb    00000001     --HOLE-- [fill = 0]
                  0000fdbc    00000004     (.cinit..bss.load) [load image, compression = zero_init]
                  0000fdc0    00000008     (__TI_cinit_table)

.init_array 
*          0    0000c000    00000000     UNINITIALIZED

TRAPINT    0    0000ffe0    00000002     
                  0000ffe0    00000002     rts430_eabi.lib : int00.obj (.int00)

$fill000   0    0000ffde    00000002     
                  0000ffde    00000002     --HOLE-- [fill = ffff]

PORT1      0    0000ffe4    00000002     
                  0000ffe4    00000002     main.obj (.int02)

PORT2      0    0000ffe6    00000002     
                  0000ffe6    00000002     rts430_eabi.lib : int03.obj (.int03)

ADC10      0    0000ffea    00000002     
                  0000ffea    00000002     rts430_eabi.lib : int05.obj (.int05)

USCIAB0TX 
*          0    0000ffec    00000002     
                  0000ffec    00000002     TI_USCI_I2C_master.obj (.int06)

USCIAB0RX 
*          0    0000ffee    00000002     
                  0000ffee    00000002     TI_USCI_I2C_master.obj (.int07)

TIMER0_A1 
*          0    0000fff0    00000002     
                  0000fff0    00000002     rts430_eabi.lib : int08.obj (.int08)

TIMER0_A0 
*          0    0000fff2    00000002     
                  0000fff2    00000002     main.obj (.int09)

WDT        0    0000fff4    00000002     
                  0000fff4    00000002     rts430_eabi.lib : int10.obj (.int10)

COMPARATORA 
*          0    0000fff6    00000002     
                  0000fff6    00000002     rts430_eabi.lib : int11.obj (.int11)

TIMER1_A1 
*          0    0000fff8    00000002     
                  0000fff8    00000002     rts430_eabi.lib : int12.obj (.int12)

TIMER1_A0 
*          0    0000fffa    00000002     
                  0000fffa    00000002     rts430_eabi.lib : int13.obj (.int13)

NMI        0    0000fffc    00000002     
                  0000fffc    00000002     rts430_eabi.lib : int14.obj (.int14)

.reset     0    0000fffe    00000002     
                  0000fffe    00000002     rts430_eabi.lib : boot.obj (.reset)


LINKER GENERATED COPY TABLES

__TI_cinit_table @ 0000fdc0 records: 2, size/record: 4, table size: 8
	.data: load addr=0000fdb6, load size=00000005 bytes, run addr=0000022f, run size=00000001 bytes, compression=copy
	.bss: load addr=0000fdbc, load size=00000004 bytes, run addr=00000200, run size=0000002f bytes, compression=zero_init


LINKER GENERATED HANDLER TABLE

__TI_handler_table @ 0000fdb0 records: 3, size/record: 2, table size: 6
	index: 0, handler: __TI_zero_init
	index: 1, handler: __TI_decompress_rle24
	index: 2, handler: __TI_decompress_none


GLOBAL SYMBOLS: SORTED ALPHABETICALLY BY Name 

address   name                     
-------   ----                     
0000004a  ADC10AE0                 
000001b0  ADC10CTL0                
000001b2  ADC10CTL1                
00000048  ADC10DTC0                
00000049  ADC10DTC1                
000001b4  ADC10MEM                 
000001bc  ADC10SA                  
00000057  BCSCTL1                  
00000058  BCSCTL2                  
00000053  BCSCTL3                  
0000dd30  BME280_compensate_H_int32
0000c462  BME280_compensate_P_int64
0000e734  BME280_compensate_T_int32
0000eff4  BME280_init              
0000d1a8  BME280_read              
0000f72e  BME280_readRegArray      
0000f97c  BME280_reset             
0000f9e2  C$$EXIT                  
00000059  CACTL1                   
0000005a  CACTL2                   
000010fb  CALBC1_12MHZ             
000010f9  CALBC1_16MHZ             
000010ff  CALBC1_1MHZ              
000010fd  CALBC1_8MHZ              
000010fa  CALDCO_12MHZ             
000010f8  CALDCO_16MHZ             
000010fe  CALDCO_1MHZ              
000010fc  CALDCO_8MHZ              
0000005b  CAPD                     
00000056  DCOCTL                   
00000128  FCTL1                    
0000012a  FCTL2                    
0000012c  FCTL3                    
0000f876  GPIO_init                
0000022f  I2C_NO_STOP_FLAG         
00000000  IE1                      
00000001  IE2                      
00000002  IFG1                     
00000003  IFG2                     
0000f998  Interrupt_init           
0000f09c  LCD_Clear                
0000e2a0  LCD_DrawStringKern       
0000e3d8  LCD_DrawStringKernLength 
0000eb0c  LCD_Init                 
0000f9cc  LED_RED_TOGGLE           
00000022  P1DIR                    
00000025  P1IE                     
00000024  P1IES                    
00000023  P1IFG                    
00000020  P1IN                     
00000021  P1OUT                    
00000027  P1REN                    
00000026  P1SEL                    
00000041  P1SEL2                   
0000002a  P2DIR                    
0000002d  P2IE                     
0000002c  P2IES                    
0000002b  P2IFG                    
00000028  P2IN                     
00000029  P2OUT                    
0000002f  P2REN                    
0000002e  P2SEL                    
00000042  P2SEL2                   
0000001a  P3DIR                    
00000018  P3IN                     
00000019  P3OUT                    
00000010  P3REN                    
0000001b  P3SEL                    
00000043  P3SEL2                   
0000f9b0  Port_1                   
00000172  TA0CCR0                  
00000174  TA0CCR1                  
00000176  TA0CCR2                  
00000162  TA0CCTL0                 
00000164  TA0CCTL1                 
00000166  TA0CCTL2                 
00000160  TA0CTL                   
0000012e  TA0IV                    
00000170  TA0R                     
00000192  TA1CCR0                  
00000194  TA1CCR1                  
00000196  TA1CCR2                  
00000182  TA1CCTL0                 
00000184  TA1CCTL1                 
00000186  TA1CCTL2                 
00000180  TA1CTL                   
0000011e  TA1IV                    
00000190  TA1R                     
0000f9ba  TI_USCI_I2C_notready     
0000f184  TI_USCI_I2C_receive      
0000f25e  TI_USCI_I2C_receiveinit  
0000ec28  TI_USCI_I2C_slave_present
0000f776  TI_USCI_I2C_transmit     
0000f2a4  TI_USCI_I2C_transmitinit 
00000228  TI_receive_field         
0000022a  TI_transmit_field        
000010db  TLV_ADC10_1_LEN          
000010da  TLV_ADC10_1_TAG          
000010c0  TLV_CHECKSUM             
000010f7  TLV_DCO_30_LEN           
000010f6  TLV_DCO_30_TAG           
0000f9a4  TimeDelay_Decrement      
0000f3ee  TimerA_init              
0000f7d8  Timer_A                  
0000005d  UCA0ABCTL                
00000062  UCA0BR0                  
00000063  UCA0BR1                  
00000060  UCA0CTL0                 
00000061  UCA0CTL1                 
0000005f  UCA0IRRCTL               
0000005e  UCA0IRTCTL               
00000064  UCA0MCTL                 
00000066  UCA0RXBUF                
00000065  UCA0STAT                 
00000067  UCA0TXBUF                
0000006a  UCB0BR0                  
0000006b  UCB0BR1                  
00000068  UCB0CTL0                 
00000069  UCB0CTL1                 
0000006c  UCB0I2CIE                
00000118  UCB0I2COA                
0000011a  UCB0I2CSA                
0000006e  UCB0RXBUF                
0000006d  UCB0STAT                 
0000006f  UCB0TXBUF                
0000f93c  USCIAB0RX_ISR            
0000ed66  USCIAB0TX_ISR            
00000120  WDTCTL                   
00000400  __STACK_END              
00000080  __STACK_SIZE             
0000fdc0  __TI_CINIT_Base          
0000fdc8  __TI_CINIT_Limit         
0000fdb0  __TI_Handler_Table_Base  
0000fdb6  __TI_Handler_Table_Limit 
UNDEFED   __TI_INITARRAY_Base      
UNDEFED   __TI_INITARRAY_Limit     
0000f9d2  __TI_ISR_TRAP            
0000f906  __TI_decompress_none     
0000f9d8  __TI_decompress_rle24    
0000d6d4  __TI_frcaddd             
0000c000  __TI_frcdivd             
0000cbcc  __TI_frcmpyd             
0000ffe0  __TI_int00               
0000ffe4  __TI_int02               
0000ffe6  __TI_int03               
0000ffea  __TI_int05               
0000ffec  __TI_int06               
0000ffee  __TI_int07               
0000fff0  __TI_int08               
0000fff2  __TI_int09               
0000fff4  __TI_int10               
0000fff6  __TI_int11               
0000fff8  __TI_int12               
0000fffa  __TI_int13               
0000fffc  __TI_int14               
0000e802  __TI_printfi_minimal     
0000ea4e  __TI_renormd             
0000f8b8  __TI_zero_init           
ffffffff  __binit__                
ffffffff  __c_args__               
0000cec0  __mspabi_addd            
0000eb9c  __mspabi_cvtdf           
0000ec96  __mspabi_cvtfd           
0000d934  __mspabi_divd            
0000f614  __mspabi_divi            
0000f370  __mspabi_divli           
0000e014  __mspabi_divlli          
0000f8a2  __mspabi_divu            
0000ef46  __mspabi_divul           
0000c820  __mspabi_divull          
0000ecfe  __mspabi_fixfi           
0000f752  __mspabi_fltuf           
0000f978  __mspabi_func_epilog_1   
0000f976  __mspabi_func_epilog_2   
0000f974  __mspabi_func_epilog_3   
0000f972  __mspabi_func_epilog_4   
0000f970  __mspabi_func_epilog_5   
0000f96e  __mspabi_func_epilog_6   
0000f96c  __mspabi_func_epilog_7   
0000d466  __mspabi_mpyd            
0000e8cc  __mspabi_mpyf            
0000f8e0  __mspabi_mpyi            
0000f8e0  __mspabi_mpyi_sw         
0000f708  __mspabi_mpyl            
0000f708  __mspabi_mpyl_sw         
0000e620  __mspabi_mpyll           
0000e620  __mspabi_mpyll_sw        
0000f798  __mspabi_mpyul           
0000f798  __mspabi_mpyul_sw        
0000f614  __mspabi_remi            
0000f370  __mspabi_remli           
0000f8a2  __mspabi_remu            
0000ef46  __mspabi_remul           
0000f640  __mspabi_slli            
0000f668  __mspabi_slli_1          
0000f656  __mspabi_slli_10         
0000f654  __mspabi_slli_11         
0000f652  __mspabi_slli_12         
0000f650  __mspabi_slli_13         
0000f64e  __mspabi_slli_14         
0000f64c  __mspabi_slli_15         
0000f666  __mspabi_slli_2          
0000f664  __mspabi_slli_3          
0000f662  __mspabi_slli_4          
0000f660  __mspabi_slli_5          
0000f65e  __mspabi_slli_6          
0000f65c  __mspabi_slli_7          
0000f65a  __mspabi_slli_8          
0000f658  __mspabi_slli_9          
0000f95c  __mspabi_slll            
0000f4a2  __mspabi_slll_1          
0000f47e  __mspabi_slll_10         
0000f47a  __mspabi_slll_11         
0000f476  __mspabi_slll_12         
0000f472  __mspabi_slll_13         
0000f46e  __mspabi_slll_14         
0000f46a  __mspabi_slll_15         
0000f49e  __mspabi_slll_2          
0000f49a  __mspabi_slll_3          
0000f496  __mspabi_slll_4          
0000f492  __mspabi_slll_5          
0000f48e  __mspabi_slll_6          
0000f48a  __mspabi_slll_7          
0000f486  __mspabi_slll_8          
0000f482  __mspabi_slll_9          
0000f32e  __mspabi_sllll           
0000f5e8  __mspabi_srai            
0000f610  __mspabi_srai_1          
0000f5fe  __mspabi_srai_10         
0000f5fc  __mspabi_srai_11         
0000f5fa  __mspabi_srai_12         
0000f5f8  __mspabi_srai_13         
0000f5f6  __mspabi_srai_14         
0000f5f4  __mspabi_srai_15         
0000f60e  __mspabi_srai_2          
0000f60c  __mspabi_srai_3          
0000f60a  __mspabi_srai_4          
0000f608  __mspabi_srai_5          
0000f606  __mspabi_srai_6          
0000f604  __mspabi_srai_7          
0000f602  __mspabi_srai_8          
0000f600  __mspabi_srai_9          
0000f94c  __mspabi_sral            
0000f464  __mspabi_sral_1          
0000f440  __mspabi_sral_10         
0000f43c  __mspabi_sral_11         
0000f438  __mspabi_sral_12         
0000f434  __mspabi_sral_13         
0000f430  __mspabi_sral_14         
0000f42c  __mspabi_sral_15         
0000f460  __mspabi_sral_2          
0000f45c  __mspabi_sral_3          
0000f458  __mspabi_sral_4          
0000f454  __mspabi_sral_5          
0000f450  __mspabi_sral_6          
0000f44c  __mspabi_sral_7          
0000f448  __mspabi_sral_8          
0000f444  __mspabi_sral_9          
0000f1ce  __mspabi_srall           
0000f138  __mspabi_srli            
0000f17e  __mspabi_srli_1          
0000f15a  __mspabi_srli_10         
0000f156  __mspabi_srli_11         
0000f152  __mspabi_srli_12         
0000f14e  __mspabi_srli_13         
0000f14a  __mspabi_srli_14         
0000f146  __mspabi_srli_15         
0000f17a  __mspabi_srli_2          
0000f176  __mspabi_srli_3          
0000f172  __mspabi_srli_4          
0000f16e  __mspabi_srli_5          
0000f16a  __mspabi_srli_6          
0000f166  __mspabi_srli_7          
0000f162  __mspabi_srli_8          
0000f15e  __mspabi_srli_9          
0000f918  __mspabi_srll            
0000eee6  __mspabi_srll_1          
0000eeb0  __mspabi_srll_10         
0000eeaa  __mspabi_srll_11         
0000eea4  __mspabi_srll_12         
0000ee9e  __mspabi_srll_13         
0000ee98  __mspabi_srll_14         
0000ee92  __mspabi_srll_15         
0000eee0  __mspabi_srll_2          
0000eeda  __mspabi_srll_3          
0000eed4  __mspabi_srll_4          
0000eece  __mspabi_srll_5          
0000eec8  __mspabi_srll_6          
0000eec2  __mspabi_srll_7          
0000eebc  __mspabi_srll_8          
0000eeb6  __mspabi_srll_9          
0000f2ea  __mspabi_srlll           
0000f58c  __mspabi_subd            
0000eeee  _auto_init               
0000f7f6  _c_int00_noargs_noexit   
0000fffe  _reset_vector            
00000380  _stack                   
0000f9de  _system_pre_init         
0000f9e2  abort                    
0000f9c4  adc_init                 
0000f048  adc_read                 
ffffffff  binit                    
0000022e  byteCtr                  
0000f82a  delay_ms                 
0000f9e8  font_table               
0000f694  i2c_init                 
0000ee2e  i2c_readAddress          
0000f4a8  i2c_write                
0000f88c  llabs                    
0000db6c  main                     
0000f844  memccpy                  
0000f92a  memcpy                   
0000f8cc  memset                   
0000fd00  offset                   
0000f554  sprintf                  
0000f98a  strlen                   
00000224  t_fine                   
0000e98e  temp_sensor_getAverage   
0000f9e6  temp_sensor_init         
0000e160  temp_sensor_readF        


GLOBAL SYMBOLS: SORTED BY Symbol Address 

address   name                     
-------   ----                     
00000000  IE1                      
00000001  IE2                      
00000002  IFG1                     
00000003  IFG2                     
00000010  P3REN                    
00000018  P3IN                     
00000019  P3OUT                    
0000001a  P3DIR                    
0000001b  P3SEL                    
00000020  P1IN                     
00000021  P1OUT                    
00000022  P1DIR                    
00000023  P1IFG                    
00000024  P1IES                    
00000025  P1IE                     
00000026  P1SEL                    
00000027  P1REN                    
00000028  P2IN                     
00000029  P2OUT                    
0000002a  P2DIR                    
0000002b  P2IFG                    
0000002c  P2IES                    
0000002d  P2IE                     
0000002e  P2SEL                    
0000002f  P2REN                    
00000041  P1SEL2                   
00000042  P2SEL2                   
00000043  P3SEL2                   
00000048  ADC10DTC0                
00000049  ADC10DTC1                
0000004a  ADC10AE0                 
00000053  BCSCTL3                  
00000056  DCOCTL                   
00000057  BCSCTL1                  
00000058  BCSCTL2                  
00000059  CACTL1                   
0000005a  CACTL2                   
0000005b  CAPD                     
0000005d  UCA0ABCTL                
0000005e  UCA0IRTCTL               
0000005f  UCA0IRRCTL               
00000060  UCA0CTL0                 
00000061  UCA0CTL1                 
00000062  UCA0BR0                  
00000063  UCA0BR1                  
00000064  UCA0MCTL                 
00000065  UCA0STAT                 
00000066  UCA0RXBUF                
00000067  UCA0TXBUF                
00000068  UCB0CTL0                 
00000069  UCB0CTL1                 
0000006a  UCB0BR0                  
0000006b  UCB0BR1                  
0000006c  UCB0I2CIE                
0000006d  UCB0STAT                 
0000006e  UCB0RXBUF                
0000006f  UCB0TXBUF                
00000080  __STACK_SIZE             
00000118  UCB0I2COA                
0000011a  UCB0I2CSA                
0000011e  TA1IV                    
00000120  WDTCTL                   
00000128  FCTL1                    
0000012a  FCTL2                    
0000012c  FCTL3                    
0000012e  TA0IV                    
00000160  TA0CTL                   
00000162  TA0CCTL0                 
00000164  TA0CCTL1                 
00000166  TA0CCTL2                 
00000170  TA0R                     
00000172  TA0CCR0                  
00000174  TA0CCR1                  
00000176  TA0CCR2                  
00000180  TA1CTL                   
00000182  TA1CCTL0                 
00000184  TA1CCTL1                 
00000186  TA1CCTL2                 
00000190  TA1R                     
00000192  TA1CCR0                  
00000194  TA1CCR1                  
00000196  TA1CCR2                  
000001b0  ADC10CTL0                
000001b2  ADC10CTL1                
000001b4  ADC10MEM                 
000001bc  ADC10SA                  
00000224  t_fine                   
00000228  TI_receive_field         
0000022a  TI_transmit_field        
0000022e  byteCtr                  
0000022f  I2C_NO_STOP_FLAG         
00000380  _stack                   
00000400  __STACK_END              
000010c0  TLV_CHECKSUM             
000010da  TLV_ADC10_1_TAG          
000010db  TLV_ADC10_1_LEN          
000010f6  TLV_DCO_30_TAG           
000010f7  TLV_DCO_30_LEN           
000010f8  CALDCO_16MHZ             
000010f9  CALBC1_16MHZ             
000010fa  CALDCO_12MHZ             
000010fb  CALBC1_12MHZ             
000010fc  CALDCO_8MHZ              
000010fd  CALBC1_8MHZ              
000010fe  CALDCO_1MHZ              
000010ff  CALBC1_1MHZ              
0000c000  __TI_frcdivd             
0000c462  BME280_compensate_P_int64
0000c820  __mspabi_divull          
0000cbcc  __TI_frcmpyd             
0000cec0  __mspabi_addd            
0000d1a8  BME280_read              
0000d466  __mspabi_mpyd            
0000d6d4  __TI_frcaddd             
0000d934  __mspabi_divd            
0000db6c  main                     
0000dd30  BME280_compensate_H_int32
0000e014  __mspabi_divlli          
0000e160  temp_sensor_readF        
0000e2a0  LCD_DrawStringKern       
0000e3d8  LCD_DrawStringKernLength 
0000e620  __mspabi_mpyll           
0000e620  __mspabi_mpyll_sw        
0000e734  BME280_compensate_T_int32
0000e802  __TI_printfi_minimal     
0000e8cc  __mspabi_mpyf            
0000e98e  temp_sensor_getAverage   
0000ea4e  __TI_renormd             
0000eb0c  LCD_Init                 
0000eb9c  __mspabi_cvtdf           
0000ec28  TI_USCI_I2C_slave_present
0000ec96  __mspabi_cvtfd           
0000ecfe  __mspabi_fixfi           
0000ed66  USCIAB0TX_ISR            
0000ee2e  i2c_readAddress          
0000ee92  __mspabi_srll_15         
0000ee98  __mspabi_srll_14         
0000ee9e  __mspabi_srll_13         
0000eea4  __mspabi_srll_12         
0000eeaa  __mspabi_srll_11         
0000eeb0  __mspabi_srll_10         
0000eeb6  __mspabi_srll_9          
0000eebc  __mspabi_srll_8          
0000eec2  __mspabi_srll_7          
0000eec8  __mspabi_srll_6          
0000eece  __mspabi_srll_5          
0000eed4  __mspabi_srll_4          
0000eeda  __mspabi_srll_3          
0000eee0  __mspabi_srll_2          
0000eee6  __mspabi_srll_1          
0000eeee  _auto_init               
0000ef46  __mspabi_divul           
0000ef46  __mspabi_remul           
0000eff4  BME280_init              
0000f048  adc_read                 
0000f09c  LCD_Clear                
0000f138  __mspabi_srli            
0000f146  __mspabi_srli_15         
0000f14a  __mspabi_srli_14         
0000f14e  __mspabi_srli_13         
0000f152  __mspabi_srli_12         
0000f156  __mspabi_srli_11         
0000f15a  __mspabi_srli_10         
0000f15e  __mspabi_srli_9          
0000f162  __mspabi_srli_8          
0000f166  __mspabi_srli_7          
0000f16a  __mspabi_srli_6          
0000f16e  __mspabi_srli_5          
0000f172  __mspabi_srli_4          
0000f176  __mspabi_srli_3          
0000f17a  __mspabi_srli_2          
0000f17e  __mspabi_srli_1          
0000f184  TI_USCI_I2C_receive      
0000f1ce  __mspabi_srall           
0000f25e  TI_USCI_I2C_receiveinit  
0000f2a4  TI_USCI_I2C_transmitinit 
0000f2ea  __mspabi_srlll           
0000f32e  __mspabi_sllll           
0000f370  __mspabi_divli           
0000f370  __mspabi_remli           
0000f3ee  TimerA_init              
0000f42c  __mspabi_sral_15         
0000f430  __mspabi_sral_14         
0000f434  __mspabi_sral_13         
0000f438  __mspabi_sral_12         
0000f43c  __mspabi_sral_11         
0000f440  __mspabi_sral_10         
0000f444  __mspabi_sral_9          
0000f448  __mspabi_sral_8          
0000f44c  __mspabi_sral_7          
0000f450  __mspabi_sral_6          
0000f454  __mspabi_sral_5          
0000f458  __mspabi_sral_4          
0000f45c  __mspabi_sral_3          
0000f460  __mspabi_sral_2          
0000f464  __mspabi_sral_1          
0000f46a  __mspabi_slll_15         
0000f46e  __mspabi_slll_14         
0000f472  __mspabi_slll_13         
0000f476  __mspabi_slll_12         
0000f47a  __mspabi_slll_11         
0000f47e  __mspabi_slll_10         
0000f482  __mspabi_slll_9          
0000f486  __mspabi_slll_8          
0000f48a  __mspabi_slll_7          
0000f48e  __mspabi_slll_6          
0000f492  __mspabi_slll_5          
0000f496  __mspabi_slll_4          
0000f49a  __mspabi_slll_3          
0000f49e  __mspabi_slll_2          
0000f4a2  __mspabi_slll_1          
0000f4a8  i2c_write                
0000f554  sprintf                  
0000f58c  __mspabi_subd            
0000f5e8  __mspabi_srai            
0000f5f4  __mspabi_srai_15         
0000f5f6  __mspabi_srai_14         
0000f5f8  __mspabi_srai_13         
0000f5fa  __mspabi_srai_12         
0000f5fc  __mspabi_srai_11         
0000f5fe  __mspabi_srai_10         
0000f600  __mspabi_srai_9          
0000f602  __mspabi_srai_8          
0000f604  __mspabi_srai_7          
0000f606  __mspabi_srai_6          
0000f608  __mspabi_srai_5          
0000f60a  __mspabi_srai_4          
0000f60c  __mspabi_srai_3          
0000f60e  __mspabi_srai_2          
0000f610  __mspabi_srai_1          
0000f614  __mspabi_divi            
0000f614  __mspabi_remi            
0000f640  __mspabi_slli            
0000f64c  __mspabi_slli_15         
0000f64e  __mspabi_slli_14         
0000f650  __mspabi_slli_13         
0000f652  __mspabi_slli_12         
0000f654  __mspabi_slli_11         
0000f656  __mspabi_slli_10         
0000f658  __mspabi_slli_9          
0000f65a  __mspabi_slli_8          
0000f65c  __mspabi_slli_7          
0000f65e  __mspabi_slli_6          
0000f660  __mspabi_slli_5          
0000f662  __mspabi_slli_4          
0000f664  __mspabi_slli_3          
0000f666  __mspabi_slli_2          
0000f668  __mspabi_slli_1          
0000f694  i2c_init                 
0000f708  __mspabi_mpyl            
0000f708  __mspabi_mpyl_sw         
0000f72e  BME280_readRegArray      
0000f752  __mspabi_fltuf           
0000f776  TI_USCI_I2C_transmit     
0000f798  __mspabi_mpyul           
0000f798  __mspabi_mpyul_sw        
0000f7d8  Timer_A                  
0000f7f6  _c_int00_noargs_noexit   
0000f82a  delay_ms                 
0000f844  memccpy                  
0000f876  GPIO_init                
0000f88c  llabs                    
0000f8a2  __mspabi_divu            
0000f8a2  __mspabi_remu            
0000f8b8  __TI_zero_init           
0000f8cc  memset                   
0000f8e0  __mspabi_mpyi            
0000f8e0  __mspabi_mpyi_sw         
0000f906  __TI_decompress_none     
0000f918  __mspabi_srll            
0000f92a  memcpy                   
0000f93c  USCIAB0RX_ISR            
0000f94c  __mspabi_sral            
0000f95c  __mspabi_slll            
0000f96c  __mspabi_func_epilog_7   
0000f96e  __mspabi_func_epilog_6   
0000f970  __mspabi_func_epilog_5   
0000f972  __mspabi_func_epilog_4   
0000f974  __mspabi_func_epilog_3   
0000f976  __mspabi_func_epilog_2   
0000f978  __mspabi_func_epilog_1   
0000f97c  BME280_reset             
0000f98a  strlen                   
0000f998  Interrupt_init           
0000f9a4  TimeDelay_Decrement      
0000f9b0  Port_1                   
0000f9ba  TI_USCI_I2C_notready     
0000f9c4  adc_init                 
0000f9cc  LED_RED_TOGGLE           
0000f9d2  __TI_ISR_TRAP            
0000f9d8  __TI_decompress_rle24    
0000f9de  _system_pre_init         
0000f9e2  C$$EXIT                  
0000f9e2  abort                    
0000f9e6  temp_sensor_init         
0000f9e8  font_table               
0000fd00  offset                   
0000fdb0  __TI_Handler_Table_Base  
0000fdb6  __TI_Handler_Table_Limit 
0000fdc0  __TI_CINIT_Base          
0000fdc8  __TI_CINIT_Limit         
0000ffe0  __TI_int00               
0000ffe4  __TI_int02               
0000ffe6  __TI_int03               
0000ffea  __TI_int05               
0000ffec  __TI_int06               
0000ffee  __TI_int07               
0000fff0  __TI_int08               
0000fff2  __TI_int09               
0000fff4  __TI_int10               
0000fff6  __TI_int11               
0000fff8  __TI_int12               
0000fffa  __TI_int13               
0000fffc  __TI_int14               
0000fffe  _reset_vector            
ffffffff  __binit__                
ffffffff  __c_args__               
ffffffff  binit                    
UNDEFED   __TI_INITARRAY_Base      
UNDEFED   __TI_INITARRAY_Limit     

[320 symbols]
