******************************************************************************
                  MSP430 Linker PC v4.4.5                      
******************************************************************************
>> Linked Sat Sep 22 18:55:09 2018

OUTPUT FILE NAME:   <msp430_BME280.out>
ENTRY POINT SYMBOL: "_c_int00_noargs_noexit"  address: 0000e00e


MEMORY CONFIGURATION

         name            origin    length      used     unused   attr    fill
----------------------  --------  ---------  --------  --------  ----  --------
  SFR                   00000000   00000010  00000000  00000010  RWIX
  PERIPHERALS_8BIT      00000010   000000f0  00000000  000000f0  RWIX
  PERIPHERALS_16BIT     00000100   00000100  00000000  00000100  RWIX
  RAM                   00000200   00000200  000000b0  00000150  RWIX
  INFOD                 00001000   00000040  00000000  00000040  RWIX
  INFOC                 00001040   00000040  00000000  00000040  RWIX
  INFOB                 00001080   00000040  00000000  00000040  RWIX
  INFOA                 000010c0   00000040  00000000  00000040  RWIX
  FLASH                 0000c000   00003fde  000025cc  00001a12  RWIX
  BSLSIGNATURE          0000ffde   00000002  00000002  00000000  RWIX  ffff 
  INT00                 0000ffe0   00000002  00000002  00000000  RWIX
  INT01                 0000ffe2   00000002  00000000  00000002  RWIX
  INT02                 0000ffe4   00000002  00000002  00000000  RWIX
  INT03                 0000ffe6   00000002  00000002  00000000  RWIX
  INT04                 0000ffe8   00000002  00000000  00000002  RWIX
  INT05                 0000ffea   00000002  00000002  00000000  RWIX
  INT06                 0000ffec   00000002  00000002  00000000  RWIX
  INT07                 0000ffee   00000002  00000002  00000000  RWIX
  INT08                 0000fff0   00000002  00000002  00000000  RWIX
  INT09                 0000fff2   00000002  00000002  00000000  RWIX
  INT10                 0000fff4   00000002  00000002  00000000  RWIX
  INT11                 0000fff6   00000002  00000002  00000000  RWIX
  INT12                 0000fff8   00000002  00000002  00000000  RWIX
  INT13                 0000fffa   00000002  00000002  00000000  RWIX
  INT14                 0000fffc   00000002  00000002  00000000  RWIX
  RESET                 0000fffe   00000002  00000002  00000000  RWIX


SECTION ALLOCATION MAP

 output                                  attributes/
section   page    origin      length       input sections
--------  ----  ----------  ----------   ----------------
.bss       0    00000200    0000002f     UNINITIALIZED
                  00000200    00000024     (.common:mCalibrationData)
                  00000224    00000004     (.common:t_fine)
                  00000228    00000002     (.common:TI_receive_field)
                  0000022a    00000002     (.common:TI_transmit_field)
                  0000022c    00000002     (.common:TimeDelay)
                  0000022e    00000001     (.common:byteCtr)

.data      0    0000022f    00000001     UNINITIALIZED
                  0000022f    00000001     TI_USCI_I2C_master.obj (.data)

.TI.persistent 
*          0    0000022f    00000000     UNINITIALIZED

.stack     0    00000380    00000080     UNINITIALIZED
                  00000380    00000002     rts430_eabi.lib : boot.obj (.stack)
                  00000382    0000007e     --HOLE--

.text      0    0000c000    000021d6     
                  0000c000    000003be     BME280.obj (.text:BME280_compensate_P_int64)
                  0000c3be    000003ac     rts430_eabi.lib : div64u.obj (.text:__mspabi_divull)
                  0000c76a    0000025c     BME280.obj (.text:BME280_read)
                  0000c9c6    00000178     BME280.obj (.text:BME280_compensate_H_int32)
                  0000cb3e    0000016c     BME280.obj (.text:BME280_readCalibrationValues)
                  0000ccaa    00000168     main.obj (.text:main)
                  0000ce12    0000014c     rts430_eabi.lib : div64s.obj (.text:__mspabi_divlli)
                  0000cf5e    00000138     ssd1306_lcd.obj (.text:LCD_DrawStringKern)
                  0000d096    00000132     ssd1306_lcd.obj (.text:LCD_DrawStringKernLength)
                  0000d1c8    00000116     rts430_eabi.lib : _printfi_min.obj (.text:_setfield)
                  0000d2de    00000114                     : mult64.obj (.text:__mpyll)
                  0000d3f2    000000ce     BME280.obj (.text:BME280_compensate_T_int32)
                  0000d4c0    000000ca     rts430_eabi.lib : _printfi_min.obj (.text:__TI_printfi_minimal)
                  0000d58a    00000090     ssd1306_lcd.obj (.text:LCD_Init)
                  0000d61a    0000006e     TI_USCI_I2C_master.obj (.text:TI_USCI_I2C_slave_present)
                  0000d688    00000064     TI_USCI_I2C_master.obj (.text:USCIAB0TX_ISR)
                  0000d6ec    00000064     rts430_eabi.lib : copy_decompress_rle.obj (.text:__TI_decompress_rle_core)
                  0000d750    00000064     i2c.obj (.text:i2c_readAddress)
                  0000d7b4    0000005c     rts430_eabi.lib : lsr32.obj (.text:l_lsr_const)
                  0000d810    00000058                     : autoinit.obj (.text:_auto_init)
                  0000d868    00000058                     : div32u.obj (.text)
                  0000d8c0    00000056                     : _printfi_min.obj (.text:_ltostr)
                  0000d916    00000054     BME280.obj (.text:BME280_init)
                  0000d96a    0000004e     ssd1306_lcd.obj (.text:LCD_Clear)
                  0000d9b8    0000004e     rts430_eabi.lib : _printfi_min.obj (.text:_pproc_diouxp)
                  0000da06    0000004c                     : lsr16.obj (.text)
                  0000da52    0000004a     TI_USCI_I2C_master.obj (.text:TI_USCI_I2C_receive)
                  0000da9c    00000048     rts430_eabi.lib : asr64.obj (.text:__mspabi_srall)
                  0000dae4    00000048                     : _printfi_min.obj (.text:_pproc_str)
                  0000db2c    00000046     TI_USCI_I2C_master.obj (.text:TI_USCI_I2C_receiveinit)
                  0000db72    00000046     TI_USCI_I2C_master.obj (.text:TI_USCI_I2C_transmitinit)
                  0000dbb8    00000044     rts430_eabi.lib : lsr64.obj (.text:__mspabi_srlll)
                  0000dbfc    00000042                     : lsl64.obj (.text:__mspabi_sllll)
                  0000dc3e    00000040                     : div32s.obj (.text)
                  0000dc7e    0000003e     ssd1306_lcd.obj (.text:LCD_SetColumn)
                  0000dcbc    0000003e     main.obj (.text:TimerA_init)
                  0000dcfa    0000003e     rts430_eabi.lib : asr32.obj (.text:l_asr_const)
                  0000dd38    0000003e                     : lsl32.obj (.text:l_lsl_const)
                  0000dd76    0000003c     i2c.obj (.text:i2c_write)
                  0000ddb2    00000038     BME280.obj (.text:BME280_dummyDelay)
                  0000ddea    00000038     rts430_eabi.lib : sprintf.obj (.text:sprintf)
                  0000de22    0000002e                     : _printfi_min.obj (.text:_getarg_diouxp)
                  0000de50    0000002c                     : asr16.obj (.text)
                  0000de7c    0000002c                     : lsl16.obj (.text)
                  0000dea8    00000028     ssd1306_lcd.obj (.text:LCD_WriteData)
                  0000ded0    00000028     i2c.obj (.text:i2c_init)
                  0000def8    00000026     BME280.obj (.text:BME280_writeReg)
                  0000df1e    00000026     ssd1306_lcd.obj (.text:LCD_WriteReg)
                  0000df44    00000026     rts430_eabi.lib : mult32.obj (.text)
                  0000df6a    00000024     BME280.obj (.text:BME280_readRegArray)
                  0000df8e    00000022     TI_USCI_I2C_master.obj (.text:TI_USCI_I2C_transmit)
                  0000dfb0    00000022     rts430_eabi.lib : mult1632.obj (.text:__mpyul)
                  0000dfd2    0000001e     ssd1306_lcd.obj (.text:LCD_SetPage)
                  0000dff0    0000001e     main.obj (.text:Timer_A)
                  0000e00e    0000001a     rts430_eabi.lib : boot_special.obj (.text:_c_int00_noargs_noexit)
                  0000e028    0000001a                     : sprintf.obj (.text:_outs)
                  0000e042    0000001a     main.obj (.text:delay_ms)
                  0000e05c    0000001a     rts430_eabi.lib : memccpy.obj (.text:memccpy)
                  0000e076    00000018                     : _printfi_min.obj (.text:_div)
                  0000e08e    00000016     main.obj (.text:GPIO_init)
                  0000e0a4    00000016     rts430_eabi.lib : llabs.obj (.text:llabs)
                  0000e0ba    00000016                     : div16u.obj (.text)
                  0000e0d0    00000014                     : copy_zero_init.obj (.text:decompress:ZI:__TI_zero_init)
                  0000e0e4    00000014                     : memset.obj (.text:memset)
                  0000e0f8    00000014                     : mult16.obj (.text)
                  0000e10c    00000012                     : sprintf.obj (.text:_outc)
                  0000e11e    00000012                     : copy_decompress_none.obj (.text:decompress:none:__TI_decompress_none)
                  0000e130    00000012                     : lsr32.obj (.text:l_lsr)
                  0000e142    00000012                     : memcpy.obj (.text:memcpy)
                  0000e154    00000010     TI_USCI_I2C_master.obj (.text:USCIAB0RX_ISR)
                  0000e164    00000010     rts430_eabi.lib : epilog.obj (.text)
                  0000e174    0000000e     BME280.obj (.text:BME280_reset)
                  0000e182    0000000e     rts430_eabi.lib : strlen.obj (.text:strlen)
                  0000e190    0000000c     main.obj (.text:Interrupt_init)
                  0000e19c    0000000c     main.obj (.text:TimeDelay_Decrement)
                  0000e1a8    0000000a     main.obj (.text:Port_1)
                  0000e1b2    0000000a     TI_USCI_I2C_master.obj (.text:TI_USCI_I2C_notready)
                  0000e1bc    00000006     main.obj (.text:LED_RED_TOGGLE)
                  0000e1c2    00000006     rts430_eabi.lib : isr_trap.obj (.text:_isr:__TI_ISR_TRAP)
                  0000e1c8    00000006                     : copy_decompress_rle.obj (.text:decompress:rle24:__TI_decompress_rle24)
                  0000e1ce    00000004                     : pre_init.obj (.text:_system_pre_init)
                  0000e1d2    00000004                     : exit.obj (.text:abort)

.const     0    0000e1d6    000003de     
                  0000e1d6    00000318     font_table.obj (.const:.string:font_table)
                  0000e4ee    0000005f     offset.obj (.const:.string:offset)
                  0000e54d    00000001     --HOLE-- [fill = 0]
                  0000e54e    00000052     main.obj (.const:.string)
                  0000e5a0    00000014     rts430_eabi.lib : _printfi_min.obj (.const:.string)

.cinit     0    0000e5b4    00000018     
                  0000e5b4    00000006     (__TI_handler_table)
                  0000e5ba    00000005     (.cinit..data.load) [load image]
                  0000e5bf    00000001     --HOLE-- [fill = 0]
                  0000e5c0    00000004     (.cinit..bss.load) [load image, compression = zero_init]
                  0000e5c4    00000008     (__TI_cinit_table)

.init_array 
*          0    0000c000    00000000     UNINITIALIZED

TRAPINT    0    0000ffe0    00000002     
                  0000ffe0    00000002     rts430_eabi.lib : int00.obj (.int00)

$fill000   0    0000ffde    00000002     
                  0000ffde    00000002     --HOLE-- [fill = ffff]

PORT1      0    0000ffe4    00000002     
                  0000ffe4    00000002     main.obj (.int02)

PORT2      0    0000ffe6    00000002     
                  0000ffe6    00000002     rts430_eabi.lib : int03.obj (.int03)

ADC10      0    0000ffea    00000002     
                  0000ffea    00000002     rts430_eabi.lib : int05.obj (.int05)

USCIAB0TX 
*          0    0000ffec    00000002     
                  0000ffec    00000002     TI_USCI_I2C_master.obj (.int06)

USCIAB0RX 
*          0    0000ffee    00000002     
                  0000ffee    00000002     TI_USCI_I2C_master.obj (.int07)

TIMER0_A1 
*          0    0000fff0    00000002     
                  0000fff0    00000002     rts430_eabi.lib : int08.obj (.int08)

TIMER0_A0 
*          0    0000fff2    00000002     
                  0000fff2    00000002     main.obj (.int09)

WDT        0    0000fff4    00000002     
                  0000fff4    00000002     rts430_eabi.lib : int10.obj (.int10)

COMPARATORA 
*          0    0000fff6    00000002     
                  0000fff6    00000002     rts430_eabi.lib : int11.obj (.int11)

TIMER1_A1 
*          0    0000fff8    00000002     
                  0000fff8    00000002     rts430_eabi.lib : int12.obj (.int12)

TIMER1_A0 
*          0    0000fffa    00000002     
                  0000fffa    00000002     rts430_eabi.lib : int13.obj (.int13)

NMI        0    0000fffc    00000002     
                  0000fffc    00000002     rts430_eabi.lib : int14.obj (.int14)

.reset     0    0000fffe    00000002     
                  0000fffe    00000002     rts430_eabi.lib : boot.obj (.reset)


LINKER GENERATED COPY TABLES

__TI_cinit_table @ 0000e5c4 records: 2, size/record: 4, table size: 8
	.data: load addr=0000e5ba, load size=00000005 bytes, run addr=0000022f, run size=00000001 bytes, compression=copy
	.bss: load addr=0000e5c0, load size=00000004 bytes, run addr=00000200, run size=0000002f bytes, compression=zero_init


LINKER GENERATED HANDLER TABLE

__TI_handler_table @ 0000e5b4 records: 3, size/record: 2, table size: 6
	index: 0, handler: __TI_zero_init
	index: 1, handler: __TI_decompress_rle24
	index: 2, handler: __TI_decompress_none


GLOBAL SYMBOLS: SORTED ALPHABETICALLY BY Name 

address   name                     
-------   ----                     
0000004a  ADC10AE0                 
000001b0  ADC10CTL0                
000001b2  ADC10CTL1                
00000048  ADC10DTC0                
00000049  ADC10DTC1                
000001b4  ADC10MEM                 
000001bc  ADC10SA                  
00000057  BCSCTL1                  
00000058  BCSCTL2                  
00000053  BCSCTL3                  
0000c9c6  BME280_compensate_H_int32
0000c000  BME280_compensate_P_int64
0000d3f2  BME280_compensate_T_int32
0000d916  BME280_init              
0000c76a  BME280_read              
0000df6a  BME280_readRegArray      
0000e174  BME280_reset             
0000e1d2  C$$EXIT                  
00000059  CACTL1                   
0000005a  CACTL2                   
000010fb  CALBC1_12MHZ             
000010f9  CALBC1_16MHZ             
000010ff  CALBC1_1MHZ              
000010fd  CALBC1_8MHZ              
000010fa  CALDCO_12MHZ             
000010f8  CALDCO_16MHZ             
000010fe  CALDCO_1MHZ              
000010fc  CALDCO_8MHZ              
0000005b  CAPD                     
00000056  DCOCTL                   
00000128  FCTL1                    
0000012a  FCTL2                    
0000012c  FCTL3                    
0000e08e  GPIO_init                
0000022f  I2C_NO_STOP_FLAG         
00000000  IE1                      
00000001  IE2                      
00000002  IFG1                     
00000003  IFG2                     
0000e190  Interrupt_init           
0000d96a  LCD_Clear                
0000cf5e  LCD_DrawStringKern       
0000d096  LCD_DrawStringKernLength 
0000d58a  LCD_Init                 
0000e1bc  LED_RED_TOGGLE           
00000022  P1DIR                    
00000025  P1IE                     
00000024  P1IES                    
00000023  P1IFG                    
00000020  P1IN                     
00000021  P1OUT                    
00000027  P1REN                    
00000026  P1SEL                    
00000041  P1SEL2                   
0000002a  P2DIR                    
0000002d  P2IE                     
0000002c  P2IES                    
0000002b  P2IFG                    
00000028  P2IN                     
00000029  P2OUT                    
0000002f  P2REN                    
0000002e  P2SEL                    
00000042  P2SEL2                   
0000001a  P3DIR                    
00000018  P3IN                     
00000019  P3OUT                    
00000010  P3REN                    
0000001b  P3SEL                    
00000043  P3SEL2                   
0000e1a8  Port_1                   
00000172  TA0CCR0                  
00000174  TA0CCR1                  
00000176  TA0CCR2                  
00000162  TA0CCTL0                 
00000164  TA0CCTL1                 
00000166  TA0CCTL2                 
00000160  TA0CTL                   
0000012e  TA0IV                    
00000170  TA0R                     
00000192  TA1CCR0                  
00000194  TA1CCR1                  
00000196  TA1CCR2                  
00000182  TA1CCTL0                 
00000184  TA1CCTL1                 
00000186  TA1CCTL2                 
00000180  TA1CTL                   
0000011e  TA1IV                    
00000190  TA1R                     
0000e1b2  TI_USCI_I2C_notready     
0000da52  TI_USCI_I2C_receive      
0000db2c  TI_USCI_I2C_receiveinit  
0000d61a  TI_USCI_I2C_slave_present
0000df8e  TI_USCI_I2C_transmit     
0000db72  TI_USCI_I2C_transmitinit 
00000228  TI_receive_field         
0000022a  TI_transmit_field        
000010db  TLV_ADC10_1_LEN          
000010da  TLV_ADC10_1_TAG          
000010c0  TLV_CHECKSUM             
000010f7  TLV_DCO_30_LEN           
000010f6  TLV_DCO_30_TAG           
0000e19c  TimeDelay_Decrement      
0000dcbc  TimerA_init              
0000dff0  Timer_A                  
0000005d  UCA0ABCTL                
00000062  UCA0BR0                  
00000063  UCA0BR1                  
00000060  UCA0CTL0                 
00000061  UCA0CTL1                 
0000005f  UCA0IRRCTL               
0000005e  UCA0IRTCTL               
00000064  UCA0MCTL                 
00000066  UCA0RXBUF                
00000065  UCA0STAT                 
00000067  UCA0TXBUF                
0000006a  UCB0BR0                  
0000006b  UCB0BR1                  
00000068  UCB0CTL0                 
00000069  UCB0CTL1                 
0000006c  UCB0I2CIE                
00000118  UCB0I2COA                
0000011a  UCB0I2CSA                
0000006e  UCB0RXBUF                
0000006d  UCB0STAT                 
0000006f  UCB0TXBUF                
0000e154  USCIAB0RX_ISR            
0000d688  USCIAB0TX_ISR            
00000120  WDTCTL                   
00000400  __STACK_END              
00000080  __STACK_SIZE             
0000e5c4  __TI_CINIT_Base          
0000e5cc  __TI_CINIT_Limit         
0000e5b4  __TI_Handler_Table_Base  
0000e5ba  __TI_Handler_Table_Limit 
UNDEFED   __TI_INITARRAY_Base      
UNDEFED   __TI_INITARRAY_Limit     
0000e1c2  __TI_ISR_TRAP            
0000e11e  __TI_decompress_none     
0000e1c8  __TI_decompress_rle24    
0000ffe0  __TI_int00               
0000ffe4  __TI_int02               
0000ffe6  __TI_int03               
0000ffea  __TI_int05               
0000ffec  __TI_int06               
0000ffee  __TI_int07               
0000fff0  __TI_int08               
0000fff2  __TI_int09               
0000fff4  __TI_int10               
0000fff6  __TI_int11               
0000fff8  __TI_int12               
0000fffa  __TI_int13               
0000fffc  __TI_int14               
0000d4c0  __TI_printfi_minimal     
0000e0d0  __TI_zero_init           
ffffffff  __binit__                
ffffffff  __c_args__               
0000dc3e  __mspabi_divli           
0000ce12  __mspabi_divlli          
0000e0ba  __mspabi_divu            
0000d868  __mspabi_divul           
0000c3be  __mspabi_divull          
0000e170  __mspabi_func_epilog_1   
0000e16e  __mspabi_func_epilog_2   
0000e16c  __mspabi_func_epilog_3   
0000e16a  __mspabi_func_epilog_4   
0000e168  __mspabi_func_epilog_5   
0000e166  __mspabi_func_epilog_6   
0000e164  __mspabi_func_epilog_7   
0000e0f8  __mspabi_mpyi            
0000e0f8  __mspabi_mpyi_sw         
0000df44  __mspabi_mpyl            
0000df44  __mspabi_mpyl_sw         
0000d2de  __mspabi_mpyll           
0000d2de  __mspabi_mpyll_sw        
0000dfb0  __mspabi_mpyul           
0000dfb0  __mspabi_mpyul_sw        
0000dc3e  __mspabi_remli           
0000e0ba  __mspabi_remu            
0000d868  __mspabi_remul           
0000de7c  __mspabi_slli            
0000dea4  __mspabi_slli_1          
0000de92  __mspabi_slli_10         
0000de90  __mspabi_slli_11         
0000de8e  __mspabi_slli_12         
0000de8c  __mspabi_slli_13         
0000de8a  __mspabi_slli_14         
0000de88  __mspabi_slli_15         
0000dea2  __mspabi_slli_2          
0000dea0  __mspabi_slli_3          
0000de9e  __mspabi_slli_4          
0000de9c  __mspabi_slli_5          
0000de9a  __mspabi_slli_6          
0000de98  __mspabi_slli_7          
0000de96  __mspabi_slli_8          
0000de94  __mspabi_slli_9          
0000dd70  __mspabi_slll_1          
0000dd4c  __mspabi_slll_10         
0000dd48  __mspabi_slll_11         
0000dd44  __mspabi_slll_12         
0000dd40  __mspabi_slll_13         
0000dd3c  __mspabi_slll_14         
0000dd38  __mspabi_slll_15         
0000dd6c  __mspabi_slll_2          
0000dd68  __mspabi_slll_3          
0000dd64  __mspabi_slll_4          
0000dd60  __mspabi_slll_5          
0000dd5c  __mspabi_slll_6          
0000dd58  __mspabi_slll_7          
0000dd54  __mspabi_slll_8          
0000dd50  __mspabi_slll_9          
0000dbfc  __mspabi_sllll           
0000de50  __mspabi_srai            
0000de78  __mspabi_srai_1          
0000de66  __mspabi_srai_10         
0000de64  __mspabi_srai_11         
0000de62  __mspabi_srai_12         
0000de60  __mspabi_srai_13         
0000de5e  __mspabi_srai_14         
0000de5c  __mspabi_srai_15         
0000de76  __mspabi_srai_2          
0000de74  __mspabi_srai_3          
0000de72  __mspabi_srai_4          
0000de70  __mspabi_srai_5          
0000de6e  __mspabi_srai_6          
0000de6c  __mspabi_srai_7          
0000de6a  __mspabi_srai_8          
0000de68  __mspabi_srai_9          
0000dd32  __mspabi_sral_1          
0000dd0e  __mspabi_sral_10         
0000dd0a  __mspabi_sral_11         
0000dd06  __mspabi_sral_12         
0000dd02  __mspabi_sral_13         
0000dcfe  __mspabi_sral_14         
0000dcfa  __mspabi_sral_15         
0000dd2e  __mspabi_sral_2          
0000dd2a  __mspabi_sral_3          
0000dd26  __mspabi_sral_4          
0000dd22  __mspabi_sral_5          
0000dd1e  __mspabi_sral_6          
0000dd1a  __mspabi_sral_7          
0000dd16  __mspabi_sral_8          
0000dd12  __mspabi_sral_9          
0000da9c  __mspabi_srall           
0000da06  __mspabi_srli            
0000da4c  __mspabi_srli_1          
0000da28  __mspabi_srli_10         
0000da24  __mspabi_srli_11         
0000da20  __mspabi_srli_12         
0000da1c  __mspabi_srli_13         
0000da18  __mspabi_srli_14         
0000da14  __mspabi_srli_15         
0000da48  __mspabi_srli_2          
0000da44  __mspabi_srli_3          
0000da40  __mspabi_srli_4          
0000da3c  __mspabi_srli_5          
0000da38  __mspabi_srli_6          
0000da34  __mspabi_srli_7          
0000da30  __mspabi_srli_8          
0000da2c  __mspabi_srli_9          
0000e130  __mspabi_srll            
0000d808  __mspabi_srll_1          
0000d7d2  __mspabi_srll_10         
0000d7cc  __mspabi_srll_11         
0000d7c6  __mspabi_srll_12         
0000d7c0  __mspabi_srll_13         
0000d7ba  __mspabi_srll_14         
0000d7b4  __mspabi_srll_15         
0000d802  __mspabi_srll_2          
0000d7fc  __mspabi_srll_3          
0000d7f6  __mspabi_srll_4          
0000d7f0  __mspabi_srll_5          
0000d7ea  __mspabi_srll_6          
0000d7e4  __mspabi_srll_7          
0000d7de  __mspabi_srll_8          
0000d7d8  __mspabi_srll_9          
0000dbb8  __mspabi_srlll           
0000d810  _auto_init               
0000e00e  _c_int00_noargs_noexit   
0000fffe  _reset_vector            
00000380  _stack                   
0000e1ce  _system_pre_init         
0000e1d2  abort                    
ffffffff  binit                    
0000022e  byteCtr                  
0000e042  delay_ms                 
0000e1d6  font_table               
0000ded0  i2c_init                 
0000d750  i2c_readAddress          
0000dd76  i2c_write                
0000e0a4  llabs                    
0000ccaa  main                     
0000e05c  memccpy                  
0000e142  memcpy                   
0000e0e4  memset                   
0000e4ee  offset                   
0000ddea  sprintf                  
0000e182  strlen                   
00000224  t_fine                   


GLOBAL SYMBOLS: SORTED BY Symbol Address 

address   name                     
-------   ----                     
00000000  IE1                      
00000001  IE2                      
00000002  IFG1                     
00000003  IFG2                     
00000010  P3REN                    
00000018  P3IN                     
00000019  P3OUT                    
0000001a  P3DIR                    
0000001b  P3SEL                    
00000020  P1IN                     
00000021  P1OUT                    
00000022  P1DIR                    
00000023  P1IFG                    
00000024  P1IES                    
00000025  P1IE                     
00000026  P1SEL                    
00000027  P1REN                    
00000028  P2IN                     
00000029  P2OUT                    
0000002a  P2DIR                    
0000002b  P2IFG                    
0000002c  P2IES                    
0000002d  P2IE                     
0000002e  P2SEL                    
0000002f  P2REN                    
00000041  P1SEL2                   
00000042  P2SEL2                   
00000043  P3SEL2                   
00000048  ADC10DTC0                
00000049  ADC10DTC1                
0000004a  ADC10AE0                 
00000053  BCSCTL3                  
00000056  DCOCTL                   
00000057  BCSCTL1                  
00000058  BCSCTL2                  
00000059  CACTL1                   
0000005a  CACTL2                   
0000005b  CAPD                     
0000005d  UCA0ABCTL                
0000005e  UCA0IRTCTL               
0000005f  UCA0IRRCTL               
00000060  UCA0CTL0                 
00000061  UCA0CTL1                 
00000062  UCA0BR0                  
00000063  UCA0BR1                  
00000064  UCA0MCTL                 
00000065  UCA0STAT                 
00000066  UCA0RXBUF                
00000067  UCA0TXBUF                
00000068  UCB0CTL0                 
00000069  UCB0CTL1                 
0000006a  UCB0BR0                  
0000006b  UCB0BR1                  
0000006c  UCB0I2CIE                
0000006d  UCB0STAT                 
0000006e  UCB0RXBUF                
0000006f  UCB0TXBUF                
00000080  __STACK_SIZE             
00000118  UCB0I2COA                
0000011a  UCB0I2CSA                
0000011e  TA1IV                    
00000120  WDTCTL                   
00000128  FCTL1                    
0000012a  FCTL2                    
0000012c  FCTL3                    
0000012e  TA0IV                    
00000160  TA0CTL                   
00000162  TA0CCTL0                 
00000164  TA0CCTL1                 
00000166  TA0CCTL2                 
00000170  TA0R                     
00000172  TA0CCR0                  
00000174  TA0CCR1                  
00000176  TA0CCR2                  
00000180  TA1CTL                   
00000182  TA1CCTL0                 
00000184  TA1CCTL1                 
00000186  TA1CCTL2                 
00000190  TA1R                     
00000192  TA1CCR0                  
00000194  TA1CCR1                  
00000196  TA1CCR2                  
000001b0  ADC10CTL0                
000001b2  ADC10CTL1                
000001b4  ADC10MEM                 
000001bc  ADC10SA                  
00000224  t_fine                   
00000228  TI_receive_field         
0000022a  TI_transmit_field        
0000022e  byteCtr                  
0000022f  I2C_NO_STOP_FLAG         
00000380  _stack                   
00000400  __STACK_END              
000010c0  TLV_CHECKSUM             
000010da  TLV_ADC10_1_TAG          
000010db  TLV_ADC10_1_LEN          
000010f6  TLV_DCO_30_TAG           
000010f7  TLV_DCO_30_LEN           
000010f8  CALDCO_16MHZ             
000010f9  CALBC1_16MHZ             
000010fa  CALDCO_12MHZ             
000010fb  CALBC1_12MHZ             
000010fc  CALDCO_8MHZ              
000010fd  CALBC1_8MHZ              
000010fe  CALDCO_1MHZ              
000010ff  CALBC1_1MHZ              
0000c000  BME280_compensate_P_int64
0000c3be  __mspabi_divull          
0000c76a  BME280_read              
0000c9c6  BME280_compensate_H_int32
0000ccaa  main                     
0000ce12  __mspabi_divlli          
0000cf5e  LCD_DrawStringKern       
0000d096  LCD_DrawStringKernLength 
0000d2de  __mspabi_mpyll           
0000d2de  __mspabi_mpyll_sw        
0000d3f2  BME280_compensate_T_int32
0000d4c0  __TI_printfi_minimal     
0000d58a  LCD_Init                 
0000d61a  TI_USCI_I2C_slave_present
0000d688  USCIAB0TX_ISR            
0000d750  i2c_readAddress          
0000d7b4  __mspabi_srll_15         
0000d7ba  __mspabi_srll_14         
0000d7c0  __mspabi_srll_13         
0000d7c6  __mspabi_srll_12         
0000d7cc  __mspabi_srll_11         
0000d7d2  __mspabi_srll_10         
0000d7d8  __mspabi_srll_9          
0000d7de  __mspabi_srll_8          
0000d7e4  __mspabi_srll_7          
0000d7ea  __mspabi_srll_6          
0000d7f0  __mspabi_srll_5          
0000d7f6  __mspabi_srll_4          
0000d7fc  __mspabi_srll_3          
0000d802  __mspabi_srll_2          
0000d808  __mspabi_srll_1          
0000d810  _auto_init               
0000d868  __mspabi_divul           
0000d868  __mspabi_remul           
0000d916  BME280_init              
0000d96a  LCD_Clear                
0000da06  __mspabi_srli            
0000da14  __mspabi_srli_15         
0000da18  __mspabi_srli_14         
0000da1c  __mspabi_srli_13         
0000da20  __mspabi_srli_12         
0000da24  __mspabi_srli_11         
0000da28  __mspabi_srli_10         
0000da2c  __mspabi_srli_9          
0000da30  __mspabi_srli_8          
0000da34  __mspabi_srli_7          
0000da38  __mspabi_srli_6          
0000da3c  __mspabi_srli_5          
0000da40  __mspabi_srli_4          
0000da44  __mspabi_srli_3          
0000da48  __mspabi_srli_2          
0000da4c  __mspabi_srli_1          
0000da52  TI_USCI_I2C_receive      
0000da9c  __mspabi_srall           
0000db2c  TI_USCI_I2C_receiveinit  
0000db72  TI_USCI_I2C_transmitinit 
0000dbb8  __mspabi_srlll           
0000dbfc  __mspabi_sllll           
0000dc3e  __mspabi_divli           
0000dc3e  __mspabi_remli           
0000dcbc  TimerA_init              
0000dcfa  __mspabi_sral_15         
0000dcfe  __mspabi_sral_14         
0000dd02  __mspabi_sral_13         
0000dd06  __mspabi_sral_12         
0000dd0a  __mspabi_sral_11         
0000dd0e  __mspabi_sral_10         
0000dd12  __mspabi_sral_9          
0000dd16  __mspabi_sral_8          
0000dd1a  __mspabi_sral_7          
0000dd1e  __mspabi_sral_6          
0000dd22  __mspabi_sral_5          
0000dd26  __mspabi_sral_4          
0000dd2a  __mspabi_sral_3          
0000dd2e  __mspabi_sral_2          
0000dd32  __mspabi_sral_1          
0000dd38  __mspabi_slll_15         
0000dd3c  __mspabi_slll_14         
0000dd40  __mspabi_slll_13         
0000dd44  __mspabi_slll_12         
0000dd48  __mspabi_slll_11         
0000dd4c  __mspabi_slll_10         
0000dd50  __mspabi_slll_9          
0000dd54  __mspabi_slll_8          
0000dd58  __mspabi_slll_7          
0000dd5c  __mspabi_slll_6          
0000dd60  __mspabi_slll_5          
0000dd64  __mspabi_slll_4          
0000dd68  __mspabi_slll_3          
0000dd6c  __mspabi_slll_2          
0000dd70  __mspabi_slll_1          
0000dd76  i2c_write                
0000ddea  sprintf                  
0000de50  __mspabi_srai            
0000de5c  __mspabi_srai_15         
0000de5e  __mspabi_srai_14         
0000de60  __mspabi_srai_13         
0000de62  __mspabi_srai_12         
0000de64  __mspabi_srai_11         
0000de66  __mspabi_srai_10         
0000de68  __mspabi_srai_9          
0000de6a  __mspabi_srai_8          
0000de6c  __mspabi_srai_7          
0000de6e  __mspabi_srai_6          
0000de70  __mspabi_srai_5          
0000de72  __mspabi_srai_4          
0000de74  __mspabi_srai_3          
0000de76  __mspabi_srai_2          
0000de78  __mspabi_srai_1          
0000de7c  __mspabi_slli            
0000de88  __mspabi_slli_15         
0000de8a  __mspabi_slli_14         
0000de8c  __mspabi_slli_13         
0000de8e  __mspabi_slli_12         
0000de90  __mspabi_slli_11         
0000de92  __mspabi_slli_10         
0000de94  __mspabi_slli_9          
0000de96  __mspabi_slli_8          
0000de98  __mspabi_slli_7          
0000de9a  __mspabi_slli_6          
0000de9c  __mspabi_slli_5          
0000de9e  __mspabi_slli_4          
0000dea0  __mspabi_slli_3          
0000dea2  __mspabi_slli_2          
0000dea4  __mspabi_slli_1          
0000ded0  i2c_init                 
0000df44  __mspabi_mpyl            
0000df44  __mspabi_mpyl_sw         
0000df6a  BME280_readRegArray      
0000df8e  TI_USCI_I2C_transmit     
0000dfb0  __mspabi_mpyul           
0000dfb0  __mspabi_mpyul_sw        
0000dff0  Timer_A                  
0000e00e  _c_int00_noargs_noexit   
0000e042  delay_ms                 
0000e05c  memccpy                  
0000e08e  GPIO_init                
0000e0a4  llabs                    
0000e0ba  __mspabi_divu            
0000e0ba  __mspabi_remu            
0000e0d0  __TI_zero_init           
0000e0e4  memset                   
0000e0f8  __mspabi_mpyi            
0000e0f8  __mspabi_mpyi_sw         
0000e11e  __TI_decompress_none     
0000e130  __mspabi_srll            
0000e142  memcpy                   
0000e154  USCIAB0RX_ISR            
0000e164  __mspabi_func_epilog_7   
0000e166  __mspabi_func_epilog_6   
0000e168  __mspabi_func_epilog_5   
0000e16a  __mspabi_func_epilog_4   
0000e16c  __mspabi_func_epilog_3   
0000e16e  __mspabi_func_epilog_2   
0000e170  __mspabi_func_epilog_1   
0000e174  BME280_reset             
0000e182  strlen                   
0000e190  Interrupt_init           
0000e19c  TimeDelay_Decrement      
0000e1a8  Port_1                   
0000e1b2  TI_USCI_I2C_notready     
0000e1bc  LED_RED_TOGGLE           
0000e1c2  __TI_ISR_TRAP            
0000e1c8  __TI_decompress_rle24    
0000e1ce  _system_pre_init         
0000e1d2  C$$EXIT                  
0000e1d2  abort                    
0000e1d6  font_table               
0000e4ee  offset                   
0000e5b4  __TI_Handler_Table_Base  
0000e5ba  __TI_Handler_Table_Limit 
0000e5c4  __TI_CINIT_Base          
0000e5cc  __TI_CINIT_Limit         
0000ffe0  __TI_int00               
0000ffe4  __TI_int02               
0000ffe6  __TI_int03               
0000ffea  __TI_int05               
0000ffec  __TI_int06               
0000ffee  __TI_int07               
0000fff0  __TI_int08               
0000fff2  __TI_int09               
0000fff4  __TI_int10               
0000fff6  __TI_int11               
0000fff8  __TI_int12               
0000fffa  __TI_int13               
0000fffc  __TI_int14               
0000fffe  _reset_vector            
ffffffff  __binit__                
ffffffff  __c_args__               
ffffffff  binit                    
UNDEFED   __TI_INITARRAY_Base      
UNDEFED   __TI_INITARRAY_Limit     

[298 symbols]
