******************************************************************************
                  MSP430 Linker PC v4.4.5                      
******************************************************************************
>> Linked Mon Jan 22 19:46:28 2018

OUTPUT FILE NAME:   <msp430_sdcard.out>
ENTRY POINT SYMBOL: "_c_int00_noargs_noexit"  address: 0000d698


MEMORY CONFIGURATION

         name            origin    length      used     unused   attr    fill
----------------------  --------  ---------  --------  --------  ----  --------
  SFR                   00000000   00000010  00000000  00000010  RWIX
  PERIPHERALS_8BIT      00000010   000000f0  00000000  000000f0  RWIX
  PERIPHERALS_16BIT     00000100   00000100  00000000  00000100  RWIX
  RAM                   00000200   00000200  00000115  000000eb  RWIX
  INFOD                 00001000   00000040  00000000  00000040  RWIX
  INFOC                 00001040   00000040  00000000  00000040  RWIX
  INFOB                 00001080   00000040  00000000  00000040  RWIX
  INFOA                 000010c0   00000040  00000000  00000040  RWIX
  FLASH                 0000c000   00003fde  000019b2  0000262c  RWIX
  BSLSIGNATURE          0000ffde   00000002  00000002  00000000  RWIX  ffff 
  INT00                 0000ffe0   00000002  00000002  00000000  RWIX
  INT01                 0000ffe2   00000002  00000000  00000002  RWIX
  INT02                 0000ffe4   00000002  00000002  00000000  RWIX
  INT03                 0000ffe6   00000002  00000002  00000000  RWIX
  INT04                 0000ffe8   00000002  00000000  00000002  RWIX
  INT05                 0000ffea   00000002  00000002  00000000  RWIX
  INT06                 0000ffec   00000002  00000002  00000000  RWIX
  INT07                 0000ffee   00000002  00000002  00000000  RWIX
  INT08                 0000fff0   00000002  00000002  00000000  RWIX
  INT09                 0000fff2   00000002  00000002  00000000  RWIX
  INT10                 0000fff4   00000002  00000002  00000000  RWIX
  INT11                 0000fff6   00000002  00000002  00000000  RWIX
  INT12                 0000fff8   00000002  00000002  00000000  RWIX
  INT13                 0000fffa   00000002  00000002  00000000  RWIX
  INT14                 0000fffc   00000002  00000002  00000000  RWIX
  RESET                 0000fffe   00000002  00000002  00000000  RWIX


SECTION ALLOCATION MAP

 output                                  attributes/
section   page    origin      length       input sections
--------  ----  ----------  ----------   ----------------
.bss       0    00000200    00000073     UNINITIALIZED
                  00000200    0000002a     (.common:fs)
                  0000022a    00000020     (.common:rxBuffer1)
                  0000024a    00000020     (.common:rxBuffer2)
                  0000026a    00000002     (.common:FatFs)
                  0000026c    00000002     (.common:gCounter1Tick)
                  0000026e    00000002     (.common:gTimeTick)
                  00000270    00000002     (.common:wc$1)
                  00000272    00000001     (.common:CardType)

.data      0    00000273    00000002     UNINITIALIZED
                  00000273    00000002     usart.obj (.data)

.TI.persistent 
*          0    00000273    00000000     UNINITIALIZED

.stack     0    00000360    000000a0     UNINITIALIZED
                  00000360    00000002     rts430_eabi.lib : boot.obj (.stack)
                  00000362    0000009e     --HOLE--

.text      0    0000c000    000018a4     
                  0000c000    00000224     pff.obj (.text:pf_mount)
                  0000c224    00000196     pff.obj (.text:pf_write)
                  0000c3ba    0000017e     pff.obj (.text:pf_lseek)
                  0000c538    00000150     mmc.obj (.text:disk_initialize)
                  0000c688    00000116     rts430_eabi.lib : _printfi_min.obj (.text:_setfield)
                  0000c79e    000000de     main.obj (.text:main)
                  0000c87c    000000d0     usart.obj (.text:USCI0RX_ISR)
                  0000c94c    000000ca     rts430_eabi.lib : _printfi_min.obj (.text:__TI_printfi_minimal)
                  0000ca16    000000bc     mmc.obj (.text:disk_writep)
                  0000cad2    000000a4     pff.obj (.text:dir_next)
                  0000cb76    000000a2     pff.obj (.text:create_name)
                  0000cc18    0000009a     pff.obj (.text:pf_open)
                  0000ccb2    00000096     mmc.obj (.text:disk_readp)
                  0000cd48    00000094     mmc.obj (.text:send_cmd)
                  0000cddc    0000008a     pff.obj (.text:follow_path)
                  0000ce66    00000086     pff.obj (.text:get_fat)
                  0000ceec    0000007a     pff.obj (.text:dir_find)
                  0000cf66    0000006c     pff.obj (.text:check_fs)
                  0000cfd2    00000064     rts430_eabi.lib : copy_decompress_rle.obj (.text:__TI_decompress_rle_core)
                  0000d036    00000060     spi.obj (.text:spi_init)
                  0000d096    0000005c     rts430_eabi.lib : lsr32.obj (.text:l_lsr_const)
                  0000d0f2    00000058                     : autoinit.obj (.text:_auto_init)
                  0000d14a    00000058     pff.obj (.text:dir_rewind)
                  0000d1a2    00000058     rts430_eabi.lib : div32u.obj (.text)
                  0000d1fa    00000056                     : _printfi_min.obj (.text:_ltostr)
                  0000d250    00000056     usart.obj (.text:usart_init)
                  0000d2a6    00000052     mmc.obj (.text:mmc_GoIdleState)
                  0000d2f8    00000050     mmc.obj (.text:mmc_writeLine)
                  0000d348    0000004e     rts430_eabi.lib : _printfi_min.obj (.text:_pproc_diouxp)
                  0000d396    0000004c                     : lsr16.obj (.text)
                  0000d3e2    00000048                     : _printfi_min.obj (.text:_pproc_str)
                  0000d42a    00000046     timer.obj (.text:Timer_init)
                  0000d470    00000040     pff.obj (.text:clust2sect)
                  0000d4b0    0000003e     rts430_eabi.lib : lsl32.obj (.text:l_lsl_const)
                  0000d4ee    00000038                     : sprintf.obj (.text:sprintf)
                  0000d526    0000002e                     : _printfi_min.obj (.text:_getarg_diouxp)
                  0000d554    0000002c                     : lsl16.obj (.text)
                  0000d580    0000002a     mmc.obj (.text:mmc_init)
                  0000d5aa    00000026     rts430_eabi.lib : mult32.obj (.text)
                  0000d5d0    00000026     usart.obj (.text:usart_writeString)
                  0000d5f6    00000022     timer.obj (.text:Timer_A)
                  0000d618    00000022     spi.obj (.text:spi_rx)
                  0000d63a    00000022     spi.obj (.text:spi_tx)
                  0000d65c    00000020     pff.obj (.text:get_clust)
                  0000d67c    0000001c     mmc.obj (.text:dly_100us)
                  0000d698    0000001a     rts430_eabi.lib : boot_special.obj (.text:_c_int00_noargs_noexit)
                  0000d6b2    0000001a                     : sprintf.obj (.text:_outs)
                  0000d6cc    0000001a                     : memccpy.obj (.text:memccpy)
                  0000d6e6    0000001a     usart.obj (.text:usart_processCommand)
                  0000d700    0000001a     usart.obj (.text:usart_writeStringLength)
                  0000d71a    00000018     rts430_eabi.lib : _printfi_min.obj (.text:_div)
                  0000d732    00000016     main.obj (.text:GPIO_init)
                  0000d748    00000016     rts430_eabi.lib : div16u.obj (.text)
                  0000d75e    00000014                     : copy_zero_init.obj (.text:decompress:ZI:__TI_zero_init)
                  0000d772    00000014     pff.obj (.text:mem_cmp)
                  0000d786    00000014     rts430_eabi.lib : memset.obj (.text:memset)
                  0000d79a    00000014                     : mult16.obj (.text)
                  0000d7ae    00000012                     : sprintf.obj (.text:_outc)
                  0000d7c0    00000012                     : copy_decompress_none.obj (.text:decompress:none:__TI_decompress_none)
                  0000d7d2    00000012                     : memcpy.obj (.text:memcpy)
                  0000d7e4    00000012     usart.obj (.text:usart_writeByte)
                  0000d7f6    00000010     pff.obj (.text:mem_set)
                  0000d806    00000010     rts430_eabi.lib : epilog.obj (.text)
                  0000d816    0000000e                     : strlen.obj (.text:strlen)
                  0000d824    0000000c     main.obj (.text:Interrupt_init)
                  0000d830    0000000c     timer.obj (.text:Timer_Counter1Decrement)
                  0000d83c    0000000c     timer.obj (.text:Timer_DelayDecrement)
                  0000d848    0000000c     timer.obj (.text:Timer_delay_ms)
                  0000d854    0000000a     timer.obj (.text:Timer_start)
                  0000d85e    0000000a     timer.obj (.text:Timer_stop)
                  0000d868    00000008     spi.obj (.text:spi_deselect)
                  0000d870    00000008     spi.obj (.text:spi_select)
                  0000d878    00000006     main.obj (.text:LED_Red_Toggle)
                  0000d87e    00000006     main.obj (.text:Port_1)
                  0000d884    00000006     rts430_eabi.lib : isr_trap.obj (.text:_isr:__TI_ISR_TRAP)
                  0000d88a    00000006                     : copy_decompress_rle.obj (.text:decompress:rle24:__TI_decompress_rle24)
                  0000d890    00000006     mmc.obj (.text:rcv_spi)
                  0000d896    00000006     mmc.obj (.text:xmit_spi)
                  0000d89c    00000004     rts430_eabi.lib : pre_init.obj (.text:_system_pre_init)
                  0000d8a0    00000004                     : exit.obj (.text:abort)

.const     0    0000d8a4    000000f6     
                  0000d8a4    00000080     pff.obj (.const:.string:cvt$1)
                  0000d924    0000005c     main.obj (.const:.string)
                  0000d980    00000014     rts430_eabi.lib : _printfi_min.obj (.const:.string)
                  0000d994    00000006     usart.obj (.const:.string)

.cinit     0    0000d99a    00000018     
                  0000d99a    00000006     (.cinit..data.load) [load image]
                  0000d9a0    00000006     (__TI_handler_table)
                  0000d9a6    00000004     (.cinit..bss.load) [load image, compression = zero_init]
                  0000d9aa    00000008     (__TI_cinit_table)

.init_array 
*          0    0000c000    00000000     UNINITIALIZED

TRAPINT    0    0000ffe0    00000002     
                  0000ffe0    00000002     rts430_eabi.lib : int00.obj (.int00)

$fill000   0    0000ffde    00000002     
                  0000ffde    00000002     --HOLE-- [fill = ffff]

PORT1      0    0000ffe4    00000002     
                  0000ffe4    00000002     main.obj (.int02)

PORT2      0    0000ffe6    00000002     
                  0000ffe6    00000002     rts430_eabi.lib : int03.obj (.int03)

ADC10      0    0000ffea    00000002     
                  0000ffea    00000002     rts430_eabi.lib : int05.obj (.int05)

USCIAB0TX 
*          0    0000ffec    00000002     
                  0000ffec    00000002     rts430_eabi.lib : int06.obj (.int06)

USCIAB0RX 
*          0    0000ffee    00000002     
                  0000ffee    00000002     usart.obj (.int07)

TIMER0_A1 
*          0    0000fff0    00000002     
                  0000fff0    00000002     rts430_eabi.lib : int08.obj (.int08)

TIMER0_A0 
*          0    0000fff2    00000002     
                  0000fff2    00000002     timer.obj (.int09)

WDT        0    0000fff4    00000002     
                  0000fff4    00000002     rts430_eabi.lib : int10.obj (.int10)

COMPARATORA 
*          0    0000fff6    00000002     
                  0000fff6    00000002     rts430_eabi.lib : int11.obj (.int11)

TIMER1_A1 
*          0    0000fff8    00000002     
                  0000fff8    00000002     rts430_eabi.lib : int12.obj (.int12)

TIMER1_A0 
*          0    0000fffa    00000002     
                  0000fffa    00000002     rts430_eabi.lib : int13.obj (.int13)

NMI        0    0000fffc    00000002     
                  0000fffc    00000002     rts430_eabi.lib : int14.obj (.int14)

.reset     0    0000fffe    00000002     
                  0000fffe    00000002     rts430_eabi.lib : boot.obj (.reset)


LINKER GENERATED COPY TABLES

__TI_cinit_table @ 0000d9aa records: 2, size/record: 4, table size: 8
	.data: load addr=0000d99a, load size=00000006 bytes, run addr=00000273, run size=00000002 bytes, compression=copy
	.bss: load addr=0000d9a6, load size=00000004 bytes, run addr=00000200, run size=00000073 bytes, compression=zero_init


LINKER GENERATED HANDLER TABLE

__TI_handler_table @ 0000d9a0 records: 3, size/record: 2, table size: 6
	index: 0, handler: __TI_zero_init
	index: 1, handler: __TI_decompress_rle24
	index: 2, handler: __TI_decompress_none


GLOBAL SYMBOLS: SORTED ALPHABETICALLY BY Name 

address   name                    
-------   ----                    
0000004a  ADC10AE0                
000001b0  ADC10CTL0               
000001b2  ADC10CTL1               
00000048  ADC10DTC0               
00000049  ADC10DTC1               
000001b4  ADC10MEM                
000001bc  ADC10SA                 
00000057  BCSCTL1                 
00000058  BCSCTL2                 
00000053  BCSCTL3                 
0000d8a0  C$$EXIT                 
00000059  CACTL1                  
0000005a  CACTL2                  
000010fb  CALBC1_12MHZ            
000010f9  CALBC1_16MHZ            
000010ff  CALBC1_1MHZ             
000010fd  CALBC1_8MHZ             
000010fa  CALDCO_12MHZ            
000010f8  CALDCO_16MHZ            
000010fe  CALDCO_1MHZ             
000010fc  CALDCO_8MHZ             
0000005b  CAPD                    
00000056  DCOCTL                  
00000128  FCTL1                   
0000012a  FCTL2                   
0000012c  FCTL3                   
0000d732  GPIO_init               
00000000  IE1                     
00000001  IE2                     
00000002  IFG1                    
00000003  IFG2                    
0000d824  Interrupt_init          
0000d878  LED_Red_Toggle          
00000022  P1DIR                   
00000025  P1IE                    
00000024  P1IES                   
00000023  P1IFG                   
00000020  P1IN                    
00000021  P1OUT                   
00000027  P1REN                   
00000026  P1SEL                   
00000041  P1SEL2                  
0000002a  P2DIR                   
0000002d  P2IE                    
0000002c  P2IES                   
0000002b  P2IFG                   
00000028  P2IN                    
00000029  P2OUT                   
0000002f  P2REN                   
0000002e  P2SEL                   
00000042  P2SEL2                  
0000001a  P3DIR                   
00000018  P3IN                    
00000019  P3OUT                   
00000010  P3REN                   
0000001b  P3SEL                   
00000043  P3SEL2                  
0000d87e  Port_1                  
00000172  TA0CCR0                 
00000174  TA0CCR1                 
00000176  TA0CCR2                 
00000162  TA0CCTL0                
00000164  TA0CCTL1                
00000166  TA0CCTL2                
00000160  TA0CTL                  
0000012e  TA0IV                   
00000170  TA0R                    
00000192  TA1CCR0                 
00000194  TA1CCR1                 
00000196  TA1CCR2                 
00000182  TA1CCTL0                
00000184  TA1CCTL1                
00000186  TA1CCTL2                
00000180  TA1CTL                  
0000011e  TA1IV                   
00000190  TA1R                    
000010db  TLV_ADC10_1_LEN         
000010da  TLV_ADC10_1_TAG         
000010c0  TLV_CHECKSUM            
000010f7  TLV_DCO_30_LEN          
000010f6  TLV_DCO_30_TAG          
0000d5f6  Timer_A                 
0000d830  Timer_Counter1Decrement 
0000d83c  Timer_DelayDecrement    
0000d848  Timer_delay_ms          
0000d42a  Timer_init              
0000d854  Timer_start             
0000d85e  Timer_stop              
0000005d  UCA0ABCTL               
00000062  UCA0BR0                 
00000063  UCA0BR1                 
00000060  UCA0CTL0                
00000061  UCA0CTL1                
0000005f  UCA0IRRCTL              
0000005e  UCA0IRTCTL              
00000064  UCA0MCTL                
00000066  UCA0RXBUF               
00000065  UCA0STAT                
00000067  UCA0TXBUF               
0000006a  UCB0BR0                 
0000006b  UCB0BR1                 
00000068  UCB0CTL0                
00000069  UCB0CTL1                
0000006c  UCB0I2CIE               
00000118  UCB0I2COA               
0000011a  UCB0I2CSA               
0000006e  UCB0RXBUF               
0000006d  UCB0STAT                
0000006f  UCB0TXBUF               
0000c87c  USCI0RX_ISR             
00000120  WDTCTL                  
00000400  __STACK_END             
000000a0  __STACK_SIZE            
0000d9aa  __TI_CINIT_Base         
0000d9b2  __TI_CINIT_Limit        
0000d9a0  __TI_Handler_Table_Base 
0000d9a6  __TI_Handler_Table_Limit
UNDEFED   __TI_INITARRAY_Base     
UNDEFED   __TI_INITARRAY_Limit    
0000d884  __TI_ISR_TRAP           
0000d7c0  __TI_decompress_none    
0000d88a  __TI_decompress_rle24   
0000ffe0  __TI_int00              
0000ffe4  __TI_int02              
0000ffe6  __TI_int03              
0000ffea  __TI_int05              
0000ffec  __TI_int06              
0000ffee  __TI_int07              
0000fff0  __TI_int08              
0000fff2  __TI_int09              
0000fff4  __TI_int10              
0000fff6  __TI_int11              
0000fff8  __TI_int12              
0000fffa  __TI_int13              
0000fffc  __TI_int14              
0000c94c  __TI_printfi_minimal    
0000d75e  __TI_zero_init          
ffffffff  __binit__               
ffffffff  __c_args__              
0000d748  __mspabi_divu           
0000d1a2  __mspabi_divul          
0000d812  __mspabi_func_epilog_1  
0000d810  __mspabi_func_epilog_2  
0000d80e  __mspabi_func_epilog_3  
0000d80c  __mspabi_func_epilog_4  
0000d80a  __mspabi_func_epilog_5  
0000d808  __mspabi_func_epilog_6  
0000d806  __mspabi_func_epilog_7  
0000d79a  __mspabi_mpyi           
0000d79a  __mspabi_mpyi_sw        
0000d5aa  __mspabi_mpyl           
0000d5aa  __mspabi_mpyl_sw        
0000d748  __mspabi_remu           
0000d1a2  __mspabi_remul          
0000d554  __mspabi_slli           
0000d57c  __mspabi_slli_1         
0000d56a  __mspabi_slli_10        
0000d568  __mspabi_slli_11        
0000d566  __mspabi_slli_12        
0000d564  __mspabi_slli_13        
0000d562  __mspabi_slli_14        
0000d560  __mspabi_slli_15        
0000d57a  __mspabi_slli_2         
0000d578  __mspabi_slli_3         
0000d576  __mspabi_slli_4         
0000d574  __mspabi_slli_5         
0000d572  __mspabi_slli_6         
0000d570  __mspabi_slli_7         
0000d56e  __mspabi_slli_8         
0000d56c  __mspabi_slli_9         
0000d4e8  __mspabi_slll_1         
0000d4c4  __mspabi_slll_10        
0000d4c0  __mspabi_slll_11        
0000d4bc  __mspabi_slll_12        
0000d4b8  __mspabi_slll_13        
0000d4b4  __mspabi_slll_14        
0000d4b0  __mspabi_slll_15        
0000d4e4  __mspabi_slll_2         
0000d4e0  __mspabi_slll_3         
0000d4dc  __mspabi_slll_4         
0000d4d8  __mspabi_slll_5         
0000d4d4  __mspabi_slll_6         
0000d4d0  __mspabi_slll_7         
0000d4cc  __mspabi_slll_8         
0000d4c8  __mspabi_slll_9         
0000d396  __mspabi_srli           
0000d3dc  __mspabi_srli_1         
0000d3b8  __mspabi_srli_10        
0000d3b4  __mspabi_srli_11        
0000d3b0  __mspabi_srli_12        
0000d3ac  __mspabi_srli_13        
0000d3a8  __mspabi_srli_14        
0000d3a4  __mspabi_srli_15        
0000d3d8  __mspabi_srli_2         
0000d3d4  __mspabi_srli_3         
0000d3d0  __mspabi_srli_4         
0000d3cc  __mspabi_srli_5         
0000d3c8  __mspabi_srli_6         
0000d3c4  __mspabi_srli_7         
0000d3c0  __mspabi_srli_8         
0000d3bc  __mspabi_srli_9         
0000d0ea  __mspabi_srll_1         
0000d0b4  __mspabi_srll_10        
0000d0ae  __mspabi_srll_11        
0000d0a8  __mspabi_srll_12        
0000d0a2  __mspabi_srll_13        
0000d09c  __mspabi_srll_14        
0000d096  __mspabi_srll_15        
0000d0e4  __mspabi_srll_2         
0000d0de  __mspabi_srll_3         
0000d0d8  __mspabi_srll_4         
0000d0d2  __mspabi_srll_5         
0000d0cc  __mspabi_srll_6         
0000d0c6  __mspabi_srll_7         
0000d0c0  __mspabi_srll_8         
0000d0ba  __mspabi_srll_9         
0000d0f2  _auto_init              
0000d698  _c_int00_noargs_noexit  
0000fffe  _reset_vector           
00000360  _stack                  
0000d89c  _system_pre_init        
0000d8a0  abort                   
ffffffff  binit                   
0000c538  disk_initialize         
0000ccb2  disk_readp              
0000ca16  disk_writep             
0000d67c  dly_100us               
0000c79e  main                    
0000d6cc  memccpy                 
0000d7d2  memcpy                  
0000d786  memset                  
0000d2a6  mmc_GoIdleState         
0000d580  mmc_init                
0000d2f8  mmc_writeLine           
0000c3ba  pf_lseek                
0000c000  pf_mount                
0000cc18  pf_open                 
0000c224  pf_write                
0000d890  rcv_spi                 
0000022a  rxBuffer1               
0000024a  rxBuffer2               
0000d868  spi_deselect            
0000d036  spi_init                
0000d618  spi_rx                  
0000d870  spi_select              
0000d63a  spi_tx                  
0000d4ee  sprintf                 
0000d816  strlen                  
0000d250  usart_init              
0000d6e6  usart_processCommand    
0000d7e4  usart_writeByte         
0000d5d0  usart_writeString       
0000d700  usart_writeStringLength 
0000d896  xmit_spi                


GLOBAL SYMBOLS: SORTED BY Symbol Address 

address   name                    
-------   ----                    
00000000  IE1                     
00000001  IE2                     
00000002  IFG1                    
00000003  IFG2                    
00000010  P3REN                   
00000018  P3IN                    
00000019  P3OUT                   
0000001a  P3DIR                   
0000001b  P3SEL                   
00000020  P1IN                    
00000021  P1OUT                   
00000022  P1DIR                   
00000023  P1IFG                   
00000024  P1IES                   
00000025  P1IE                    
00000026  P1SEL                   
00000027  P1REN                   
00000028  P2IN                    
00000029  P2OUT                   
0000002a  P2DIR                   
0000002b  P2IFG                   
0000002c  P2IES                   
0000002d  P2IE                    
0000002e  P2SEL                   
0000002f  P2REN                   
00000041  P1SEL2                  
00000042  P2SEL2                  
00000043  P3SEL2                  
00000048  ADC10DTC0               
00000049  ADC10DTC1               
0000004a  ADC10AE0                
00000053  BCSCTL3                 
00000056  DCOCTL                  
00000057  BCSCTL1                 
00000058  BCSCTL2                 
00000059  CACTL1                  
0000005a  CACTL2                  
0000005b  CAPD                    
0000005d  UCA0ABCTL               
0000005e  UCA0IRTCTL              
0000005f  UCA0IRRCTL              
00000060  UCA0CTL0                
00000061  UCA0CTL1                
00000062  UCA0BR0                 
00000063  UCA0BR1                 
00000064  UCA0MCTL                
00000065  UCA0STAT                
00000066  UCA0RXBUF               
00000067  UCA0TXBUF               
00000068  UCB0CTL0                
00000069  UCB0CTL1                
0000006a  UCB0BR0                 
0000006b  UCB0BR1                 
0000006c  UCB0I2CIE               
0000006d  UCB0STAT                
0000006e  UCB0RXBUF               
0000006f  UCB0TXBUF               
000000a0  __STACK_SIZE            
00000118  UCB0I2COA               
0000011a  UCB0I2CSA               
0000011e  TA1IV                   
00000120  WDTCTL                  
00000128  FCTL1                   
0000012a  FCTL2                   
0000012c  FCTL3                   
0000012e  TA0IV                   
00000160  TA0CTL                  
00000162  TA0CCTL0                
00000164  TA0CCTL1                
00000166  TA0CCTL2                
00000170  TA0R                    
00000172  TA0CCR0                 
00000174  TA0CCR1                 
00000176  TA0CCR2                 
00000180  TA1CTL                  
00000182  TA1CCTL0                
00000184  TA1CCTL1                
00000186  TA1CCTL2                
00000190  TA1R                    
00000192  TA1CCR0                 
00000194  TA1CCR1                 
00000196  TA1CCR2                 
000001b0  ADC10CTL0               
000001b2  ADC10CTL1               
000001b4  ADC10MEM                
000001bc  ADC10SA                 
0000022a  rxBuffer1               
0000024a  rxBuffer2               
00000360  _stack                  
00000400  __STACK_END             
000010c0  TLV_CHECKSUM            
000010da  TLV_ADC10_1_TAG         
000010db  TLV_ADC10_1_LEN         
000010f6  TLV_DCO_30_TAG          
000010f7  TLV_DCO_30_LEN          
000010f8  CALDCO_16MHZ            
000010f9  CALBC1_16MHZ            
000010fa  CALDCO_12MHZ            
000010fb  CALBC1_12MHZ            
000010fc  CALDCO_8MHZ             
000010fd  CALBC1_8MHZ             
000010fe  CALDCO_1MHZ             
000010ff  CALBC1_1MHZ             
0000c000  pf_mount                
0000c224  pf_write                
0000c3ba  pf_lseek                
0000c538  disk_initialize         
0000c79e  main                    
0000c87c  USCI0RX_ISR             
0000c94c  __TI_printfi_minimal    
0000ca16  disk_writep             
0000cc18  pf_open                 
0000ccb2  disk_readp              
0000d036  spi_init                
0000d096  __mspabi_srll_15        
0000d09c  __mspabi_srll_14        
0000d0a2  __mspabi_srll_13        
0000d0a8  __mspabi_srll_12        
0000d0ae  __mspabi_srll_11        
0000d0b4  __mspabi_srll_10        
0000d0ba  __mspabi_srll_9         
0000d0c0  __mspabi_srll_8         
0000d0c6  __mspabi_srll_7         
0000d0cc  __mspabi_srll_6         
0000d0d2  __mspabi_srll_5         
0000d0d8  __mspabi_srll_4         
0000d0de  __mspabi_srll_3         
0000d0e4  __mspabi_srll_2         
0000d0ea  __mspabi_srll_1         
0000d0f2  _auto_init              
0000d1a2  __mspabi_divul          
0000d1a2  __mspabi_remul          
0000d250  usart_init              
0000d2a6  mmc_GoIdleState         
0000d2f8  mmc_writeLine           
0000d396  __mspabi_srli           
0000d3a4  __mspabi_srli_15        
0000d3a8  __mspabi_srli_14        
0000d3ac  __mspabi_srli_13        
0000d3b0  __mspabi_srli_12        
0000d3b4  __mspabi_srli_11        
0000d3b8  __mspabi_srli_10        
0000d3bc  __mspabi_srli_9         
0000d3c0  __mspabi_srli_8         
0000d3c4  __mspabi_srli_7         
0000d3c8  __mspabi_srli_6         
0000d3cc  __mspabi_srli_5         
0000d3d0  __mspabi_srli_4         
0000d3d4  __mspabi_srli_3         
0000d3d8  __mspabi_srli_2         
0000d3dc  __mspabi_srli_1         
0000d42a  Timer_init              
0000d4b0  __mspabi_slll_15        
0000d4b4  __mspabi_slll_14        
0000d4b8  __mspabi_slll_13        
0000d4bc  __mspabi_slll_12        
0000d4c0  __mspabi_slll_11        
0000d4c4  __mspabi_slll_10        
0000d4c8  __mspabi_slll_9         
0000d4cc  __mspabi_slll_8         
0000d4d0  __mspabi_slll_7         
0000d4d4  __mspabi_slll_6         
0000d4d8  __mspabi_slll_5         
0000d4dc  __mspabi_slll_4         
0000d4e0  __mspabi_slll_3         
0000d4e4  __mspabi_slll_2         
0000d4e8  __mspabi_slll_1         
0000d4ee  sprintf                 
0000d554  __mspabi_slli           
0000d560  __mspabi_slli_15        
0000d562  __mspabi_slli_14        
0000d564  __mspabi_slli_13        
0000d566  __mspabi_slli_12        
0000d568  __mspabi_slli_11        
0000d56a  __mspabi_slli_10        
0000d56c  __mspabi_slli_9         
0000d56e  __mspabi_slli_8         
0000d570  __mspabi_slli_7         
0000d572  __mspabi_slli_6         
0000d574  __mspabi_slli_5         
0000d576  __mspabi_slli_4         
0000d578  __mspabi_slli_3         
0000d57a  __mspabi_slli_2         
0000d57c  __mspabi_slli_1         
0000d580  mmc_init                
0000d5aa  __mspabi_mpyl           
0000d5aa  __mspabi_mpyl_sw        
0000d5d0  usart_writeString       
0000d5f6  Timer_A                 
0000d618  spi_rx                  
0000d63a  spi_tx                  
0000d67c  dly_100us               
0000d698  _c_int00_noargs_noexit  
0000d6cc  memccpy                 
0000d6e6  usart_processCommand    
0000d700  usart_writeStringLength 
0000d732  GPIO_init               
0000d748  __mspabi_divu           
0000d748  __mspabi_remu           
0000d75e  __TI_zero_init          
0000d786  memset                  
0000d79a  __mspabi_mpyi           
0000d79a  __mspabi_mpyi_sw        
0000d7c0  __TI_decompress_none    
0000d7d2  memcpy                  
0000d7e4  usart_writeByte         
0000d806  __mspabi_func_epilog_7  
0000d808  __mspabi_func_epilog_6  
0000d80a  __mspabi_func_epilog_5  
0000d80c  __mspabi_func_epilog_4  
0000d80e  __mspabi_func_epilog_3  
0000d810  __mspabi_func_epilog_2  
0000d812  __mspabi_func_epilog_1  
0000d816  strlen                  
0000d824  Interrupt_init          
0000d830  Timer_Counter1Decrement 
0000d83c  Timer_DelayDecrement    
0000d848  Timer_delay_ms          
0000d854  Timer_start             
0000d85e  Timer_stop              
0000d868  spi_deselect            
0000d870  spi_select              
0000d878  LED_Red_Toggle          
0000d87e  Port_1                  
0000d884  __TI_ISR_TRAP           
0000d88a  __TI_decompress_rle24   
0000d890  rcv_spi                 
0000d896  xmit_spi                
0000d89c  _system_pre_init        
0000d8a0  C$$EXIT                 
0000d8a0  abort                   
0000d9a0  __TI_Handler_Table_Base 
0000d9a6  __TI_Handler_Table_Limit
0000d9aa  __TI_CINIT_Base         
0000d9b2  __TI_CINIT_Limit        
0000ffe0  __TI_int00              
0000ffe4  __TI_int02              
0000ffe6  __TI_int03              
0000ffea  __TI_int05              
0000ffec  __TI_int06              
0000ffee  __TI_int07              
0000fff0  __TI_int08              
0000fff2  __TI_int09              
0000fff4  __TI_int10              
0000fff6  __TI_int11              
0000fff8  __TI_int12              
0000fffa  __TI_int13              
0000fffc  __TI_int14              
0000fffe  _reset_vector           
ffffffff  __binit__               
ffffffff  __c_args__              
ffffffff  binit                   
UNDEFED   __TI_INITARRAY_Base     
UNDEFED   __TI_INITARRAY_Limit    

[254 symbols]
