******************************************************************************
                  MSP430 Linker PC v4.4.5                      
******************************************************************************
>> Linked Thu Jan 10 10:42:22 2019

OUTPUT FILE NAME:   <msp430_nrf24.out>
ENTRY POINT SYMBOL: "_c_int00_noargs_noexit"  address: 0000da0e


MEMORY CONFIGURATION

         name            origin    length      used     unused   attr    fill
----------------------  --------  ---------  --------  --------  ----  --------
  SFR                   00000000   00000010  00000000  00000010  RWIX
  PERIPHERALS_8BIT      00000010   000000f0  00000000  000000f0  RWIX
  PERIPHERALS_16BIT     00000100   00000100  00000000  00000100  RWIX
  RAM                   00000200   00000200  000000e7  00000119  RWIX
  INFOD                 00001000   00000040  00000000  00000040  RWIX
  INFOC                 00001040   00000040  00000000  00000040  RWIX
  INFOB                 00001080   00000040  00000000  00000040  RWIX
  INFOA                 000010c0   00000040  00000000  00000040  RWIX
  FLASH                 0000c000   00003fde  00001de6  000021f8  RWIX
  BSLSIGNATURE          0000ffde   00000002  00000002  00000000  RWIX  ffff 
  INT00                 0000ffe0   00000002  00000002  00000000  RWIX
  INT01                 0000ffe2   00000002  00000000  00000002  RWIX
  INT02                 0000ffe4   00000002  00000002  00000000  RWIX
  INT03                 0000ffe6   00000002  00000002  00000000  RWIX
  INT04                 0000ffe8   00000002  00000000  00000002  RWIX
  INT05                 0000ffea   00000002  00000002  00000000  RWIX
  INT06                 0000ffec   00000002  00000002  00000000  RWIX
  INT07                 0000ffee   00000002  00000002  00000000  RWIX
  INT08                 0000fff0   00000002  00000002  00000000  RWIX
  INT09                 0000fff2   00000002  00000002  00000000  RWIX
  INT10                 0000fff4   00000002  00000002  00000000  RWIX
  INT11                 0000fff6   00000002  00000002  00000000  RWIX
  INT12                 0000fff8   00000002  00000002  00000000  RWIX
  INT13                 0000fffa   00000002  00000002  00000000  RWIX
  INT14                 0000fffc   00000002  00000002  00000000  RWIX
  RESET                 0000fffe   00000002  00000002  00000000  RWIX


SECTION ALLOCATION MAP

 output                                  attributes/
section   page    origin      length       input sections
--------  ----  ----------  ----------   ----------------
.bss       0    00000200    00000044     UNINITIALIZED
                  00000200    00000020     (.common:rxBuffer1)
                  00000220    00000020     (.common:rxBuffer2)
                  00000240    00000002     (.common:gCounter1Tick)
                  00000242    00000002     (.common:gTimeTick)

.data      0    00000244    00000003     UNINITIALIZED
                  00000244    00000002     usart.obj (.data)
                  00000246    00000001     nrf24l01.obj (.data)

.TI.persistent 
*          0    00000244    00000000     UNINITIALIZED

.stack     0    00000360    000000a0     UNINITIALIZED
                  00000360    00000002     rts430_eabi.lib : boot.obj (.stack)
                  00000362    0000009e     --HOLE--

.text      0    0000c000    00001ba6     
                  0000c000    000003ac     rts430_eabi.lib : div64u.obj (.text:__mspabi_divull)
                  0000c3ac    000001f2                     : _printfi_nf.obj (.text:_setfield)
                  0000c59e    000001d0                     : _printfi_nf.obj (.text:__TI_printfi_nofloat)
                  0000c76e    00000168                     : _printfi_nf.obj (.text:_getarg_diouxp)
                  0000c8d6    00000166     nrf24l01.obj (.text:nrf24_ISR)
                  0000ca3c    0000014c     rts430_eabi.lib : _printfi_nf.obj (.text:_pproc_diouxp)
                  0000cb88    000000f8                     : _printfi_nf.obj (.text:_pproc_fwp)
                  0000cc80    000000e0     nrf24l01.obj (.text:nrf24_init)
                  0000cd60    000000d8     usart.obj (.text:USCI0RX_ISR)
                  0000ce38    000000c2     utility.obj (.text:utility_decimal2Buffer)
                  0000cefa    000000ae     rts430_eabi.lib : _printfi_nf.obj (.text:_pproc_str)
                  0000cfa8    000000a2                     : _printfi_nf.obj (.text:_ltostr)
                  0000d04a    00000090                     : _printfi_nf.obj (.text:_div)
                  0000d0da    0000008c     spi.obj (.text:SPI_init)
                  0000d166    0000007e     utility.obj (.text:utility_data2HexBuffer)
                  0000d1e4    00000064     rts430_eabi.lib : copy_decompress_rle.obj (.text:__TI_decompress_rle_core)
                  0000d248    00000058                     : autoinit.obj (.text:_auto_init)
                  0000d2a0    00000058                     : div32u.obj (.text)
                  0000d2f8    00000056     usart.obj (.text:usart_init)
                  0000d34e    00000052     rts430_eabi.lib : atoi.obj (.text:atoi)
                  0000d3a0    00000050     main.obj (.text:main)
                  0000d3f0    0000004e     nrf24l01.obj (.text:nrf24_writeCmd)
                  0000d43e    0000004c     nrf24l01.obj (.text:nrf24_readRxData)
                  0000d48a    0000004c     nrf24l01.obj (.text:nrf24_readRxPayLoad)
                  0000d4d6    00000046     timer.obj (.text:Timer_init)
                  0000d51c    00000044     rts430_eabi.lib : lsr64.obj (.text:__mspabi_srlll)
                  0000d560    00000044                     : _printfi_nf.obj (.text:_pproc_fflags)
                  0000d5a4    00000042                     : lsl64.obj (.text:__mspabi_sllll)
                  0000d5e6    00000038     main.obj (.text:Port_1)
                  0000d61e    00000038     usart.obj (.text:UART_sendString)
                  0000d656    00000038     nrf24l01.obj (.text:nrf24_dummyDelay)
                  0000d68e    00000038     rts430_eabi.lib : sprintf.obj (.text:sprintf)
                  0000d6c6    00000038     usart.obj (.text:usart_writeString)
                  0000d6fe    00000034     usart.obj (.text:UART_sendStringLength)
                  0000d732    00000034     nrf24l01.obj (.text:nrf24_getRxPayLoadSize)
                  0000d766    00000034     nrf24l01.obj (.text:nrf24_readReg)
                  0000d79a    00000034     nrf24l01.obj (.text:nrf24_writeReg)
                  0000d7ce    00000034     usart.obj (.text:usart_writeStringLength)
                  0000d802    00000030     spi.obj (.text:SPI_tx)
                  0000d832    00000030     nrf24l01.obj (.text:nrf24_getRxPipeToRead)
                  0000d862    0000002e     nrf24l01.obj (.text:nrf24_prime_rx_bit)
                  0000d890    0000002c     nrf24l01.obj (.text:nrf24_RxFifoHasData)
                  0000d8bc    0000002c     rts430_eabi.lib : asr16.obj (.text)
                  0000d8e8    0000002c                     : div16s.obj (.text)
                  0000d914    0000002a     spi.obj (.text:SPI_rx)
                  0000d93e    00000028     main.obj (.text:GPIO_init)
                  0000d966    00000028     usart.obj (.text:usart_processCommand)
                  0000d98e    00000026     nrf24l01.obj (.text:nrf24_power_up)
                  0000d9b4    00000022     timer.obj (.text:Timer_A)
                  0000d9d6    0000001e     nrf24l01.obj (.text:nrf24_getStatus)
                  0000d9f4    0000001a     timer.obj (.text:Timer_delay_ms)
                  0000da0e    0000001a     rts430_eabi.lib : boot_special.obj (.text:_c_int00_noargs_noexit)
                  0000da28    0000001a                     : sprintf.obj (.text:_outs)
                  0000da42    0000001a                     : memccpy.obj (.text:memccpy)
                  0000da5c    00000018     main.obj (.text:Interrupt_init)
                  0000da74    00000016     nrf24l01.obj (.text:nrf24_flushRx)
                  0000da8a    00000016     nrf24l01.obj (.text:nrf24_flushTx)
                  0000daa0    00000016     rts430_eabi.lib : div16u.obj (.text)
                  0000dab6    00000014                     : copy_zero_init.obj (.text:decompress:ZI:__TI_zero_init)
                  0000daca    00000014                     : memset.obj (.text:memset)
                  0000dade    00000014                     : mult16.obj (.text)
                  0000daf2    00000012                     : sprintf.obj (.text:_outc)
                  0000db04    00000012                     : copy_decompress_none.obj (.text:decompress:none:__TI_decompress_none)
                  0000db16    00000012                     : lsr32.obj (.text:l_lsr)
                  0000db28    00000012                     : memcpy.obj (.text:memcpy)
                  0000db3a    00000010                     : epilog.obj (.text)
                  0000db4a    0000000e                     : strlen.obj (.text:strlen)
                  0000db58    0000000c     timer.obj (.text:Timer_Counter1Decrement)
                  0000db64    0000000c     timer.obj (.text:Timer_DelayDecrement)
                  0000db70    00000008     spi.obj (.text:SPI_deselect)
                  0000db78    00000008     spi.obj (.text:SPI_select)
                  0000db80    00000006     main.obj (.text:LED_Red_Toggle)
                  0000db86    00000006     rts430_eabi.lib : isr_trap.obj (.text:_isr:__TI_ISR_TRAP)
                  0000db8c    00000006                     : copy_decompress_rle.obj (.text:decompress:rle24:__TI_decompress_rle24)
                  0000db92    00000006     nrf24l01.obj (.text:nrf24_ce_high)
                  0000db98    00000006     nrf24l01.obj (.text:nrf24_ce_low)
                  0000db9e    00000004     rts430_eabi.lib : pre_init.obj (.text:_system_pre_init)
                  0000dba2    00000004                     : exit.obj (.text:abort)

.const     0    0000dba6    00000226     
                  0000dba6    00000101     rts430_eabi.lib : ctype.obj (.const:.string:_ctypes_)
                  0000dca7    00000001     --HOLE-- [fill = 0]
                  0000dca8    000000e0     nrf24l01.obj (.const:.string)
                  0000dd88    00000026     rts430_eabi.lib : _printfi_nf.obj (.const:.string)
                  0000ddae    00000010     main.obj (.const:.string)
                  0000ddbe    00000008     utility.obj (.const:.string)
                  0000ddc6    00000006     usart.obj (.const:.string)

.cinit     0    0000ddcc    0000001a     
                  0000ddcc    00000007     (.cinit..data.load) [load image]
                  0000ddd3    00000001     --HOLE-- [fill = 0]
                  0000ddd4    00000006     (__TI_handler_table)
                  0000ddda    00000004     (.cinit..bss.load) [load image, compression = zero_init]
                  0000ddde    00000008     (__TI_cinit_table)

.init_array 
*          0    0000c000    00000000     UNINITIALIZED

TRAPINT    0    0000ffe0    00000002     
                  0000ffe0    00000002     rts430_eabi.lib : int00.obj (.int00)

$fill000   0    0000ffde    00000002     
                  0000ffde    00000002     --HOLE-- [fill = ffff]

PORT1      0    0000ffe4    00000002     
                  0000ffe4    00000002     main.obj (.int02)

PORT2      0    0000ffe6    00000002     
                  0000ffe6    00000002     rts430_eabi.lib : int03.obj (.int03)

ADC10      0    0000ffea    00000002     
                  0000ffea    00000002     rts430_eabi.lib : int05.obj (.int05)

USCIAB0TX 
*          0    0000ffec    00000002     
                  0000ffec    00000002     rts430_eabi.lib : int06.obj (.int06)

USCIAB0RX 
*          0    0000ffee    00000002     
                  0000ffee    00000002     usart.obj (.int07)

TIMER0_A1 
*          0    0000fff0    00000002     
                  0000fff0    00000002     rts430_eabi.lib : int08.obj (.int08)

TIMER0_A0 
*          0    0000fff2    00000002     
                  0000fff2    00000002     timer.obj (.int09)

WDT        0    0000fff4    00000002     
                  0000fff4    00000002     rts430_eabi.lib : int10.obj (.int10)

COMPARATORA 
*          0    0000fff6    00000002     
                  0000fff6    00000002     rts430_eabi.lib : int11.obj (.int11)

TIMER1_A1 
*          0    0000fff8    00000002     
                  0000fff8    00000002     rts430_eabi.lib : int12.obj (.int12)

TIMER1_A0 
*          0    0000fffa    00000002     
                  0000fffa    00000002     rts430_eabi.lib : int13.obj (.int13)

NMI        0    0000fffc    00000002     
                  0000fffc    00000002     rts430_eabi.lib : int14.obj (.int14)

.reset     0    0000fffe    00000002     
                  0000fffe    00000002     rts430_eabi.lib : boot.obj (.reset)


LINKER GENERATED COPY TABLES

__TI_cinit_table @ 0000ddde records: 2, size/record: 4, table size: 8
	.data: load addr=0000ddcc, load size=00000007 bytes, run addr=00000244, run size=00000003 bytes, compression=copy
	.bss: load addr=0000ddda, load size=00000004 bytes, run addr=00000200, run size=00000044 bytes, compression=zero_init


LINKER GENERATED HANDLER TABLE

__TI_handler_table @ 0000ddd4 records: 3, size/record: 2, table size: 6
	index: 0, handler: __TI_zero_init
	index: 1, handler: __TI_decompress_rle24
	index: 2, handler: __TI_decompress_none


GLOBAL SYMBOLS: SORTED ALPHABETICALLY BY Name 

address   name                    
-------   ----                    
0000004a  ADC10AE0                
000001b0  ADC10CTL0               
000001b2  ADC10CTL1               
00000048  ADC10DTC0               
00000049  ADC10DTC1               
000001b4  ADC10MEM                
000001bc  ADC10SA                 
00000057  BCSCTL1                 
00000058  BCSCTL2                 
00000053  BCSCTL3                 
0000dba2  C$$EXIT                 
00000059  CACTL1                  
0000005a  CACTL2                  
000010fb  CALBC1_12MHZ            
000010f9  CALBC1_16MHZ            
000010ff  CALBC1_1MHZ             
000010fd  CALBC1_8MHZ             
000010fa  CALDCO_12MHZ            
000010f8  CALDCO_16MHZ            
000010fe  CALDCO_1MHZ             
000010fc  CALDCO_8MHZ             
0000005b  CAPD                    
00000056  DCOCTL                  
00000128  FCTL1                   
0000012a  FCTL2                   
0000012c  FCTL3                   
0000d93e  GPIO_init               
00000000  IE1                     
00000001  IE2                     
00000002  IFG1                    
00000003  IFG2                    
0000da5c  Interrupt_init          
0000db80  LED_Red_Toggle          
00000022  P1DIR                   
00000025  P1IE                    
00000024  P1IES                   
00000023  P1IFG                   
00000020  P1IN                    
00000021  P1OUT                   
00000027  P1REN                   
00000026  P1SEL                   
00000041  P1SEL2                  
0000002a  P2DIR                   
0000002d  P2IE                    
0000002c  P2IES                   
0000002b  P2IFG                   
00000028  P2IN                    
00000029  P2OUT                   
0000002f  P2REN                   
0000002e  P2SEL                   
00000042  P2SEL2                  
0000001a  P3DIR                   
00000018  P3IN                    
00000019  P3OUT                   
00000010  P3REN                   
0000001b  P3SEL                   
00000043  P3SEL2                  
0000d5e6  Port_1                  
0000db70  SPI_deselect            
0000d0da  SPI_init                
0000d914  SPI_rx                  
0000db78  SPI_select              
0000d802  SPI_tx                  
00000172  TA0CCR0                 
00000174  TA0CCR1                 
00000176  TA0CCR2                 
00000162  TA0CCTL0                
00000164  TA0CCTL1                
00000166  TA0CCTL2                
00000160  TA0CTL                  
0000012e  TA0IV                   
00000170  TA0R                    
00000192  TA1CCR0                 
00000194  TA1CCR1                 
00000196  TA1CCR2                 
00000182  TA1CCTL0                
00000184  TA1CCTL1                
00000186  TA1CCTL2                
00000180  TA1CTL                  
0000011e  TA1IV                   
00000190  TA1R                    
000010db  TLV_ADC10_1_LEN         
000010da  TLV_ADC10_1_TAG         
000010c0  TLV_CHECKSUM            
000010f7  TLV_DCO_30_LEN          
000010f6  TLV_DCO_30_TAG          
0000d9b4  Timer_A                 
0000db58  Timer_Counter1Decrement 
0000db64  Timer_DelayDecrement    
0000d9f4  Timer_delay_ms          
0000d4d6  Timer_init              
0000d61e  UART_sendString         
0000d6fe  UART_sendStringLength   
0000005d  UCA0ABCTL               
00000062  UCA0BR0                 
00000063  UCA0BR1                 
00000060  UCA0CTL0                
00000061  UCA0CTL1                
0000005f  UCA0IRRCTL              
0000005e  UCA0IRTCTL              
00000064  UCA0MCTL                
00000066  UCA0RXBUF               
00000065  UCA0STAT                
00000067  UCA0TXBUF               
0000006a  UCB0BR0                 
0000006b  UCB0BR1                 
00000068  UCB0CTL0                
00000069  UCB0CTL1                
0000006c  UCB0I2CIE               
00000118  UCB0I2COA               
0000011a  UCB0I2CSA               
0000006e  UCB0RXBUF               
0000006d  UCB0STAT                
0000006f  UCB0TXBUF               
0000cd60  USCI0RX_ISR             
00000120  WDTCTL                  
00000400  __STACK_END             
000000a0  __STACK_SIZE            
0000ddde  __TI_CINIT_Base         
0000dde6  __TI_CINIT_Limit        
0000ddd4  __TI_Handler_Table_Base 
0000ddda  __TI_Handler_Table_Limit
UNDEFED   __TI_INITARRAY_Base     
UNDEFED   __TI_INITARRAY_Limit    
0000db86  __TI_ISR_TRAP           
0000db04  __TI_decompress_none    
0000db8c  __TI_decompress_rle24   
0000ffe0  __TI_int00              
0000ffe4  __TI_int02              
0000ffe6  __TI_int03              
0000ffea  __TI_int05              
0000ffec  __TI_int06              
0000ffee  __TI_int07              
0000fff0  __TI_int08              
0000fff2  __TI_int09              
0000fff4  __TI_int10              
0000fff6  __TI_int11              
0000fff8  __TI_int12              
0000fffa  __TI_int13              
0000fffc  __TI_int14              
0000c59e  __TI_printfi_nofloat    
0000dab6  __TI_zero_init          
ffffffff  __binit__               
ffffffff  __c_args__              
0000d8e8  __mspabi_divi           
0000daa0  __mspabi_divu           
0000d2a0  __mspabi_divul          
0000c000  __mspabi_divull         
0000db46  __mspabi_func_epilog_1  
0000db44  __mspabi_func_epilog_2  
0000db42  __mspabi_func_epilog_3  
0000db40  __mspabi_func_epilog_4  
0000db3e  __mspabi_func_epilog_5  
0000db3c  __mspabi_func_epilog_6  
0000db3a  __mspabi_func_epilog_7  
0000dade  __mspabi_mpyi           
0000dade  __mspabi_mpyi_sw        
0000d8e8  __mspabi_remi           
0000daa0  __mspabi_remu           
0000d2a0  __mspabi_remul          
0000d5a4  __mspabi_sllll          
0000d8bc  __mspabi_srai           
0000d8e4  __mspabi_srai_1         
0000d8d2  __mspabi_srai_10        
0000d8d0  __mspabi_srai_11        
0000d8ce  __mspabi_srai_12        
0000d8cc  __mspabi_srai_13        
0000d8ca  __mspabi_srai_14        
0000d8c8  __mspabi_srai_15        
0000d8e2  __mspabi_srai_2         
0000d8e0  __mspabi_srai_3         
0000d8de  __mspabi_srai_4         
0000d8dc  __mspabi_srai_5         
0000d8da  __mspabi_srai_6         
0000d8d8  __mspabi_srai_7         
0000d8d6  __mspabi_srai_8         
0000d8d4  __mspabi_srai_9         
0000db16  __mspabi_srll           
0000d51c  __mspabi_srlll          
0000d248  _auto_init              
0000da0e  _c_int00_noargs_noexit  
0000dba6  _ctypes_                
0000fffe  _reset_vector           
00000360  _stack                  
0000db9e  _system_pre_init        
0000dba2  abort                   
0000d34e  atoi                    
ffffffff  binit                   
0000d3a0  main                    
0000da42  memccpy                 
0000db28  memcpy                  
0000daca  memset                  
0000c8d6  nrf24_ISR               
0000d890  nrf24_RxFifoHasData     
0000db92  nrf24_ce_high           
0000db98  nrf24_ce_low            
0000d656  nrf24_dummyDelay        
0000da74  nrf24_flushRx           
0000da8a  nrf24_flushTx           
0000d732  nrf24_getRxPayLoadSize  
0000d832  nrf24_getRxPipeToRead   
0000d9d6  nrf24_getStatus         
0000cc80  nrf24_init              
0000d98e  nrf24_power_up          
0000d862  nrf24_prime_rx_bit      
0000d766  nrf24_readReg           
0000d43e  nrf24_readRxData        
0000d48a  nrf24_readRxPayLoad     
0000d3f0  nrf24_writeCmd          
0000d79a  nrf24_writeReg          
00000200  rxBuffer1               
00000220  rxBuffer2               
0000d68e  sprintf                 
0000db4a  strlen                  
0000d2f8  usart_init              
0000d966  usart_processCommand    
0000d6c6  usart_writeString       
0000d7ce  usart_writeStringLength 
0000d166  utility_data2HexBuffer  
0000ce38  utility_decimal2Buffer  


GLOBAL SYMBOLS: SORTED BY Symbol Address 

address   name                    
-------   ----                    
00000000  IE1                     
00000001  IE2                     
00000002  IFG1                    
00000003  IFG2                    
00000010  P3REN                   
00000018  P3IN                    
00000019  P3OUT                   
0000001a  P3DIR                   
0000001b  P3SEL                   
00000020  P1IN                    
00000021  P1OUT                   
00000022  P1DIR                   
00000023  P1IFG                   
00000024  P1IES                   
00000025  P1IE                    
00000026  P1SEL                   
00000027  P1REN                   
00000028  P2IN                    
00000029  P2OUT                   
0000002a  P2DIR                   
0000002b  P2IFG                   
0000002c  P2IES                   
0000002d  P2IE                    
0000002e  P2SEL                   
0000002f  P2REN                   
00000041  P1SEL2                  
00000042  P2SEL2                  
00000043  P3SEL2                  
00000048  ADC10DTC0               
00000049  ADC10DTC1               
0000004a  ADC10AE0                
00000053  BCSCTL3                 
00000056  DCOCTL                  
00000057  BCSCTL1                 
00000058  BCSCTL2                 
00000059  CACTL1                  
0000005a  CACTL2                  
0000005b  CAPD                    
0000005d  UCA0ABCTL               
0000005e  UCA0IRTCTL              
0000005f  UCA0IRRCTL              
00000060  UCA0CTL0                
00000061  UCA0CTL1                
00000062  UCA0BR0                 
00000063  UCA0BR1                 
00000064  UCA0MCTL                
00000065  UCA0STAT                
00000066  UCA0RXBUF               
00000067  UCA0TXBUF               
00000068  UCB0CTL0                
00000069  UCB0CTL1                
0000006a  UCB0BR0                 
0000006b  UCB0BR1                 
0000006c  UCB0I2CIE               
0000006d  UCB0STAT                
0000006e  UCB0RXBUF               
0000006f  UCB0TXBUF               
000000a0  __STACK_SIZE            
00000118  UCB0I2COA               
0000011a  UCB0I2CSA               
0000011e  TA1IV                   
00000120  WDTCTL                  
00000128  FCTL1                   
0000012a  FCTL2                   
0000012c  FCTL3                   
0000012e  TA0IV                   
00000160  TA0CTL                  
00000162  TA0CCTL0                
00000164  TA0CCTL1                
00000166  TA0CCTL2                
00000170  TA0R                    
00000172  TA0CCR0                 
00000174  TA0CCR1                 
00000176  TA0CCR2                 
00000180  TA1CTL                  
00000182  TA1CCTL0                
00000184  TA1CCTL1                
00000186  TA1CCTL2                
00000190  TA1R                    
00000192  TA1CCR0                 
00000194  TA1CCR1                 
00000196  TA1CCR2                 
000001b0  ADC10CTL0               
000001b2  ADC10CTL1               
000001b4  ADC10MEM                
000001bc  ADC10SA                 
00000200  rxBuffer1               
00000220  rxBuffer2               
00000360  _stack                  
00000400  __STACK_END             
000010c0  TLV_CHECKSUM            
000010da  TLV_ADC10_1_TAG         
000010db  TLV_ADC10_1_LEN         
000010f6  TLV_DCO_30_TAG          
000010f7  TLV_DCO_30_LEN          
000010f8  CALDCO_16MHZ            
000010f9  CALBC1_16MHZ            
000010fa  CALDCO_12MHZ            
000010fb  CALBC1_12MHZ            
000010fc  CALDCO_8MHZ             
000010fd  CALBC1_8MHZ             
000010fe  CALDCO_1MHZ             
000010ff  CALBC1_1MHZ             
0000c000  __mspabi_divull         
0000c59e  __TI_printfi_nofloat    
0000c8d6  nrf24_ISR               
0000cc80  nrf24_init              
0000cd60  USCI0RX_ISR             
0000ce38  utility_decimal2Buffer  
0000d0da  SPI_init                
0000d166  utility_data2HexBuffer  
0000d248  _auto_init              
0000d2a0  __mspabi_divul          
0000d2a0  __mspabi_remul          
0000d2f8  usart_init              
0000d34e  atoi                    
0000d3a0  main                    
0000d3f0  nrf24_writeCmd          
0000d43e  nrf24_readRxData        
0000d48a  nrf24_readRxPayLoad     
0000d4d6  Timer_init              
0000d51c  __mspabi_srlll          
0000d5a4  __mspabi_sllll          
0000d5e6  Port_1                  
0000d61e  UART_sendString         
0000d656  nrf24_dummyDelay        
0000d68e  sprintf                 
0000d6c6  usart_writeString       
0000d6fe  UART_sendStringLength   
0000d732  nrf24_getRxPayLoadSize  
0000d766  nrf24_readReg           
0000d79a  nrf24_writeReg          
0000d7ce  usart_writeStringLength 
0000d802  SPI_tx                  
0000d832  nrf24_getRxPipeToRead   
0000d862  nrf24_prime_rx_bit      
0000d890  nrf24_RxFifoHasData     
0000d8bc  __mspabi_srai           
0000d8c8  __mspabi_srai_15        
0000d8ca  __mspabi_srai_14        
0000d8cc  __mspabi_srai_13        
0000d8ce  __mspabi_srai_12        
0000d8d0  __mspabi_srai_11        
0000d8d2  __mspabi_srai_10        
0000d8d4  __mspabi_srai_9         
0000d8d6  __mspabi_srai_8         
0000d8d8  __mspabi_srai_7         
0000d8da  __mspabi_srai_6         
0000d8dc  __mspabi_srai_5         
0000d8de  __mspabi_srai_4         
0000d8e0  __mspabi_srai_3         
0000d8e2  __mspabi_srai_2         
0000d8e4  __mspabi_srai_1         
0000d8e8  __mspabi_divi           
0000d8e8  __mspabi_remi           
0000d914  SPI_rx                  
0000d93e  GPIO_init               
0000d966  usart_processCommand    
0000d98e  nrf24_power_up          
0000d9b4  Timer_A                 
0000d9d6  nrf24_getStatus         
0000d9f4  Timer_delay_ms          
0000da0e  _c_int00_noargs_noexit  
0000da42  memccpy                 
0000da5c  Interrupt_init          
0000da74  nrf24_flushRx           
0000da8a  nrf24_flushTx           
0000daa0  __mspabi_divu           
0000daa0  __mspabi_remu           
0000dab6  __TI_zero_init          
0000daca  memset                  
0000dade  __mspabi_mpyi           
0000dade  __mspabi_mpyi_sw        
0000db04  __TI_decompress_none    
0000db16  __mspabi_srll           
0000db28  memcpy                  
0000db3a  __mspabi_func_epilog_7  
0000db3c  __mspabi_func_epilog_6  
0000db3e  __mspabi_func_epilog_5  
0000db40  __mspabi_func_epilog_4  
0000db42  __mspabi_func_epilog_3  
0000db44  __mspabi_func_epilog_2  
0000db46  __mspabi_func_epilog_1  
0000db4a  strlen                  
0000db58  Timer_Counter1Decrement 
0000db64  Timer_DelayDecrement    
0000db70  SPI_deselect            
0000db78  SPI_select              
0000db80  LED_Red_Toggle          
0000db86  __TI_ISR_TRAP           
0000db8c  __TI_decompress_rle24   
0000db92  nrf24_ce_high           
0000db98  nrf24_ce_low            
0000db9e  _system_pre_init        
0000dba2  C$$EXIT                 
0000dba2  abort                   
0000dba6  _ctypes_                
0000ddd4  __TI_Handler_Table_Base 
0000ddda  __TI_Handler_Table_Limit
0000ddde  __TI_CINIT_Base         
0000dde6  __TI_CINIT_Limit        
0000ffe0  __TI_int00              
0000ffe4  __TI_int02              
0000ffe6  __TI_int03              
0000ffea  __TI_int05              
0000ffec  __TI_int06              
0000ffee  __TI_int07              
0000fff0  __TI_int08              
0000fff2  __TI_int09              
0000fff4  __TI_int10              
0000fff6  __TI_int11              
0000fff8  __TI_int12              
0000fffa  __TI_int13              
0000fffc  __TI_int14              
0000fffe  _reset_vector           
ffffffff  __binit__               
ffffffff  __c_args__              
ffffffff  binit                   
UNDEFED   __TI_INITARRAY_Base     
UNDEFED   __TI_INITARRAY_Limit    

[220 symbols]
