******************************************************************************
                  MSP430 Linker PC v4.4.5                      
******************************************************************************
>> Linked Tue Jan 29 09:23:35 2019

OUTPUT FILE NAME:   <msp430_nrf24.out>
ENTRY POINT SYMBOL: "_c_int00_noargs_noexit"  address: 0000e9d0


MEMORY CONFIGURATION

         name            origin    length      used     unused   attr    fill
----------------------  --------  ---------  --------  --------  ----  --------
  SFR                   00000000   00000010  00000000  00000010  RWIX
  PERIPHERALS_8BIT      00000010   000000f0  00000000  000000f0  RWIX
  PERIPHERALS_16BIT     00000100   00000100  00000000  00000100  RWIX
  RAM                   00000200   00000200  0000014d  000000b3  RWIX
  INFOD                 00001000   00000040  00000000  00000040  RWIX
  INFOC                 00001040   00000040  00000000  00000040  RWIX
  INFOB                 00001080   00000040  00000000  00000040  RWIX
  INFOA                 000010c0   00000040  00000000  00000040  RWIX
  FLASH                 0000c000   00003fde  00002e49  00001195  RWIX
  BSLSIGNATURE          0000ffde   00000002  00000002  00000000  RWIX  ffff 
  INT00                 0000ffe0   00000002  00000002  00000000  RWIX
  INT01                 0000ffe2   00000002  00000000  00000002  RWIX
  INT02                 0000ffe4   00000002  00000002  00000000  RWIX
  INT03                 0000ffe6   00000002  00000002  00000000  RWIX
  INT04                 0000ffe8   00000002  00000000  00000002  RWIX
  INT05                 0000ffea   00000002  00000002  00000000  RWIX
  INT06                 0000ffec   00000002  00000002  00000000  RWIX
  INT07                 0000ffee   00000002  00000002  00000000  RWIX
  INT08                 0000fff0   00000002  00000002  00000000  RWIX
  INT09                 0000fff2   00000002  00000002  00000000  RWIX
  INT10                 0000fff4   00000002  00000002  00000000  RWIX
  INT11                 0000fff6   00000002  00000002  00000000  RWIX
  INT12                 0000fff8   00000002  00000002  00000000  RWIX
  INT13                 0000fffa   00000002  00000002  00000000  RWIX
  INT14                 0000fffc   00000002  00000002  00000000  RWIX
  RESET                 0000fffe   00000002  00000002  00000000  RWIX


SECTION ALLOCATION MAP

 output                                  attributes/
section   page    origin      length       input sections
--------  ----  ----------  ----------   ----------------
.bss       0    00000200    0000009c     UNINITIALIZED
                  00000200    00000040     (.common:outBuffer)
                  00000240    00000020     (.common:rxBuffer1)
                  00000260    00000020     (.common:rxBuffer2)
                  00000280    00000018     (.common:mCalibrationData)
                  00000298    00000002     (.common:gCounter1Tick)
                  0000029a    00000002     (.common:gTimeTick)

.data      0    0000029c    00000011     UNINITIALIZED
                  0000029c    00000008     main.obj (.data:txBuffer)
                  000002a4    00000004     BMP280.obj (.data)
                  000002a8    00000002     main.obj (.data)
                  000002aa    00000002     usart.obj (.data)
                  000002ac    00000001     nrf24l01.obj (.data)

.TI.persistent 
*          0    0000029c    00000000     UNINITIALIZED

.stack     0    00000360    000000a0     UNINITIALIZED
                  00000360    00000002     rts430_eabi.lib : boot.obj (.stack)
                  00000362    0000009e     --HOLE--

.text      0    0000c000    00002bbc     
                  0000c000    000003be     BMP280.obj (.text:BMP280_compensate_P_int64)
                  0000c3be    000003ac     rts430_eabi.lib : div64u.obj (.text:__mspabi_divull)
                  0000c76a    000001fa     BMP280.obj (.text:BMP280_read)
                  0000c964    000001f2     rts430_eabi.lib : _printfi_nf.obj (.text:_setfield)
                  0000cb56    000001d0                     : _printfi_nf.obj (.text:__TI_printfi_nofloat)
                  0000cd26    000001c2     nrf24l01.obj (.text:nrf24_ISR)
                  0000cee8    00000168     rts430_eabi.lib : _printfi_nf.obj (.text:_getarg_diouxp)
                  0000d050    0000014c                     : div64s.obj (.text:__mspabi_divlli)
                  0000d19c    0000014c                     : _printfi_nf.obj (.text:_pproc_diouxp)
                  0000d2e8    00000134     main.obj (.text:main)
                  0000d41c    00000114     rts430_eabi.lib : mult64.obj (.text:__mpyll)
                  0000d530    000000f8                     : _printfi_nf.obj (.text:_pproc_fwp)
                  0000d628    000000f2     nrf24l01.obj (.text:nrf24_transmitData)
                  0000d71a    000000e2     BMP280.obj (.text:BMP280_readCalibrationValues)
                  0000d7fc    000000e0     nrf24l01.obj (.text:nrf24_init)
                  0000d8dc    000000d8     usart.obj (.text:USCI0RX_ISR)
                  0000d9b4    000000d2     BMP280.obj (.text:BMP280_compensate_T_int32)
                  0000da86    000000c2     utility.obj (.text:utility_decimal2Buffer)
                  0000db48    000000ae     rts430_eabi.lib : _printfi_nf.obj (.text:_pproc_str)
                  0000dbf6    000000a2                     : _printfi_nf.obj (.text:_ltostr)
                  0000dc98    00000090                     : _printfi_nf.obj (.text:_div)
                  0000dd28    0000008c     spi.obj (.text:SPI_init)
                  0000ddb4    0000007e     nrf24l01.obj (.text:nrf24_setTxPipe)
                  0000de32    0000006e     utility.obj (.text:utility_data2HexBuffer)
                  0000dea0    00000064     rts430_eabi.lib : copy_decompress_rle.obj (.text:__TI_decompress_rle_core)
                  0000df04    0000005c                     : lsr32.obj (.text:l_lsr_const)
                  0000df60    00000058                     : autoinit.obj (.text:_auto_init)
                  0000dfb8    00000058                     : div32u.obj (.text)
                  0000e010    00000056     BMP280.obj (.text:BMP280_readRegArray)
                  0000e066    00000056     usart.obj (.text:usart_init)
                  0000e0bc    00000054     nrf24l01.obj (.text:nrf24_writeRegArray)
                  0000e110    00000052     BMP280.obj (.text:BMP280_init)
                  0000e162    00000052     rts430_eabi.lib : atoi.obj (.text:atoi)
                  0000e1b4    0000004e     nrf24l01.obj (.text:nrf24_writeCmd)
                  0000e202    0000004c     nrf24l01.obj (.text:nrf24_readRxData)
                  0000e24e    0000004c     nrf24l01.obj (.text:nrf24_readRxPayLoad)
                  0000e29a    00000048     rts430_eabi.lib : asr64.obj (.text:__mspabi_srall)
                  0000e2e2    00000046     timer.obj (.text:Timer_init)
                  0000e328    00000044     rts430_eabi.lib : lsr64.obj (.text:__mspabi_srlll)
                  0000e36c    00000044                     : _printfi_nf.obj (.text:_pproc_fflags)
                  0000e3b0    00000042                     : lsl64.obj (.text:__mspabi_sllll)
                  0000e3f2    00000040                     : div32s.obj (.text)
                  0000e432    0000003e                     : asr32.obj (.text:l_asr_const)
                  0000e470    0000003e                     : lsl32.obj (.text:l_lsl_const)
                  0000e4ae    00000038     BMP280.obj (.text:BMP280_dummyDelay)
                  0000e4e6    00000038     BMP280.obj (.text:BMP280_readReg)
                  0000e51e    00000038     usart.obj (.text:UART_sendString)
                  0000e556    00000038     nrf24l01.obj (.text:nrf24_ce_pulse)
                  0000e58e    00000038     nrf24l01.obj (.text:nrf24_dummyDelay)
                  0000e5c6    00000038     rts430_eabi.lib : sprintf.obj (.text:sprintf)
                  0000e5fe    00000038     usart.obj (.text:usart_writeString)
                  0000e636    00000034     usart.obj (.text:UART_sendStringLength)
                  0000e66a    00000034     nrf24l01.obj (.text:nrf24_getRxPayLoadSize)
                  0000e69e    00000034     nrf24l01.obj (.text:nrf24_readReg)
                  0000e6d2    00000034     nrf24l01.obj (.text:nrf24_writeReg)
                  0000e706    00000034     usart.obj (.text:usart_writeStringLength)
                  0000e73a    00000030     BMP280.obj (.text:BMP280_writeReg)
                  0000e76a    00000030     spi.obj (.text:SPI_tx)
                  0000e79a    00000030     nrf24l01.obj (.text:nrf24_getRxPipeToRead)
                  0000e7ca    0000002e     nrf24l01.obj (.text:nrf24_prime_rx_bit)
                  0000e7f8    0000002c     nrf24l01.obj (.text:nrf24_RxFifoHasData)
                  0000e824    0000002c     rts430_eabi.lib : asr16.obj (.text)
                  0000e850    0000002a     spi.obj (.text:SPI_rx)
                  0000e87a    00000028     main.obj (.text:Port_1)
                  0000e8a2    00000028     usart.obj (.text:usart_processCommand)
                  0000e8ca    00000026     nrf24l01.obj (.text:nrf24_power_up)
                  0000e8f0    00000026     rts430_eabi.lib : mult32.obj (.text)
                  0000e916    00000022     BMP280.obj (.text:BMP280_wakeup)
                  0000e938    00000022     timer.obj (.text:Timer_A)
                  0000e95a    00000022     rts430_eabi.lib : mult1632.obj (.text:__mpyul)
                  0000e97c    0000001e     nrf24l01.obj (.text:nrf24_getStatus)
                  0000e99a    0000001c     main.obj (.text:GPIO_init)
                  0000e9b6    0000001a     timer.obj (.text:Timer_delay_ms)
                  0000e9d0    0000001a     rts430_eabi.lib : boot_special.obj (.text:_c_int00_noargs_noexit)
                  0000e9ea    0000001a                     : sprintf.obj (.text:_outs)
                  0000ea04    0000001a                     : memccpy.obj (.text:memccpy)
                  0000ea1e    0000001a     nrf24l01.obj (.text:nrf24_writeTXPayLoad)
                  0000ea38    00000016     rts430_eabi.lib : llabs.obj (.text:llabs)
                  0000ea4e    00000016     nrf24l01.obj (.text:nrf24_flushRx)
                  0000ea64    00000016     nrf24l01.obj (.text:nrf24_flushTx)
                  0000ea7a    00000016     rts430_eabi.lib : div16u.obj (.text)
                  0000ea90    00000014                     : copy_zero_init.obj (.text:decompress:ZI:__TI_zero_init)
                  0000eaa4    00000014                     : memset.obj (.text:memset)
                  0000eab8    00000014                     : mult16.obj (.text)
                  0000eacc    00000012     BMP280.obj (.text:BMP280_readChipID)
                  0000eade    00000012     rts430_eabi.lib : sprintf.obj (.text:_outc)
                  0000eaf0    00000012                     : copy_decompress_none.obj (.text:decompress:none:__TI_decompress_none)
                  0000eb02    00000012                     : lsr32.obj (.text:l_lsr)
                  0000eb14    00000012                     : memcpy.obj (.text:memcpy)
                  0000eb26    00000010     main.obj (.text:Interrupt_init)
                  0000eb36    00000010     rts430_eabi.lib : epilog.obj (.text)
                  0000eb46    0000000e     BMP280.obj (.text:BMP280_reset)
                  0000eb54    0000000e     rts430_eabi.lib : strlen.obj (.text:strlen)
                  0000eb62    0000000c     timer.obj (.text:Timer_Counter1Decrement)
                  0000eb6e    0000000c     timer.obj (.text:Timer_DelayDecrement)
                  0000eb7a    00000008     spi.obj (.text:SPI_deselect)
                  0000eb82    00000008     spi.obj (.text:SPI_select)
                  0000eb8a    00000006     BMP280.obj (.text:BMP280_deselect)
                  0000eb90    00000006     BMP280.obj (.text:BMP280_select)
                  0000eb96    00000006     main.obj (.text:LED_Red_Toggle)
                  0000eb9c    00000006     rts430_eabi.lib : isr_trap.obj (.text:_isr:__TI_ISR_TRAP)
                  0000eba2    00000006                     : copy_decompress_rle.obj (.text:decompress:rle24:__TI_decompress_rle24)
                  0000eba8    00000006     nrf24l01.obj (.text:nrf24_ce_high)
                  0000ebae    00000006     nrf24l01.obj (.text:nrf24_ce_low)
                  0000ebb4    00000004     rts430_eabi.lib : pre_init.obj (.text:_system_pre_init)
                  0000ebb8    00000004                     : exit.obj (.text:abort)

.const     0    0000ebbc    0000026f     
                  0000ebbc    00000101     rts430_eabi.lib : ctype.obj (.const:.string:_ctypes_)
                  0000ecbd    00000001     --HOLE-- [fill = 0]
                  0000ecbe    000000ea     nrf24l01.obj (.const:.string)
                  0000eda8    0000002c     main.obj (.const:.string)
                  0000edd4    00000026     rts430_eabi.lib : _printfi_nf.obj (.const:.string)
                  0000edfa    00000008     utility.obj (.const:.string)
                  0000ee02    00000006     usart.obj (.const:.string)
                  0000ee08    00000005     nrf24l01.obj (.const:.string:mTxAddress_Pipe0)
                  0000ee0d    00000001     --HOLE-- [fill = 0]
                  0000ee0e    00000005     nrf24l01.obj (.const:.string:mTxAddress_Pipe1)
                  0000ee13    00000001     --HOLE-- [fill = 0]
                  0000ee14    00000005     nrf24l01.obj (.const:.string:mTxAddress_Pipe2)
                  0000ee19    00000001     --HOLE-- [fill = 0]
                  0000ee1a    00000005     nrf24l01.obj (.const:.string:mTxAddress_Pipe3)
                  0000ee1f    00000001     --HOLE-- [fill = 0]
                  0000ee20    00000005     nrf24l01.obj (.const:.string:mTxAddress_Pipe4)
                  0000ee25    00000001     --HOLE-- [fill = 0]
                  0000ee26    00000005     nrf24l01.obj (.const:.string:mTxAddress_Pipe5)

.cinit     0    0000ee2c    0000001e     
                  0000ee2c    0000000b     (.cinit..data.load) [load image, compression = rle]
                  0000ee37    00000001     --HOLE-- [fill = 0]
                  0000ee38    00000006     (__TI_handler_table)
                  0000ee3e    00000004     (.cinit..bss.load) [load image, compression = zero_init]
                  0000ee42    00000008     (__TI_cinit_table)

.init_array 
*          0    0000c000    00000000     UNINITIALIZED

TRAPINT    0    0000ffe0    00000002     
                  0000ffe0    00000002     rts430_eabi.lib : int00.obj (.int00)

$fill000   0    0000ffde    00000002     
                  0000ffde    00000002     --HOLE-- [fill = ffff]

PORT1      0    0000ffe4    00000002     
                  0000ffe4    00000002     main.obj (.int02)

PORT2      0    0000ffe6    00000002     
                  0000ffe6    00000002     rts430_eabi.lib : int03.obj (.int03)

ADC10      0    0000ffea    00000002     
                  0000ffea    00000002     rts430_eabi.lib : int05.obj (.int05)

USCIAB0TX 
*          0    0000ffec    00000002     
                  0000ffec    00000002     rts430_eabi.lib : int06.obj (.int06)

USCIAB0RX 
*          0    0000ffee    00000002     
                  0000ffee    00000002     usart.obj (.int07)

TIMER0_A1 
*          0    0000fff0    00000002     
                  0000fff0    00000002     rts430_eabi.lib : int08.obj (.int08)

TIMER0_A0 
*          0    0000fff2    00000002     
                  0000fff2    00000002     timer.obj (.int09)

WDT        0    0000fff4    00000002     
                  0000fff4    00000002     rts430_eabi.lib : int10.obj (.int10)

COMPARATORA 
*          0    0000fff6    00000002     
                  0000fff6    00000002     rts430_eabi.lib : int11.obj (.int11)

TIMER1_A1 
*          0    0000fff8    00000002     
                  0000fff8    00000002     rts430_eabi.lib : int12.obj (.int12)

TIMER1_A0 
*          0    0000fffa    00000002     
                  0000fffa    00000002     rts430_eabi.lib : int13.obj (.int13)

NMI        0    0000fffc    00000002     
                  0000fffc    00000002     rts430_eabi.lib : int14.obj (.int14)

.reset     0    0000fffe    00000002     
                  0000fffe    00000002     rts430_eabi.lib : boot.obj (.reset)


LINKER GENERATED COPY TABLES

__TI_cinit_table @ 0000ee42 records: 2, size/record: 4, table size: 8
	.data: load addr=0000ee2c, load size=0000000b bytes, run addr=0000029c, run size=00000011 bytes, compression=rle
	.bss: load addr=0000ee3e, load size=00000004 bytes, run addr=00000200, run size=0000009c bytes, compression=zero_init


LINKER GENERATED HANDLER TABLE

__TI_handler_table @ 0000ee38 records: 3, size/record: 2, table size: 6
	index: 0, handler: __TI_zero_init
	index: 1, handler: __TI_decompress_rle24
	index: 2, handler: __TI_decompress_none


GLOBAL SYMBOLS: SORTED ALPHABETICALLY BY Name 

address   name                     
-------   ----                     
0000004a  ADC10AE0                 
000001b0  ADC10CTL0                
000001b2  ADC10CTL1                
00000048  ADC10DTC0                
00000049  ADC10DTC1                
000001b4  ADC10MEM                 
000001bc  ADC10SA                  
00000057  BCSCTL1                  
00000058  BCSCTL2                  
00000053  BCSCTL3                  
0000c000  BMP280_compensate_P_int64
0000d9b4  BMP280_compensate_T_int32
0000e110  BMP280_init              
0000c76a  BMP280_read              
0000eacc  BMP280_readChipID        
0000e010  BMP280_readRegArray      
0000eb46  BMP280_reset             
0000e916  BMP280_wakeup            
0000ebb8  C$$EXIT                  
00000059  CACTL1                   
0000005a  CACTL2                   
000010fb  CALBC1_12MHZ             
000010f9  CALBC1_16MHZ             
000010ff  CALBC1_1MHZ              
000010fd  CALBC1_8MHZ              
000010fa  CALDCO_12MHZ             
000010f8  CALDCO_16MHZ             
000010fe  CALDCO_1MHZ              
000010fc  CALDCO_8MHZ              
0000005b  CAPD                     
00000056  DCOCTL                   
00000128  FCTL1                    
0000012a  FCTL2                    
0000012c  FCTL3                    
0000e99a  GPIO_init                
00000000  IE1                      
00000001  IE2                      
00000002  IFG1                     
00000003  IFG2                     
0000eb26  Interrupt_init           
0000eb96  LED_Red_Toggle           
00000022  P1DIR                    
00000025  P1IE                     
00000024  P1IES                    
00000023  P1IFG                    
00000020  P1IN                     
00000021  P1OUT                    
00000027  P1REN                    
00000026  P1SEL                    
00000041  P1SEL2                   
0000002a  P2DIR                    
0000002d  P2IE                     
0000002c  P2IES                    
0000002b  P2IFG                    
00000028  P2IN                     
00000029  P2OUT                    
0000002f  P2REN                    
0000002e  P2SEL                    
00000042  P2SEL2                   
0000001a  P3DIR                    
00000018  P3IN                     
00000019  P3OUT                    
00000010  P3REN                    
0000001b  P3SEL                    
00000043  P3SEL2                   
0000e87a  Port_1                   
0000eb7a  SPI_deselect             
0000dd28  SPI_init                 
0000e850  SPI_rx                   
0000eb82  SPI_select               
0000e76a  SPI_tx                   
00000172  TA0CCR0                  
00000174  TA0CCR1                  
00000176  TA0CCR2                  
00000162  TA0CCTL0                 
00000164  TA0CCTL1                 
00000166  TA0CCTL2                 
00000160  TA0CTL                   
0000012e  TA0IV                    
00000170  TA0R                     
00000192  TA1CCR0                  
00000194  TA1CCR1                  
00000196  TA1CCR2                  
00000182  TA1CCTL0                 
00000184  TA1CCTL1                 
00000186  TA1CCTL2                 
00000180  TA1CTL                   
0000011e  TA1IV                    
00000190  TA1R                     
000010db  TLV_ADC10_1_LEN          
000010da  TLV_ADC10_1_TAG          
000010c0  TLV_CHECKSUM             
000010f7  TLV_DCO_30_LEN           
000010f6  TLV_DCO_30_TAG           
0000e938  Timer_A                  
0000eb62  Timer_Counter1Decrement  
0000eb6e  Timer_DelayDecrement     
0000e9b6  Timer_delay_ms           
0000e2e2  Timer_init               
0000e51e  UART_sendString          
0000e636  UART_sendStringLength    
0000005d  UCA0ABCTL                
00000062  UCA0BR0                  
00000063  UCA0BR1                  
00000060  UCA0CTL0                 
00000061  UCA0CTL1                 
0000005f  UCA0IRRCTL               
0000005e  UCA0IRTCTL               
00000064  UCA0MCTL                 
00000066  UCA0RXBUF                
00000065  UCA0STAT                 
00000067  UCA0TXBUF                
0000006a  UCB0BR0                  
0000006b  UCB0BR1                  
00000068  UCB0CTL0                 
00000069  UCB0CTL1                 
0000006c  UCB0I2CIE                
00000118  UCB0I2COA                
0000011a  UCB0I2CSA                
0000006e  UCB0RXBUF                
0000006d  UCB0STAT                 
0000006f  UCB0TXBUF                
0000d8dc  USCI0RX_ISR              
00000120  WDTCTL                   
00000400  __STACK_END              
000000a0  __STACK_SIZE             
0000ee42  __TI_CINIT_Base          
0000ee4a  __TI_CINIT_Limit         
0000ee38  __TI_Handler_Table_Base  
0000ee3e  __TI_Handler_Table_Limit 
UNDEFED   __TI_INITARRAY_Base      
UNDEFED   __TI_INITARRAY_Limit     
0000eb9c  __TI_ISR_TRAP            
0000eaf0  __TI_decompress_none     
0000eba2  __TI_decompress_rle24    
0000ffe0  __TI_int00               
0000ffe4  __TI_int02               
0000ffe6  __TI_int03               
0000ffea  __TI_int05               
0000ffec  __TI_int06               
0000ffee  __TI_int07               
0000fff0  __TI_int08               
0000fff2  __TI_int09               
0000fff4  __TI_int10               
0000fff6  __TI_int11               
0000fff8  __TI_int12               
0000fffa  __TI_int13               
0000fffc  __TI_int14               
0000cb56  __TI_printfi_nofloat     
0000ea90  __TI_zero_init           
ffffffff  __binit__                
ffffffff  __c_args__               
0000e3f2  __mspabi_divli           
0000d050  __mspabi_divlli          
0000ea7a  __mspabi_divu            
0000dfb8  __mspabi_divul           
0000c3be  __mspabi_divull          
0000eb42  __mspabi_func_epilog_1   
0000eb40  __mspabi_func_epilog_2   
0000eb3e  __mspabi_func_epilog_3   
0000eb3c  __mspabi_func_epilog_4   
0000eb3a  __mspabi_func_epilog_5   
0000eb38  __mspabi_func_epilog_6   
0000eb36  __mspabi_func_epilog_7   
0000eab8  __mspabi_mpyi            
0000eab8  __mspabi_mpyi_sw         
0000e8f0  __mspabi_mpyl            
0000e8f0  __mspabi_mpyl_sw         
0000d41c  __mspabi_mpyll           
0000d41c  __mspabi_mpyll_sw        
0000e95a  __mspabi_mpyul           
0000e95a  __mspabi_mpyul_sw        
0000e3f2  __mspabi_remli           
0000ea7a  __mspabi_remu            
0000dfb8  __mspabi_remul           
0000e4a8  __mspabi_slll_1          
0000e484  __mspabi_slll_10         
0000e480  __mspabi_slll_11         
0000e47c  __mspabi_slll_12         
0000e478  __mspabi_slll_13         
0000e474  __mspabi_slll_14         
0000e470  __mspabi_slll_15         
0000e4a4  __mspabi_slll_2          
0000e4a0  __mspabi_slll_3          
0000e49c  __mspabi_slll_4          
0000e498  __mspabi_slll_5          
0000e494  __mspabi_slll_6          
0000e490  __mspabi_slll_7          
0000e48c  __mspabi_slll_8          
0000e488  __mspabi_slll_9          
0000e3b0  __mspabi_sllll           
0000e824  __mspabi_srai            
0000e84c  __mspabi_srai_1          
0000e83a  __mspabi_srai_10         
0000e838  __mspabi_srai_11         
0000e836  __mspabi_srai_12         
0000e834  __mspabi_srai_13         
0000e832  __mspabi_srai_14         
0000e830  __mspabi_srai_15         
0000e84a  __mspabi_srai_2          
0000e848  __mspabi_srai_3          
0000e846  __mspabi_srai_4          
0000e844  __mspabi_srai_5          
0000e842  __mspabi_srai_6          
0000e840  __mspabi_srai_7          
0000e83e  __mspabi_srai_8          
0000e83c  __mspabi_srai_9          
0000e46a  __mspabi_sral_1          
0000e446  __mspabi_sral_10         
0000e442  __mspabi_sral_11         
0000e43e  __mspabi_sral_12         
0000e43a  __mspabi_sral_13         
0000e436  __mspabi_sral_14         
0000e432  __mspabi_sral_15         
0000e466  __mspabi_sral_2          
0000e462  __mspabi_sral_3          
0000e45e  __mspabi_sral_4          
0000e45a  __mspabi_sral_5          
0000e456  __mspabi_sral_6          
0000e452  __mspabi_sral_7          
0000e44e  __mspabi_sral_8          
0000e44a  __mspabi_sral_9          
0000e29a  __mspabi_srall           
0000eb02  __mspabi_srll            
0000df58  __mspabi_srll_1          
0000df22  __mspabi_srll_10         
0000df1c  __mspabi_srll_11         
0000df16  __mspabi_srll_12         
0000df10  __mspabi_srll_13         
0000df0a  __mspabi_srll_14         
0000df04  __mspabi_srll_15         
0000df52  __mspabi_srll_2          
0000df4c  __mspabi_srll_3          
0000df46  __mspabi_srll_4          
0000df40  __mspabi_srll_5          
0000df3a  __mspabi_srll_6          
0000df34  __mspabi_srll_7          
0000df2e  __mspabi_srll_8          
0000df28  __mspabi_srll_9          
0000e328  __mspabi_srlll           
0000df60  _auto_init               
0000e9d0  _c_int00_noargs_noexit   
0000ebbc  _ctypes_                 
0000fffe  _reset_vector            
00000360  _stack                   
0000ebb4  _system_pre_init         
0000ebb8  abort                    
0000e162  atoi                     
ffffffff  binit                    
0000ea38  llabs                    
00000280  mCalibrationData         
0000d2e8  main                     
0000ea04  memccpy                  
0000eb14  memcpy                   
0000eaa4  memset                   
000002a8  n                        
0000cd26  nrf24_ISR                
0000e7f8  nrf24_RxFifoHasData      
0000eba8  nrf24_ce_high            
0000ebae  nrf24_ce_low             
0000e556  nrf24_ce_pulse           
0000e58e  nrf24_dummyDelay         
0000ea4e  nrf24_flushRx            
0000ea64  nrf24_flushTx            
0000e66a  nrf24_getRxPayLoadSize   
0000e79a  nrf24_getRxPipeToRead    
0000e97c  nrf24_getStatus          
0000d7fc  nrf24_init               
0000e8ca  nrf24_power_up           
0000e7ca  nrf24_prime_rx_bit       
0000e69e  nrf24_readReg            
0000e202  nrf24_readRxData         
0000e24e  nrf24_readRxPayLoad      
0000ddb4  nrf24_setTxPipe          
0000d628  nrf24_transmitData       
0000e1b4  nrf24_writeCmd           
0000e6d2  nrf24_writeReg           
0000e0bc  nrf24_writeRegArray      
0000ea1e  nrf24_writeTXPayLoad     
00000200  outBuffer                
00000240  rxBuffer1                
00000260  rxBuffer2                
0000e5c6  sprintf                  
0000eb54  strlen                   
0000029c  txBuffer                 
0000e066  usart_init               
0000e8a2  usart_processCommand     
0000e5fe  usart_writeString        
0000e706  usart_writeStringLength  
0000de32  utility_data2HexBuffer   
0000da86  utility_decimal2Buffer   


GLOBAL SYMBOLS: SORTED BY Symbol Address 

address   name                     
-------   ----                     
00000000  IE1                      
00000001  IE2                      
00000002  IFG1                     
00000003  IFG2                     
00000010  P3REN                    
00000018  P3IN                     
00000019  P3OUT                    
0000001a  P3DIR                    
0000001b  P3SEL                    
00000020  P1IN                     
00000021  P1OUT                    
00000022  P1DIR                    
00000023  P1IFG                    
00000024  P1IES                    
00000025  P1IE                     
00000026  P1SEL                    
00000027  P1REN                    
00000028  P2IN                     
00000029  P2OUT                    
0000002a  P2DIR                    
0000002b  P2IFG                    
0000002c  P2IES                    
0000002d  P2IE                     
0000002e  P2SEL                    
0000002f  P2REN                    
00000041  P1SEL2                   
00000042  P2SEL2                   
00000043  P3SEL2                   
00000048  ADC10DTC0                
00000049  ADC10DTC1                
0000004a  ADC10AE0                 
00000053  BCSCTL3                  
00000056  DCOCTL                   
00000057  BCSCTL1                  
00000058  BCSCTL2                  
00000059  CACTL1                   
0000005a  CACTL2                   
0000005b  CAPD                     
0000005d  UCA0ABCTL                
0000005e  UCA0IRTCTL               
0000005f  UCA0IRRCTL               
00000060  UCA0CTL0                 
00000061  UCA0CTL1                 
00000062  UCA0BR0                  
00000063  UCA0BR1                  
00000064  UCA0MCTL                 
00000065  UCA0STAT                 
00000066  UCA0RXBUF                
00000067  UCA0TXBUF                
00000068  UCB0CTL0                 
00000069  UCB0CTL1                 
0000006a  UCB0BR0                  
0000006b  UCB0BR1                  
0000006c  UCB0I2CIE                
0000006d  UCB0STAT                 
0000006e  UCB0RXBUF                
0000006f  UCB0TXBUF                
000000a0  __STACK_SIZE             
00000118  UCB0I2COA                
0000011a  UCB0I2CSA                
0000011e  TA1IV                    
00000120  WDTCTL                   
00000128  FCTL1                    
0000012a  FCTL2                    
0000012c  FCTL3                    
0000012e  TA0IV                    
00000160  TA0CTL                   
00000162  TA0CCTL0                 
00000164  TA0CCTL1                 
00000166  TA0CCTL2                 
00000170  TA0R                     
00000172  TA0CCR0                  
00000174  TA0CCR1                  
00000176  TA0CCR2                  
00000180  TA1CTL                   
00000182  TA1CCTL0                 
00000184  TA1CCTL1                 
00000186  TA1CCTL2                 
00000190  TA1R                     
00000192  TA1CCR0                  
00000194  TA1CCR1                  
00000196  TA1CCR2                  
000001b0  ADC10CTL0                
000001b2  ADC10CTL1                
000001b4  ADC10MEM                 
000001bc  ADC10SA                  
00000200  outBuffer                
00000240  rxBuffer1                
00000260  rxBuffer2                
00000280  mCalibrationData         
0000029c  txBuffer                 
000002a8  n                        
00000360  _stack                   
00000400  __STACK_END              
000010c0  TLV_CHECKSUM             
000010da  TLV_ADC10_1_TAG          
000010db  TLV_ADC10_1_LEN          
000010f6  TLV_DCO_30_TAG           
000010f7  TLV_DCO_30_LEN           
000010f8  CALDCO_16MHZ             
000010f9  CALBC1_16MHZ             
000010fa  CALDCO_12MHZ             
000010fb  CALBC1_12MHZ             
000010fc  CALDCO_8MHZ              
000010fd  CALBC1_8MHZ              
000010fe  CALDCO_1MHZ              
000010ff  CALBC1_1MHZ              
0000c000  BMP280_compensate_P_int64
0000c3be  __mspabi_divull          
0000c76a  BMP280_read              
0000cb56  __TI_printfi_nofloat     
0000cd26  nrf24_ISR                
0000d050  __mspabi_divlli          
0000d2e8  main                     
0000d41c  __mspabi_mpyll           
0000d41c  __mspabi_mpyll_sw        
0000d628  nrf24_transmitData       
0000d7fc  nrf24_init               
0000d8dc  USCI0RX_ISR              
0000d9b4  BMP280_compensate_T_int32
0000da86  utility_decimal2Buffer   
0000dd28  SPI_init                 
0000ddb4  nrf24_setTxPipe          
0000de32  utility_data2HexBuffer   
0000df04  __mspabi_srll_15         
0000df0a  __mspabi_srll_14         
0000df10  __mspabi_srll_13         
0000df16  __mspabi_srll_12         
0000df1c  __mspabi_srll_11         
0000df22  __mspabi_srll_10         
0000df28  __mspabi_srll_9          
0000df2e  __mspabi_srll_8          
0000df34  __mspabi_srll_7          
0000df3a  __mspabi_srll_6          
0000df40  __mspabi_srll_5          
0000df46  __mspabi_srll_4          
0000df4c  __mspabi_srll_3          
0000df52  __mspabi_srll_2          
0000df58  __mspabi_srll_1          
0000df60  _auto_init               
0000dfb8  __mspabi_divul           
0000dfb8  __mspabi_remul           
0000e010  BMP280_readRegArray      
0000e066  usart_init               
0000e0bc  nrf24_writeRegArray      
0000e110  BMP280_init              
0000e162  atoi                     
0000e1b4  nrf24_writeCmd           
0000e202  nrf24_readRxData         
0000e24e  nrf24_readRxPayLoad      
0000e29a  __mspabi_srall           
0000e2e2  Timer_init               
0000e328  __mspabi_srlll           
0000e3b0  __mspabi_sllll           
0000e3f2  __mspabi_divli           
0000e3f2  __mspabi_remli           
0000e432  __mspabi_sral_15         
0000e436  __mspabi_sral_14         
0000e43a  __mspabi_sral_13         
0000e43e  __mspabi_sral_12         
0000e442  __mspabi_sral_11         
0000e446  __mspabi_sral_10         
0000e44a  __mspabi_sral_9          
0000e44e  __mspabi_sral_8          
0000e452  __mspabi_sral_7          
0000e456  __mspabi_sral_6          
0000e45a  __mspabi_sral_5          
0000e45e  __mspabi_sral_4          
0000e462  __mspabi_sral_3          
0000e466  __mspabi_sral_2          
0000e46a  __mspabi_sral_1          
0000e470  __mspabi_slll_15         
0000e474  __mspabi_slll_14         
0000e478  __mspabi_slll_13         
0000e47c  __mspabi_slll_12         
0000e480  __mspabi_slll_11         
0000e484  __mspabi_slll_10         
0000e488  __mspabi_slll_9          
0000e48c  __mspabi_slll_8          
0000e490  __mspabi_slll_7          
0000e494  __mspabi_slll_6          
0000e498  __mspabi_slll_5          
0000e49c  __mspabi_slll_4          
0000e4a0  __mspabi_slll_3          
0000e4a4  __mspabi_slll_2          
0000e4a8  __mspabi_slll_1          
0000e51e  UART_sendString          
0000e556  nrf24_ce_pulse           
0000e58e  nrf24_dummyDelay         
0000e5c6  sprintf                  
0000e5fe  usart_writeString        
0000e636  UART_sendStringLength    
0000e66a  nrf24_getRxPayLoadSize   
0000e69e  nrf24_readReg            
0000e6d2  nrf24_writeReg           
0000e706  usart_writeStringLength  
0000e76a  SPI_tx                   
0000e79a  nrf24_getRxPipeToRead    
0000e7ca  nrf24_prime_rx_bit       
0000e7f8  nrf24_RxFifoHasData      
0000e824  __mspabi_srai            
0000e830  __mspabi_srai_15         
0000e832  __mspabi_srai_14         
0000e834  __mspabi_srai_13         
0000e836  __mspabi_srai_12         
0000e838  __mspabi_srai_11         
0000e83a  __mspabi_srai_10         
0000e83c  __mspabi_srai_9          
0000e83e  __mspabi_srai_8          
0000e840  __mspabi_srai_7          
0000e842  __mspabi_srai_6          
0000e844  __mspabi_srai_5          
0000e846  __mspabi_srai_4          
0000e848  __mspabi_srai_3          
0000e84a  __mspabi_srai_2          
0000e84c  __mspabi_srai_1          
0000e850  SPI_rx                   
0000e87a  Port_1                   
0000e8a2  usart_processCommand     
0000e8ca  nrf24_power_up           
0000e8f0  __mspabi_mpyl            
0000e8f0  __mspabi_mpyl_sw         
0000e916  BMP280_wakeup            
0000e938  Timer_A                  
0000e95a  __mspabi_mpyul           
0000e95a  __mspabi_mpyul_sw        
0000e97c  nrf24_getStatus          
0000e99a  GPIO_init                
0000e9b6  Timer_delay_ms           
0000e9d0  _c_int00_noargs_noexit   
0000ea04  memccpy                  
0000ea1e  nrf24_writeTXPayLoad     
0000ea38  llabs                    
0000ea4e  nrf24_flushRx            
0000ea64  nrf24_flushTx            
0000ea7a  __mspabi_divu            
0000ea7a  __mspabi_remu            
0000ea90  __TI_zero_init           
0000eaa4  memset                   
0000eab8  __mspabi_mpyi            
0000eab8  __mspabi_mpyi_sw         
0000eacc  BMP280_readChipID        
0000eaf0  __TI_decompress_none     
0000eb02  __mspabi_srll            
0000eb14  memcpy                   
0000eb26  Interrupt_init           
0000eb36  __mspabi_func_epilog_7   
0000eb38  __mspabi_func_epilog_6   
0000eb3a  __mspabi_func_epilog_5   
0000eb3c  __mspabi_func_epilog_4   
0000eb3e  __mspabi_func_epilog_3   
0000eb40  __mspabi_func_epilog_2   
0000eb42  __mspabi_func_epilog_1   
0000eb46  BMP280_reset             
0000eb54  strlen                   
0000eb62  Timer_Counter1Decrement  
0000eb6e  Timer_DelayDecrement     
0000eb7a  SPI_deselect             
0000eb82  SPI_select               
0000eb96  LED_Red_Toggle           
0000eb9c  __TI_ISR_TRAP            
0000eba2  __TI_decompress_rle24    
0000eba8  nrf24_ce_high            
0000ebae  nrf24_ce_low             
0000ebb4  _system_pre_init         
0000ebb8  C$$EXIT                  
0000ebb8  abort                    
0000ebbc  _ctypes_                 
0000ee38  __TI_Handler_Table_Base  
0000ee3e  __TI_Handler_Table_Limit 
0000ee42  __TI_CINIT_Base          
0000ee4a  __TI_CINIT_Limit         
0000ffe0  __TI_int00               
0000ffe4  __TI_int02               
0000ffe6  __TI_int03               
0000ffea  __TI_int05               
0000ffec  __TI_int06               
0000ffee  __TI_int07               
0000fff0  __TI_int08               
0000fff2  __TI_int09               
0000fff4  __TI_int10               
0000fff6  __TI_int11               
0000fff8  __TI_int12               
0000fffa  __TI_int13               
0000fffc  __TI_int14               
0000fffe  _reset_vector            
ffffffff  __binit__                
ffffffff  __c_args__               
ffffffff  binit                    
UNDEFED   __TI_INITARRAY_Base      
UNDEFED   __TI_INITARRAY_Limit     

[291 symbols]
