******************************************************************************
                  MSP430 Linker PC v4.4.5                      
******************************************************************************
>> Linked Fri Jan 11 19:12:32 2019

OUTPUT FILE NAME:   <msp430_nrf24.out>
ENTRY POINT SYMBOL: "_c_int00_noargs_noexit"  address: 0000da6a


MEMORY CONFIGURATION

         name            origin    length      used     unused   attr    fill
----------------------  --------  ---------  --------  --------  ----  --------
  SFR                   00000000   00000010  00000000  00000010  RWIX
  PERIPHERALS_8BIT      00000010   000000f0  00000000  000000f0  RWIX
  PERIPHERALS_16BIT     00000100   00000100  00000000  00000100  RWIX
  RAM                   00000200   00000200  000000e7  00000119  RWIX
  INFOD                 00001000   00000040  00000000  00000040  RWIX
  INFOC                 00001040   00000040  00000000  00000040  RWIX
  INFOB                 00001080   00000040  00000000  00000040  RWIX
  INFOA                 000010c0   00000040  00000000  00000040  RWIX
  FLASH                 0000c000   00003fde  00001e4c  00002192  RWIX
  BSLSIGNATURE          0000ffde   00000002  00000002  00000000  RWIX  ffff 
  INT00                 0000ffe0   00000002  00000002  00000000  RWIX
  INT01                 0000ffe2   00000002  00000000  00000002  RWIX
  INT02                 0000ffe4   00000002  00000002  00000000  RWIX
  INT03                 0000ffe6   00000002  00000002  00000000  RWIX
  INT04                 0000ffe8   00000002  00000000  00000002  RWIX
  INT05                 0000ffea   00000002  00000002  00000000  RWIX
  INT06                 0000ffec   00000002  00000002  00000000  RWIX
  INT07                 0000ffee   00000002  00000002  00000000  RWIX
  INT08                 0000fff0   00000002  00000002  00000000  RWIX
  INT09                 0000fff2   00000002  00000002  00000000  RWIX
  INT10                 0000fff4   00000002  00000002  00000000  RWIX
  INT11                 0000fff6   00000002  00000002  00000000  RWIX
  INT12                 0000fff8   00000002  00000002  00000000  RWIX
  INT13                 0000fffa   00000002  00000002  00000000  RWIX
  INT14                 0000fffc   00000002  00000002  00000000  RWIX
  RESET                 0000fffe   00000002  00000002  00000000  RWIX


SECTION ALLOCATION MAP

 output                                  attributes/
section   page    origin      length       input sections
--------  ----  ----------  ----------   ----------------
.bss       0    00000200    00000044     UNINITIALIZED
                  00000200    00000020     (.common:rxBuffer1)
                  00000220    00000020     (.common:rxBuffer2)
                  00000240    00000002     (.common:gCounter1Tick)
                  00000242    00000002     (.common:gTimeTick)

.data      0    00000244    00000003     UNINITIALIZED
                  00000244    00000002     usart.obj (.data)
                  00000246    00000001     nrf24l01.obj (.data)

.TI.persistent 
*          0    00000244    00000000     UNINITIALIZED

.stack     0    00000360    000000a0     UNINITIALIZED
                  00000360    00000002     rts430_eabi.lib : boot.obj (.stack)
                  00000362    0000009e     --HOLE--

.text      0    0000c000    00001c02     
                  0000c000    000003ac     rts430_eabi.lib : div64u.obj (.text:__mspabi_divull)
                  0000c3ac    000001f2                     : _printfi_nf.obj (.text:_setfield)
                  0000c59e    000001d0                     : _printfi_nf.obj (.text:__TI_printfi_nofloat)
                  0000c76e    000001c2     nrf24l01.obj (.text:nrf24_ISR)
                  0000c930    00000168     rts430_eabi.lib : _printfi_nf.obj (.text:_getarg_diouxp)
                  0000ca98    0000014c                     : _printfi_nf.obj (.text:_pproc_diouxp)
                  0000cbe4    000000f8                     : _printfi_nf.obj (.text:_pproc_fwp)
                  0000ccdc    000000e0     nrf24l01.obj (.text:nrf24_init)
                  0000cdbc    000000d8     usart.obj (.text:USCI0RX_ISR)
                  0000ce94    000000c2     utility.obj (.text:utility_decimal2Buffer)
                  0000cf56    000000ae     rts430_eabi.lib : _printfi_nf.obj (.text:_pproc_str)
                  0000d004    000000a2                     : _printfi_nf.obj (.text:_ltostr)
                  0000d0a6    00000090                     : _printfi_nf.obj (.text:_div)
                  0000d136    0000008c     spi.obj (.text:SPI_init)
                  0000d1c2    0000007e     utility.obj (.text:utility_data2HexBuffer)
                  0000d240    00000064     rts430_eabi.lib : copy_decompress_rle.obj (.text:__TI_decompress_rle_core)
                  0000d2a4    00000058                     : autoinit.obj (.text:_auto_init)
                  0000d2fc    00000058                     : div32u.obj (.text)
                  0000d354    00000056     usart.obj (.text:usart_init)
                  0000d3aa    00000052     rts430_eabi.lib : atoi.obj (.text:atoi)
                  0000d3fc    00000050     main.obj (.text:main)
                  0000d44c    0000004e     nrf24l01.obj (.text:nrf24_writeCmd)
                  0000d49a    0000004c     nrf24l01.obj (.text:nrf24_readRxData)
                  0000d4e6    0000004c     nrf24l01.obj (.text:nrf24_readRxPayLoad)
                  0000d532    00000046     timer.obj (.text:Timer_init)
                  0000d578    00000044     rts430_eabi.lib : lsr64.obj (.text:__mspabi_srlll)
                  0000d5bc    00000044                     : _printfi_nf.obj (.text:_pproc_fflags)
                  0000d600    00000042                     : lsl64.obj (.text:__mspabi_sllll)
                  0000d642    00000038     main.obj (.text:Port_1)
                  0000d67a    00000038     usart.obj (.text:UART_sendString)
                  0000d6b2    00000038     nrf24l01.obj (.text:nrf24_dummyDelay)
                  0000d6ea    00000038     rts430_eabi.lib : sprintf.obj (.text:sprintf)
                  0000d722    00000038     usart.obj (.text:usart_writeString)
                  0000d75a    00000034     usart.obj (.text:UART_sendStringLength)
                  0000d78e    00000034     nrf24l01.obj (.text:nrf24_getRxPayLoadSize)
                  0000d7c2    00000034     nrf24l01.obj (.text:nrf24_readReg)
                  0000d7f6    00000034     nrf24l01.obj (.text:nrf24_writeReg)
                  0000d82a    00000034     usart.obj (.text:usart_writeStringLength)
                  0000d85e    00000030     spi.obj (.text:SPI_tx)
                  0000d88e    00000030     nrf24l01.obj (.text:nrf24_getRxPipeToRead)
                  0000d8be    0000002e     nrf24l01.obj (.text:nrf24_prime_rx_bit)
                  0000d8ec    0000002c     nrf24l01.obj (.text:nrf24_RxFifoHasData)
                  0000d918    0000002c     rts430_eabi.lib : asr16.obj (.text)
                  0000d944    0000002c                     : div16s.obj (.text)
                  0000d970    0000002a     spi.obj (.text:SPI_rx)
                  0000d99a    00000028     main.obj (.text:GPIO_init)
                  0000d9c2    00000028     usart.obj (.text:usart_processCommand)
                  0000d9ea    00000026     nrf24l01.obj (.text:nrf24_power_up)
                  0000da10    00000022     timer.obj (.text:Timer_A)
                  0000da32    0000001e     nrf24l01.obj (.text:nrf24_getStatus)
                  0000da50    0000001a     timer.obj (.text:Timer_delay_ms)
                  0000da6a    0000001a     rts430_eabi.lib : boot_special.obj (.text:_c_int00_noargs_noexit)
                  0000da84    0000001a                     : sprintf.obj (.text:_outs)
                  0000da9e    0000001a                     : memccpy.obj (.text:memccpy)
                  0000dab8    00000018     main.obj (.text:Interrupt_init)
                  0000dad0    00000016     nrf24l01.obj (.text:nrf24_flushRx)
                  0000dae6    00000016     nrf24l01.obj (.text:nrf24_flushTx)
                  0000dafc    00000016     rts430_eabi.lib : div16u.obj (.text)
                  0000db12    00000014                     : copy_zero_init.obj (.text:decompress:ZI:__TI_zero_init)
                  0000db26    00000014                     : memset.obj (.text:memset)
                  0000db3a    00000014                     : mult16.obj (.text)
                  0000db4e    00000012                     : sprintf.obj (.text:_outc)
                  0000db60    00000012                     : copy_decompress_none.obj (.text:decompress:none:__TI_decompress_none)
                  0000db72    00000012                     : lsr32.obj (.text:l_lsr)
                  0000db84    00000012                     : memcpy.obj (.text:memcpy)
                  0000db96    00000010                     : epilog.obj (.text)
                  0000dba6    0000000e                     : strlen.obj (.text:strlen)
                  0000dbb4    0000000c     timer.obj (.text:Timer_Counter1Decrement)
                  0000dbc0    0000000c     timer.obj (.text:Timer_DelayDecrement)
                  0000dbcc    00000008     spi.obj (.text:SPI_deselect)
                  0000dbd4    00000008     spi.obj (.text:SPI_select)
                  0000dbdc    00000006     main.obj (.text:LED_Red_Toggle)
                  0000dbe2    00000006     rts430_eabi.lib : isr_trap.obj (.text:_isr:__TI_ISR_TRAP)
                  0000dbe8    00000006                     : copy_decompress_rle.obj (.text:decompress:rle24:__TI_decompress_rle24)
                  0000dbee    00000006     nrf24l01.obj (.text:nrf24_ce_high)
                  0000dbf4    00000006     nrf24l01.obj (.text:nrf24_ce_low)
                  0000dbfa    00000004     rts430_eabi.lib : pre_init.obj (.text:_system_pre_init)
                  0000dbfe    00000004                     : exit.obj (.text:abort)

.const     0    0000dc02    00000230     
                  0000dc02    00000101     rts430_eabi.lib : ctype.obj (.const:.string:_ctypes_)
                  0000dd03    00000001     --HOLE-- [fill = 0]
                  0000dd04    000000ea     nrf24l01.obj (.const:.string)
                  0000ddee    00000026     rts430_eabi.lib : _printfi_nf.obj (.const:.string)
                  0000de14    00000010     main.obj (.const:.string)
                  0000de24    00000008     utility.obj (.const:.string)
                  0000de2c    00000006     usart.obj (.const:.string)

.cinit     0    0000de32    0000001a     
                  0000de32    00000007     (.cinit..data.load) [load image]
                  0000de39    00000001     --HOLE-- [fill = 0]
                  0000de3a    00000006     (__TI_handler_table)
                  0000de40    00000004     (.cinit..bss.load) [load image, compression = zero_init]
                  0000de44    00000008     (__TI_cinit_table)

.init_array 
*          0    0000c000    00000000     UNINITIALIZED

TRAPINT    0    0000ffe0    00000002     
                  0000ffe0    00000002     rts430_eabi.lib : int00.obj (.int00)

$fill000   0    0000ffde    00000002     
                  0000ffde    00000002     --HOLE-- [fill = ffff]

PORT1      0    0000ffe4    00000002     
                  0000ffe4    00000002     main.obj (.int02)

PORT2      0    0000ffe6    00000002     
                  0000ffe6    00000002     rts430_eabi.lib : int03.obj (.int03)

ADC10      0    0000ffea    00000002     
                  0000ffea    00000002     rts430_eabi.lib : int05.obj (.int05)

USCIAB0TX 
*          0    0000ffec    00000002     
                  0000ffec    00000002     rts430_eabi.lib : int06.obj (.int06)

USCIAB0RX 
*          0    0000ffee    00000002     
                  0000ffee    00000002     usart.obj (.int07)

TIMER0_A1 
*          0    0000fff0    00000002     
                  0000fff0    00000002     rts430_eabi.lib : int08.obj (.int08)

TIMER0_A0 
*          0    0000fff2    00000002     
                  0000fff2    00000002     timer.obj (.int09)

WDT        0    0000fff4    00000002     
                  0000fff4    00000002     rts430_eabi.lib : int10.obj (.int10)

COMPARATORA 
*          0    0000fff6    00000002     
                  0000fff6    00000002     rts430_eabi.lib : int11.obj (.int11)

TIMER1_A1 
*          0    0000fff8    00000002     
                  0000fff8    00000002     rts430_eabi.lib : int12.obj (.int12)

TIMER1_A0 
*          0    0000fffa    00000002     
                  0000fffa    00000002     rts430_eabi.lib : int13.obj (.int13)

NMI        0    0000fffc    00000002     
                  0000fffc    00000002     rts430_eabi.lib : int14.obj (.int14)

.reset     0    0000fffe    00000002     
                  0000fffe    00000002     rts430_eabi.lib : boot.obj (.reset)


LINKER GENERATED COPY TABLES

__TI_cinit_table @ 0000de44 records: 2, size/record: 4, table size: 8
	.data: load addr=0000de32, load size=00000007 bytes, run addr=00000244, run size=00000003 bytes, compression=copy
	.bss: load addr=0000de40, load size=00000004 bytes, run addr=00000200, run size=00000044 bytes, compression=zero_init


LINKER GENERATED HANDLER TABLE

__TI_handler_table @ 0000de3a records: 3, size/record: 2, table size: 6
	index: 0, handler: __TI_zero_init
	index: 1, handler: __TI_decompress_rle24
	index: 2, handler: __TI_decompress_none


GLOBAL SYMBOLS: SORTED ALPHABETICALLY BY Name 

address   name                    
-------   ----                    
0000004a  ADC10AE0                
000001b0  ADC10CTL0               
000001b2  ADC10CTL1               
00000048  ADC10DTC0               
00000049  ADC10DTC1               
000001b4  ADC10MEM                
000001bc  ADC10SA                 
00000057  BCSCTL1                 
00000058  BCSCTL2                 
00000053  BCSCTL3                 
0000dbfe  C$$EXIT                 
00000059  CACTL1                  
0000005a  CACTL2                  
000010fb  CALBC1_12MHZ            
000010f9  CALBC1_16MHZ            
000010ff  CALBC1_1MHZ             
000010fd  CALBC1_8MHZ             
000010fa  CALDCO_12MHZ            
000010f8  CALDCO_16MHZ            
000010fe  CALDCO_1MHZ             
000010fc  CALDCO_8MHZ             
0000005b  CAPD                    
00000056  DCOCTL                  
00000128  FCTL1                   
0000012a  FCTL2                   
0000012c  FCTL3                   
0000d99a  GPIO_init               
00000000  IE1                     
00000001  IE2                     
00000002  IFG1                    
00000003  IFG2                    
0000dab8  Interrupt_init          
0000dbdc  LED_Red_Toggle          
00000022  P1DIR                   
00000025  P1IE                    
00000024  P1IES                   
00000023  P1IFG                   
00000020  P1IN                    
00000021  P1OUT                   
00000027  P1REN                   
00000026  P1SEL                   
00000041  P1SEL2                  
0000002a  P2DIR                   
0000002d  P2IE                    
0000002c  P2IES                   
0000002b  P2IFG                   
00000028  P2IN                    
00000029  P2OUT                   
0000002f  P2REN                   
0000002e  P2SEL                   
00000042  P2SEL2                  
0000001a  P3DIR                   
00000018  P3IN                    
00000019  P3OUT                   
00000010  P3REN                   
0000001b  P3SEL                   
00000043  P3SEL2                  
0000d642  Port_1                  
0000dbcc  SPI_deselect            
0000d136  SPI_init                
0000d970  SPI_rx                  
0000dbd4  SPI_select              
0000d85e  SPI_tx                  
00000172  TA0CCR0                 
00000174  TA0CCR1                 
00000176  TA0CCR2                 
00000162  TA0CCTL0                
00000164  TA0CCTL1                
00000166  TA0CCTL2                
00000160  TA0CTL                  
0000012e  TA0IV                   
00000170  TA0R                    
00000192  TA1CCR0                 
00000194  TA1CCR1                 
00000196  TA1CCR2                 
00000182  TA1CCTL0                
00000184  TA1CCTL1                
00000186  TA1CCTL2                
00000180  TA1CTL                  
0000011e  TA1IV                   
00000190  TA1R                    
000010db  TLV_ADC10_1_LEN         
000010da  TLV_ADC10_1_TAG         
000010c0  TLV_CHECKSUM            
000010f7  TLV_DCO_30_LEN          
000010f6  TLV_DCO_30_TAG          
0000da10  Timer_A                 
0000dbb4  Timer_Counter1Decrement 
0000dbc0  Timer_DelayDecrement    
0000da50  Timer_delay_ms          
0000d532  Timer_init              
0000d67a  UART_sendString         
0000d75a  UART_sendStringLength   
0000005d  UCA0ABCTL               
00000062  UCA0BR0                 
00000063  UCA0BR1                 
00000060  UCA0CTL0                
00000061  UCA0CTL1                
0000005f  UCA0IRRCTL              
0000005e  UCA0IRTCTL              
00000064  UCA0MCTL                
00000066  UCA0RXBUF               
00000065  UCA0STAT                
00000067  UCA0TXBUF               
0000006a  UCB0BR0                 
0000006b  UCB0BR1                 
00000068  UCB0CTL0                
00000069  UCB0CTL1                
0000006c  UCB0I2CIE               
00000118  UCB0I2COA               
0000011a  UCB0I2CSA               
0000006e  UCB0RXBUF               
0000006d  UCB0STAT                
0000006f  UCB0TXBUF               
0000cdbc  USCI0RX_ISR             
00000120  WDTCTL                  
00000400  __STACK_END             
000000a0  __STACK_SIZE            
0000de44  __TI_CINIT_Base         
0000de4c  __TI_CINIT_Limit        
0000de3a  __TI_Handler_Table_Base 
0000de40  __TI_Handler_Table_Limit
UNDEFED   __TI_INITARRAY_Base     
UNDEFED   __TI_INITARRAY_Limit    
0000dbe2  __TI_ISR_TRAP           
0000db60  __TI_decompress_none    
0000dbe8  __TI_decompress_rle24   
0000ffe0  __TI_int00              
0000ffe4  __TI_int02              
0000ffe6  __TI_int03              
0000ffea  __TI_int05              
0000ffec  __TI_int06              
0000ffee  __TI_int07              
0000fff0  __TI_int08              
0000fff2  __TI_int09              
0000fff4  __TI_int10              
0000fff6  __TI_int11              
0000fff8  __TI_int12              
0000fffa  __TI_int13              
0000fffc  __TI_int14              
0000c59e  __TI_printfi_nofloat    
0000db12  __TI_zero_init          
ffffffff  __binit__               
ffffffff  __c_args__              
0000d944  __mspabi_divi           
0000dafc  __mspabi_divu           
0000d2fc  __mspabi_divul          
0000c000  __mspabi_divull         
0000dba2  __mspabi_func_epilog_1  
0000dba0  __mspabi_func_epilog_2  
0000db9e  __mspabi_func_epilog_3  
0000db9c  __mspabi_func_epilog_4  
0000db9a  __mspabi_func_epilog_5  
0000db98  __mspabi_func_epilog_6  
0000db96  __mspabi_func_epilog_7  
0000db3a  __mspabi_mpyi           
0000db3a  __mspabi_mpyi_sw        
0000d944  __mspabi_remi           
0000dafc  __mspabi_remu           
0000d2fc  __mspabi_remul          
0000d600  __mspabi_sllll          
0000d918  __mspabi_srai           
0000d940  __mspabi_srai_1         
0000d92e  __mspabi_srai_10        
0000d92c  __mspabi_srai_11        
0000d92a  __mspabi_srai_12        
0000d928  __mspabi_srai_13        
0000d926  __mspabi_srai_14        
0000d924  __mspabi_srai_15        
0000d93e  __mspabi_srai_2         
0000d93c  __mspabi_srai_3         
0000d93a  __mspabi_srai_4         
0000d938  __mspabi_srai_5         
0000d936  __mspabi_srai_6         
0000d934  __mspabi_srai_7         
0000d932  __mspabi_srai_8         
0000d930  __mspabi_srai_9         
0000db72  __mspabi_srll           
0000d578  __mspabi_srlll          
0000d2a4  _auto_init              
0000da6a  _c_int00_noargs_noexit  
0000dc02  _ctypes_                
0000fffe  _reset_vector           
00000360  _stack                  
0000dbfa  _system_pre_init        
0000dbfe  abort                   
0000d3aa  atoi                    
ffffffff  binit                   
0000d3fc  main                    
0000da9e  memccpy                 
0000db84  memcpy                  
0000db26  memset                  
0000c76e  nrf24_ISR               
0000d8ec  nrf24_RxFifoHasData     
0000dbee  nrf24_ce_high           
0000dbf4  nrf24_ce_low            
0000d6b2  nrf24_dummyDelay        
0000dad0  nrf24_flushRx           
0000dae6  nrf24_flushTx           
0000d78e  nrf24_getRxPayLoadSize  
0000d88e  nrf24_getRxPipeToRead   
0000da32  nrf24_getStatus         
0000ccdc  nrf24_init              
0000d9ea  nrf24_power_up          
0000d8be  nrf24_prime_rx_bit      
0000d7c2  nrf24_readReg           
0000d49a  nrf24_readRxData        
0000d4e6  nrf24_readRxPayLoad     
0000d44c  nrf24_writeCmd          
0000d7f6  nrf24_writeReg          
00000200  rxBuffer1               
00000220  rxBuffer2               
0000d6ea  sprintf                 
0000dba6  strlen                  
0000d354  usart_init              
0000d9c2  usart_processCommand    
0000d722  usart_writeString       
0000d82a  usart_writeStringLength 
0000d1c2  utility_data2HexBuffer  
0000ce94  utility_decimal2Buffer  


GLOBAL SYMBOLS: SORTED BY Symbol Address 

address   name                    
-------   ----                    
00000000  IE1                     
00000001  IE2                     
00000002  IFG1                    
00000003  IFG2                    
00000010  P3REN                   
00000018  P3IN                    
00000019  P3OUT                   
0000001a  P3DIR                   
0000001b  P3SEL                   
00000020  P1IN                    
00000021  P1OUT                   
00000022  P1DIR                   
00000023  P1IFG                   
00000024  P1IES                   
00000025  P1IE                    
00000026  P1SEL                   
00000027  P1REN                   
00000028  P2IN                    
00000029  P2OUT                   
0000002a  P2DIR                   
0000002b  P2IFG                   
0000002c  P2IES                   
0000002d  P2IE                    
0000002e  P2SEL                   
0000002f  P2REN                   
00000041  P1SEL2                  
00000042  P2SEL2                  
00000043  P3SEL2                  
00000048  ADC10DTC0               
00000049  ADC10DTC1               
0000004a  ADC10AE0                
00000053  BCSCTL3                 
00000056  DCOCTL                  
00000057  BCSCTL1                 
00000058  BCSCTL2                 
00000059  CACTL1                  
0000005a  CACTL2                  
0000005b  CAPD                    
0000005d  UCA0ABCTL               
0000005e  UCA0IRTCTL              
0000005f  UCA0IRRCTL              
00000060  UCA0CTL0                
00000061  UCA0CTL1                
00000062  UCA0BR0                 
00000063  UCA0BR1                 
00000064  UCA0MCTL                
00000065  UCA0STAT                
00000066  UCA0RXBUF               
00000067  UCA0TXBUF               
00000068  UCB0CTL0                
00000069  UCB0CTL1                
0000006a  UCB0BR0                 
0000006b  UCB0BR1                 
0000006c  UCB0I2CIE               
0000006d  UCB0STAT                
0000006e  UCB0RXBUF               
0000006f  UCB0TXBUF               
000000a0  __STACK_SIZE            
00000118  UCB0I2COA               
0000011a  UCB0I2CSA               
0000011e  TA1IV                   
00000120  WDTCTL                  
00000128  FCTL1                   
0000012a  FCTL2                   
0000012c  FCTL3                   
0000012e  TA0IV                   
00000160  TA0CTL                  
00000162  TA0CCTL0                
00000164  TA0CCTL1                
00000166  TA0CCTL2                
00000170  TA0R                    
00000172  TA0CCR0                 
00000174  TA0CCR1                 
00000176  TA0CCR2                 
00000180  TA1CTL                  
00000182  TA1CCTL0                
00000184  TA1CCTL1                
00000186  TA1CCTL2                
00000190  TA1R                    
00000192  TA1CCR0                 
00000194  TA1CCR1                 
00000196  TA1CCR2                 
000001b0  ADC10CTL0               
000001b2  ADC10CTL1               
000001b4  ADC10MEM                
000001bc  ADC10SA                 
00000200  rxBuffer1               
00000220  rxBuffer2               
00000360  _stack                  
00000400  __STACK_END             
000010c0  TLV_CHECKSUM            
000010da  TLV_ADC10_1_TAG         
000010db  TLV_ADC10_1_LEN         
000010f6  TLV_DCO_30_TAG          
000010f7  TLV_DCO_30_LEN          
000010f8  CALDCO_16MHZ            
000010f9  CALBC1_16MHZ            
000010fa  CALDCO_12MHZ            
000010fb  CALBC1_12MHZ            
000010fc  CALDCO_8MHZ             
000010fd  CALBC1_8MHZ             
000010fe  CALDCO_1MHZ             
000010ff  CALBC1_1MHZ             
0000c000  __mspabi_divull         
0000c59e  __TI_printfi_nofloat    
0000c76e  nrf24_ISR               
0000ccdc  nrf24_init              
0000cdbc  USCI0RX_ISR             
0000ce94  utility_decimal2Buffer  
0000d136  SPI_init                
0000d1c2  utility_data2HexBuffer  
0000d2a4  _auto_init              
0000d2fc  __mspabi_divul          
0000d2fc  __mspabi_remul          
0000d354  usart_init              
0000d3aa  atoi                    
0000d3fc  main                    
0000d44c  nrf24_writeCmd          
0000d49a  nrf24_readRxData        
0000d4e6  nrf24_readRxPayLoad     
0000d532  Timer_init              
0000d578  __mspabi_srlll          
0000d600  __mspabi_sllll          
0000d642  Port_1                  
0000d67a  UART_sendString         
0000d6b2  nrf24_dummyDelay        
0000d6ea  sprintf                 
0000d722  usart_writeString       
0000d75a  UART_sendStringLength   
0000d78e  nrf24_getRxPayLoadSize  
0000d7c2  nrf24_readReg           
0000d7f6  nrf24_writeReg          
0000d82a  usart_writeStringLength 
0000d85e  SPI_tx                  
0000d88e  nrf24_getRxPipeToRead   
0000d8be  nrf24_prime_rx_bit      
0000d8ec  nrf24_RxFifoHasData     
0000d918  __mspabi_srai           
0000d924  __mspabi_srai_15        
0000d926  __mspabi_srai_14        
0000d928  __mspabi_srai_13        
0000d92a  __mspabi_srai_12        
0000d92c  __mspabi_srai_11        
0000d92e  __mspabi_srai_10        
0000d930  __mspabi_srai_9         
0000d932  __mspabi_srai_8         
0000d934  __mspabi_srai_7         
0000d936  __mspabi_srai_6         
0000d938  __mspabi_srai_5         
0000d93a  __mspabi_srai_4         
0000d93c  __mspabi_srai_3         
0000d93e  __mspabi_srai_2         
0000d940  __mspabi_srai_1         
0000d944  __mspabi_divi           
0000d944  __mspabi_remi           
0000d970  SPI_rx                  
0000d99a  GPIO_init               
0000d9c2  usart_processCommand    
0000d9ea  nrf24_power_up          
0000da10  Timer_A                 
0000da32  nrf24_getStatus         
0000da50  Timer_delay_ms          
0000da6a  _c_int00_noargs_noexit  
0000da9e  memccpy                 
0000dab8  Interrupt_init          
0000dad0  nrf24_flushRx           
0000dae6  nrf24_flushTx           
0000dafc  __mspabi_divu           
0000dafc  __mspabi_remu           
0000db12  __TI_zero_init          
0000db26  memset                  
0000db3a  __mspabi_mpyi           
0000db3a  __mspabi_mpyi_sw        
0000db60  __TI_decompress_none    
0000db72  __mspabi_srll           
0000db84  memcpy                  
0000db96  __mspabi_func_epilog_7  
0000db98  __mspabi_func_epilog_6  
0000db9a  __mspabi_func_epilog_5  
0000db9c  __mspabi_func_epilog_4  
0000db9e  __mspabi_func_epilog_3  
0000dba0  __mspabi_func_epilog_2  
0000dba2  __mspabi_func_epilog_1  
0000dba6  strlen                  
0000dbb4  Timer_Counter1Decrement 
0000dbc0  Timer_DelayDecrement    
0000dbcc  SPI_deselect            
0000dbd4  SPI_select              
0000dbdc  LED_Red_Toggle          
0000dbe2  __TI_ISR_TRAP           
0000dbe8  __TI_decompress_rle24   
0000dbee  nrf24_ce_high           
0000dbf4  nrf24_ce_low            
0000dbfa  _system_pre_init        
0000dbfe  C$$EXIT                 
0000dbfe  abort                   
0000dc02  _ctypes_                
0000de3a  __TI_Handler_Table_Base 
0000de40  __TI_Handler_Table_Limit
0000de44  __TI_CINIT_Base         
0000de4c  __TI_CINIT_Limit        
0000ffe0  __TI_int00              
0000ffe4  __TI_int02              
0000ffe6  __TI_int03              
0000ffea  __TI_int05              
0000ffec  __TI_int06              
0000ffee  __TI_int07              
0000fff0  __TI_int08              
0000fff2  __TI_int09              
0000fff4  __TI_int10              
0000fff6  __TI_int11              
0000fff8  __TI_int12              
0000fffa  __TI_int13              
0000fffc  __TI_int14              
0000fffe  _reset_vector           
ffffffff  __binit__               
ffffffff  __c_args__              
ffffffff  binit                   
UNDEFED   __TI_INITARRAY_Base     
UNDEFED   __TI_INITARRAY_Limit    

[220 symbols]
