******************************************************************************
                  MSP430 Linker PC v4.4.5                      
******************************************************************************
>> Linked Wed Jan 23 11:49:17 2019

OUTPUT FILE NAME:   <msp430_nrf24.out>
ENTRY POINT SYMBOL: "_c_int00_noargs_noexit"  address: 0000ea2e


MEMORY CONFIGURATION

         name            origin    length      used     unused   attr    fill
----------------------  --------  ---------  --------  --------  ----  --------
  SFR                   00000000   00000010  00000000  00000010  RWIX
  PERIPHERALS_8BIT      00000010   000000f0  00000000  000000f0  RWIX
  PERIPHERALS_16BIT     00000100   00000100  00000000  00000100  RWIX
  RAM                   00000200   00000200  00000151  000000af  RWIX
  INFOD                 00001000   00000040  00000000  00000040  RWIX
  INFOC                 00001040   00000040  00000000  00000040  RWIX
  INFOB                 00001080   00000040  00000000  00000040  RWIX
  INFOA                 000010c0   00000040  00000000  00000040  RWIX
  FLASH                 0000c000   00003fde  00002e60  0000117e  RWIX
  BSLSIGNATURE          0000ffde   00000002  00000002  00000000  RWIX  ffff 
  INT00                 0000ffe0   00000002  00000002  00000000  RWIX
  INT01                 0000ffe2   00000002  00000000  00000002  RWIX
  INT02                 0000ffe4   00000002  00000002  00000000  RWIX
  INT03                 0000ffe6   00000002  00000002  00000000  RWIX
  INT04                 0000ffe8   00000002  00000000  00000002  RWIX
  INT05                 0000ffea   00000002  00000002  00000000  RWIX
  INT06                 0000ffec   00000002  00000002  00000000  RWIX
  INT07                 0000ffee   00000002  00000002  00000000  RWIX
  INT08                 0000fff0   00000002  00000002  00000000  RWIX
  INT09                 0000fff2   00000002  00000002  00000000  RWIX
  INT10                 0000fff4   00000002  00000002  00000000  RWIX
  INT11                 0000fff6   00000002  00000002  00000000  RWIX
  INT12                 0000fff8   00000002  00000002  00000000  RWIX
  INT13                 0000fffa   00000002  00000002  00000000  RWIX
  INT14                 0000fffc   00000002  00000002  00000000  RWIX
  RESET                 0000fffe   00000002  00000002  00000000  RWIX


SECTION ALLOCATION MAP

 output                                  attributes/
section   page    origin      length       input sections
--------  ----  ----------  ----------   ----------------
.bss       0    00000200    000000ac     UNINITIALIZED
                  00000200    00000040     (.common:outBuffer)
                  00000240    00000024     (.common:mCalibrationData)
                  00000264    00000020     (.common:rxBuffer1)
                  00000284    00000020     (.common:rxBuffer2)
                  000002a4    00000004     (.common:t_fine)
                  000002a8    00000002     (.common:gCounter1Tick)
                  000002aa    00000002     (.common:gTimeTick)

.data      0    000002ac    00000005     UNINITIALIZED
                  000002ac    00000002     main.obj (.data)
                  000002ae    00000002     usart.obj (.data)
                  000002b0    00000001     nrf24l01.obj (.data)

.TI.persistent 
*          0    000002ac    00000000     UNINITIALIZED

.stack     0    00000360    000000a0     UNINITIALIZED
                  00000360    00000002     rts430_eabi.lib : boot.obj (.stack)
                  00000362    0000009e     --HOLE--

.text      0    0000c000    00002c08     
                  0000c000    000003be     BMP280.obj (.text:BME280_compensate_P_int64)
                  0000c3be    000003ac     rts430_eabi.lib : div64u.obj (.text:__mspabi_divull)
                  0000c76a    000002be     BMP280.obj (.text:BME280_read)
                  0000ca28    000001f2     rts430_eabi.lib : _printfi_nf.obj (.text:_setfield)
                  0000cc1a    000001d0                     : _printfi_nf.obj (.text:__TI_printfi_nofloat)
                  0000cdea    000001c2     nrf24l01.obj (.text:nrf24_ISR)
                  0000cfac    00000178     BMP280.obj (.text:BME280_compensate_H_int32)
                  0000d124    0000016c     BMP280.obj (.text:BME280_readCalibrationValues)
                  0000d290    00000168     rts430_eabi.lib : _printfi_nf.obj (.text:_getarg_diouxp)
                  0000d3f8    0000014c                     : div64s.obj (.text:__mspabi_divlli)
                  0000d544    0000014c                     : _printfi_nf.obj (.text:_pproc_diouxp)
                  0000d690    00000114                     : mult64.obj (.text:__mpyll)
                  0000d7a4    000000f8                     : _printfi_nf.obj (.text:_pproc_fwp)
                  0000d89c    000000e0     nrf24l01.obj (.text:nrf24_init)
                  0000d97c    000000d8     usart.obj (.text:USCI0RX_ISR)
                  0000da54    000000ce     BMP280.obj (.text:BME280_compensate_T_int32)
                  0000db22    000000c2     utility.obj (.text:utility_decimal2Buffer)
                  0000dbe4    000000ae     rts430_eabi.lib : _printfi_nf.obj (.text:_pproc_str)
                  0000dc92    000000a2                     : _printfi_nf.obj (.text:_ltostr)
                  0000dd34    0000009a     main.obj (.text:main)
                  0000ddce    00000090     rts430_eabi.lib : _printfi_nf.obj (.text:_div)
                  0000de5e    0000008c     spi.obj (.text:SPI_init)
                  0000deea    0000007e     utility.obj (.text:utility_data2HexBuffer)
                  0000df68    00000064     rts430_eabi.lib : copy_decompress_rle.obj (.text:__TI_decompress_rle_core)
                  0000dfcc    0000005c     BMP280.obj (.text:BME280_init)
                  0000e028    0000005c     rts430_eabi.lib : lsr32.obj (.text:l_lsr_const)
                  0000e084    00000058                     : autoinit.obj (.text:_auto_init)
                  0000e0dc    00000058                     : div32u.obj (.text)
                  0000e134    00000056     usart.obj (.text:usart_init)
                  0000e18a    00000052     BMP280.obj (.text:BME280_readRegArray)
                  0000e1dc    00000052     rts430_eabi.lib : atoi.obj (.text:atoi)
                  0000e22e    0000004e     nrf24l01.obj (.text:nrf24_writeCmd)
                  0000e27c    0000004c     nrf24l01.obj (.text:nrf24_readRxData)
                  0000e2c8    0000004c     nrf24l01.obj (.text:nrf24_readRxPayLoad)
                  0000e314    00000048     rts430_eabi.lib : asr64.obj (.text:__mspabi_srall)
                  0000e35c    00000046     timer.obj (.text:Timer_init)
                  0000e3a2    00000044     rts430_eabi.lib : lsr64.obj (.text:__mspabi_srlll)
                  0000e3e6    00000044                     : _printfi_nf.obj (.text:_pproc_fflags)
                  0000e42a    00000042                     : lsl64.obj (.text:__mspabi_sllll)
                  0000e46c    00000040                     : div32s.obj (.text)
                  0000e4ac    0000003e                     : asr32.obj (.text:l_asr_const)
                  0000e4ea    0000003e                     : lsl32.obj (.text:l_lsl_const)
                  0000e528    00000038     BMP280.obj (.text:BME280_dummyDelay)
                  0000e560    00000038     main.obj (.text:Port_1)
                  0000e598    00000038     usart.obj (.text:UART_sendString)
                  0000e5d0    00000038     nrf24l01.obj (.text:nrf24_dummyDelay)
                  0000e608    00000038     rts430_eabi.lib : sprintf.obj (.text:sprintf)
                  0000e640    00000038     usart.obj (.text:usart_writeString)
                  0000e678    00000034     BMP280.obj (.text:BME280_readReg)
                  0000e6ac    00000034     usart.obj (.text:UART_sendStringLength)
                  0000e6e0    00000034     nrf24l01.obj (.text:nrf24_getRxPayLoadSize)
                  0000e714    00000034     nrf24l01.obj (.text:nrf24_readReg)
                  0000e748    00000034     nrf24l01.obj (.text:nrf24_writeReg)
                  0000e77c    00000034     usart.obj (.text:usart_writeStringLength)
                  0000e7b0    00000030     spi.obj (.text:SPI_tx)
                  0000e7e0    00000030     nrf24l01.obj (.text:nrf24_getRxPipeToRead)
                  0000e810    0000002e     nrf24l01.obj (.text:nrf24_prime_rx_bit)
                  0000e83e    0000002c     nrf24l01.obj (.text:nrf24_RxFifoHasData)
                  0000e86a    0000002c     rts430_eabi.lib : asr16.obj (.text)
                  0000e896    0000002c                     : lsl16.obj (.text)
                  0000e8c2    0000002a     BMP280.obj (.text:BME280_writeReg)
                  0000e8ec    0000002a     spi.obj (.text:SPI_rx)
                  0000e916    00000028     main.obj (.text:GPIO_init)
                  0000e93e    00000028     usart.obj (.text:usart_processCommand)
                  0000e966    00000026     nrf24l01.obj (.text:nrf24_power_up)
                  0000e98c    00000026     rts430_eabi.lib : mult32.obj (.text)
                  0000e9b2    00000022     timer.obj (.text:Timer_A)
                  0000e9d4    00000022     rts430_eabi.lib : mult1632.obj (.text:__mpyul)
                  0000e9f6    0000001e     nrf24l01.obj (.text:nrf24_getStatus)
                  0000ea14    0000001a     timer.obj (.text:Timer_delay_ms)
                  0000ea2e    0000001a     rts430_eabi.lib : boot_special.obj (.text:_c_int00_noargs_noexit)
                  0000ea48    0000001a                     : sprintf.obj (.text:_outs)
                  0000ea62    0000001a                     : memccpy.obj (.text:memccpy)
                  0000ea7c    00000018     main.obj (.text:Interrupt_init)
                  0000ea94    00000016     rts430_eabi.lib : llabs.obj (.text:llabs)
                  0000eaaa    00000016     nrf24l01.obj (.text:nrf24_flushRx)
                  0000eac0    00000016     nrf24l01.obj (.text:nrf24_flushTx)
                  0000ead6    00000016     rts430_eabi.lib : div16u.obj (.text)
                  0000eaec    00000014                     : copy_zero_init.obj (.text:decompress:ZI:__TI_zero_init)
                  0000eb00    00000014                     : memset.obj (.text:memset)
                  0000eb14    00000014                     : mult16.obj (.text)
                  0000eb28    00000012     BMP280.obj (.text:BME280_readChipID)
                  0000eb3a    00000012     rts430_eabi.lib : sprintf.obj (.text:_outc)
                  0000eb4c    00000012                     : copy_decompress_none.obj (.text:decompress:none:__TI_decompress_none)
                  0000eb5e    00000012                     : lsr32.obj (.text:l_lsr)
                  0000eb70    00000012                     : memcpy.obj (.text:memcpy)
                  0000eb82    00000010                     : epilog.obj (.text)
                  0000eb92    0000000e     BMP280.obj (.text:BME280_reset)
                  0000eba0    0000000e     rts430_eabi.lib : strlen.obj (.text:strlen)
                  0000ebae    0000000c     timer.obj (.text:Timer_Counter1Decrement)
                  0000ebba    0000000c     timer.obj (.text:Timer_DelayDecrement)
                  0000ebc6    00000008     spi.obj (.text:SPI_deselect)
                  0000ebce    00000008     spi.obj (.text:SPI_select)
                  0000ebd6    00000006     BMP280.obj (.text:BME280_deselect)
                  0000ebdc    00000006     BMP280.obj (.text:BME280_select)
                  0000ebe2    00000006     main.obj (.text:LED_Red_Toggle)
                  0000ebe8    00000006     rts430_eabi.lib : isr_trap.obj (.text:_isr:__TI_ISR_TRAP)
                  0000ebee    00000006                     : copy_decompress_rle.obj (.text:decompress:rle24:__TI_decompress_rle24)
                  0000ebf4    00000006     nrf24l01.obj (.text:nrf24_ce_high)
                  0000ebfa    00000006     nrf24l01.obj (.text:nrf24_ce_low)
                  0000ec00    00000004     rts430_eabi.lib : pre_init.obj (.text:_system_pre_init)
                  0000ec04    00000004                     : exit.obj (.text:abort)

.const     0    0000ec08    0000023c     
                  0000ec08    00000101     rts430_eabi.lib : ctype.obj (.const:.string:_ctypes_)
                  0000ed09    00000001     --HOLE-- [fill = 0]
                  0000ed0a    000000ea     nrf24l01.obj (.const:.string)
                  0000edf4    00000026     rts430_eabi.lib : _printfi_nf.obj (.const:.string)
                  0000ee1a    0000001c     main.obj (.const:.string)
                  0000ee36    00000008     utility.obj (.const:.string)
                  0000ee3e    00000006     usart.obj (.const:.string)

.cinit     0    0000ee44    0000001c     
                  0000ee44    00000009     (.cinit..data.load) [load image]
                  0000ee4d    00000001     --HOLE-- [fill = 0]
                  0000ee4e    00000006     (__TI_handler_table)
                  0000ee54    00000004     (.cinit..bss.load) [load image, compression = zero_init]
                  0000ee58    00000008     (__TI_cinit_table)

.init_array 
*          0    0000c000    00000000     UNINITIALIZED

TRAPINT    0    0000ffe0    00000002     
                  0000ffe0    00000002     rts430_eabi.lib : int00.obj (.int00)

$fill000   0    0000ffde    00000002     
                  0000ffde    00000002     --HOLE-- [fill = ffff]

PORT1      0    0000ffe4    00000002     
                  0000ffe4    00000002     main.obj (.int02)

PORT2      0    0000ffe6    00000002     
                  0000ffe6    00000002     rts430_eabi.lib : int03.obj (.int03)

ADC10      0    0000ffea    00000002     
                  0000ffea    00000002     rts430_eabi.lib : int05.obj (.int05)

USCIAB0TX 
*          0    0000ffec    00000002     
                  0000ffec    00000002     rts430_eabi.lib : int06.obj (.int06)

USCIAB0RX 
*          0    0000ffee    00000002     
                  0000ffee    00000002     usart.obj (.int07)

TIMER0_A1 
*          0    0000fff0    00000002     
                  0000fff0    00000002     rts430_eabi.lib : int08.obj (.int08)

TIMER0_A0 
*          0    0000fff2    00000002     
                  0000fff2    00000002     timer.obj (.int09)

WDT        0    0000fff4    00000002     
                  0000fff4    00000002     rts430_eabi.lib : int10.obj (.int10)

COMPARATORA 
*          0    0000fff6    00000002     
                  0000fff6    00000002     rts430_eabi.lib : int11.obj (.int11)

TIMER1_A1 
*          0    0000fff8    00000002     
                  0000fff8    00000002     rts430_eabi.lib : int12.obj (.int12)

TIMER1_A0 
*          0    0000fffa    00000002     
                  0000fffa    00000002     rts430_eabi.lib : int13.obj (.int13)

NMI        0    0000fffc    00000002     
                  0000fffc    00000002     rts430_eabi.lib : int14.obj (.int14)

.reset     0    0000fffe    00000002     
                  0000fffe    00000002     rts430_eabi.lib : boot.obj (.reset)


LINKER GENERATED COPY TABLES

__TI_cinit_table @ 0000ee58 records: 2, size/record: 4, table size: 8
	.data: load addr=0000ee44, load size=00000009 bytes, run addr=000002ac, run size=00000005 bytes, compression=copy
	.bss: load addr=0000ee54, load size=00000004 bytes, run addr=00000200, run size=000000ac bytes, compression=zero_init


LINKER GENERATED HANDLER TABLE

__TI_handler_table @ 0000ee4e records: 3, size/record: 2, table size: 6
	index: 0, handler: __TI_zero_init
	index: 1, handler: __TI_decompress_rle24
	index: 2, handler: __TI_decompress_none


GLOBAL SYMBOLS: SORTED ALPHABETICALLY BY Name 

address   name                     
-------   ----                     
0000004a  ADC10AE0                 
000001b0  ADC10CTL0                
000001b2  ADC10CTL1                
00000048  ADC10DTC0                
00000049  ADC10DTC1                
000001b4  ADC10MEM                 
000001bc  ADC10SA                  
00000057  BCSCTL1                  
00000058  BCSCTL2                  
00000053  BCSCTL3                  
0000cfac  BME280_compensate_H_int32
0000c000  BME280_compensate_P_int64
0000da54  BME280_compensate_T_int32
0000dfcc  BME280_init              
0000c76a  BME280_read              
0000eb28  BME280_readChipID        
0000e18a  BME280_readRegArray      
0000eb92  BME280_reset             
0000ec04  C$$EXIT                  
00000059  CACTL1                   
0000005a  CACTL2                   
000010fb  CALBC1_12MHZ             
000010f9  CALBC1_16MHZ             
000010ff  CALBC1_1MHZ              
000010fd  CALBC1_8MHZ              
000010fa  CALDCO_12MHZ             
000010f8  CALDCO_16MHZ             
000010fe  CALDCO_1MHZ              
000010fc  CALDCO_8MHZ              
0000005b  CAPD                     
00000056  DCOCTL                   
00000128  FCTL1                    
0000012a  FCTL2                    
0000012c  FCTL3                    
0000e916  GPIO_init                
00000000  IE1                      
00000001  IE2                      
00000002  IFG1                     
00000003  IFG2                     
0000ea7c  Interrupt_init           
0000ebe2  LED_Red_Toggle           
00000022  P1DIR                    
00000025  P1IE                     
00000024  P1IES                    
00000023  P1IFG                    
00000020  P1IN                     
00000021  P1OUT                    
00000027  P1REN                    
00000026  P1SEL                    
00000041  P1SEL2                   
0000002a  P2DIR                    
0000002d  P2IE                     
0000002c  P2IES                    
0000002b  P2IFG                    
00000028  P2IN                     
00000029  P2OUT                    
0000002f  P2REN                    
0000002e  P2SEL                    
00000042  P2SEL2                   
0000001a  P3DIR                    
00000018  P3IN                     
00000019  P3OUT                    
00000010  P3REN                    
0000001b  P3SEL                    
00000043  P3SEL2                   
0000e560  Port_1                   
0000ebc6  SPI_deselect             
0000de5e  SPI_init                 
0000e8ec  SPI_rx                   
0000ebce  SPI_select               
0000e7b0  SPI_tx                   
00000172  TA0CCR0                  
00000174  TA0CCR1                  
00000176  TA0CCR2                  
00000162  TA0CCTL0                 
00000164  TA0CCTL1                 
00000166  TA0CCTL2                 
00000160  TA0CTL                   
0000012e  TA0IV                    
00000170  TA0R                     
00000192  TA1CCR0                  
00000194  TA1CCR1                  
00000196  TA1CCR2                  
00000182  TA1CCTL0                 
00000184  TA1CCTL1                 
00000186  TA1CCTL2                 
00000180  TA1CTL                   
0000011e  TA1IV                    
00000190  TA1R                     
000010db  TLV_ADC10_1_LEN          
000010da  TLV_ADC10_1_TAG          
000010c0  TLV_CHECKSUM             
000010f7  TLV_DCO_30_LEN           
000010f6  TLV_DCO_30_TAG           
0000e9b2  Timer_A                  
0000ebae  Timer_Counter1Decrement  
0000ebba  Timer_DelayDecrement     
0000ea14  Timer_delay_ms           
0000e35c  Timer_init               
0000e598  UART_sendString          
0000e6ac  UART_sendStringLength    
0000005d  UCA0ABCTL                
00000062  UCA0BR0                  
00000063  UCA0BR1                  
00000060  UCA0CTL0                 
00000061  UCA0CTL1                 
0000005f  UCA0IRRCTL               
0000005e  UCA0IRTCTL               
00000064  UCA0MCTL                 
00000066  UCA0RXBUF                
00000065  UCA0STAT                 
00000067  UCA0TXBUF                
0000006a  UCB0BR0                  
0000006b  UCB0BR1                  
00000068  UCB0CTL0                 
00000069  UCB0CTL1                 
0000006c  UCB0I2CIE                
00000118  UCB0I2COA                
0000011a  UCB0I2CSA                
0000006e  UCB0RXBUF                
0000006d  UCB0STAT                 
0000006f  UCB0TXBUF                
0000d97c  USCI0RX_ISR              
00000120  WDTCTL                   
00000400  __STACK_END              
000000a0  __STACK_SIZE             
0000ee58  __TI_CINIT_Base          
0000ee60  __TI_CINIT_Limit         
0000ee4e  __TI_Handler_Table_Base  
0000ee54  __TI_Handler_Table_Limit 
UNDEFED   __TI_INITARRAY_Base      
UNDEFED   __TI_INITARRAY_Limit     
0000ebe8  __TI_ISR_TRAP            
0000eb4c  __TI_decompress_none     
0000ebee  __TI_decompress_rle24    
0000ffe0  __TI_int00               
0000ffe4  __TI_int02               
0000ffe6  __TI_int03               
0000ffea  __TI_int05               
0000ffec  __TI_int06               
0000ffee  __TI_int07               
0000fff0  __TI_int08               
0000fff2  __TI_int09               
0000fff4  __TI_int10               
0000fff6  __TI_int11               
0000fff8  __TI_int12               
0000fffa  __TI_int13               
0000fffc  __TI_int14               
0000cc1a  __TI_printfi_nofloat     
0000eaec  __TI_zero_init           
ffffffff  __binit__                
ffffffff  __c_args__               
0000e46c  __mspabi_divli           
0000d3f8  __mspabi_divlli          
0000ead6  __mspabi_divu            
0000e0dc  __mspabi_divul           
0000c3be  __mspabi_divull          
0000eb8e  __mspabi_func_epilog_1   
0000eb8c  __mspabi_func_epilog_2   
0000eb8a  __mspabi_func_epilog_3   
0000eb88  __mspabi_func_epilog_4   
0000eb86  __mspabi_func_epilog_5   
0000eb84  __mspabi_func_epilog_6   
0000eb82  __mspabi_func_epilog_7   
0000eb14  __mspabi_mpyi            
0000eb14  __mspabi_mpyi_sw         
0000e98c  __mspabi_mpyl            
0000e98c  __mspabi_mpyl_sw         
0000d690  __mspabi_mpyll           
0000d690  __mspabi_mpyll_sw        
0000e9d4  __mspabi_mpyul           
0000e9d4  __mspabi_mpyul_sw        
0000e46c  __mspabi_remli           
0000ead6  __mspabi_remu            
0000e0dc  __mspabi_remul           
0000e896  __mspabi_slli            
0000e8be  __mspabi_slli_1          
0000e8ac  __mspabi_slli_10         
0000e8aa  __mspabi_slli_11         
0000e8a8  __mspabi_slli_12         
0000e8a6  __mspabi_slli_13         
0000e8a4  __mspabi_slli_14         
0000e8a2  __mspabi_slli_15         
0000e8bc  __mspabi_slli_2          
0000e8ba  __mspabi_slli_3          
0000e8b8  __mspabi_slli_4          
0000e8b6  __mspabi_slli_5          
0000e8b4  __mspabi_slli_6          
0000e8b2  __mspabi_slli_7          
0000e8b0  __mspabi_slli_8          
0000e8ae  __mspabi_slli_9          
0000e522  __mspabi_slll_1          
0000e4fe  __mspabi_slll_10         
0000e4fa  __mspabi_slll_11         
0000e4f6  __mspabi_slll_12         
0000e4f2  __mspabi_slll_13         
0000e4ee  __mspabi_slll_14         
0000e4ea  __mspabi_slll_15         
0000e51e  __mspabi_slll_2          
0000e51a  __mspabi_slll_3          
0000e516  __mspabi_slll_4          
0000e512  __mspabi_slll_5          
0000e50e  __mspabi_slll_6          
0000e50a  __mspabi_slll_7          
0000e506  __mspabi_slll_8          
0000e502  __mspabi_slll_9          
0000e42a  __mspabi_sllll           
0000e86a  __mspabi_srai            
0000e892  __mspabi_srai_1          
0000e880  __mspabi_srai_10         
0000e87e  __mspabi_srai_11         
0000e87c  __mspabi_srai_12         
0000e87a  __mspabi_srai_13         
0000e878  __mspabi_srai_14         
0000e876  __mspabi_srai_15         
0000e890  __mspabi_srai_2          
0000e88e  __mspabi_srai_3          
0000e88c  __mspabi_srai_4          
0000e88a  __mspabi_srai_5          
0000e888  __mspabi_srai_6          
0000e886  __mspabi_srai_7          
0000e884  __mspabi_srai_8          
0000e882  __mspabi_srai_9          
0000e4e4  __mspabi_sral_1          
0000e4c0  __mspabi_sral_10         
0000e4bc  __mspabi_sral_11         
0000e4b8  __mspabi_sral_12         
0000e4b4  __mspabi_sral_13         
0000e4b0  __mspabi_sral_14         
0000e4ac  __mspabi_sral_15         
0000e4e0  __mspabi_sral_2          
0000e4dc  __mspabi_sral_3          
0000e4d8  __mspabi_sral_4          
0000e4d4  __mspabi_sral_5          
0000e4d0  __mspabi_sral_6          
0000e4cc  __mspabi_sral_7          
0000e4c8  __mspabi_sral_8          
0000e4c4  __mspabi_sral_9          
0000e314  __mspabi_srall           
0000eb5e  __mspabi_srll            
0000e07c  __mspabi_srll_1          
0000e046  __mspabi_srll_10         
0000e040  __mspabi_srll_11         
0000e03a  __mspabi_srll_12         
0000e034  __mspabi_srll_13         
0000e02e  __mspabi_srll_14         
0000e028  __mspabi_srll_15         
0000e076  __mspabi_srll_2          
0000e070  __mspabi_srll_3          
0000e06a  __mspabi_srll_4          
0000e064  __mspabi_srll_5          
0000e05e  __mspabi_srll_6          
0000e058  __mspabi_srll_7          
0000e052  __mspabi_srll_8          
0000e04c  __mspabi_srll_9          
0000e3a2  __mspabi_srlll           
0000e084  _auto_init               
0000ea2e  _c_int00_noargs_noexit   
0000ec08  _ctypes_                 
0000fffe  _reset_vector            
00000360  _stack                   
0000ec00  _system_pre_init         
0000ec04  abort                    
0000e1dc  atoi                     
ffffffff  binit                    
0000ea94  llabs                    
0000dd34  main                     
0000ea62  memccpy                  
0000eb70  memcpy                   
0000eb00  memset                   
000002ac  n                        
0000cdea  nrf24_ISR                
0000e83e  nrf24_RxFifoHasData      
0000ebf4  nrf24_ce_high            
0000ebfa  nrf24_ce_low             
0000e5d0  nrf24_dummyDelay         
0000eaaa  nrf24_flushRx            
0000eac0  nrf24_flushTx            
0000e6e0  nrf24_getRxPayLoadSize   
0000e7e0  nrf24_getRxPipeToRead    
0000e9f6  nrf24_getStatus          
0000d89c  nrf24_init               
0000e966  nrf24_power_up           
0000e810  nrf24_prime_rx_bit       
0000e714  nrf24_readReg            
0000e27c  nrf24_readRxData         
0000e2c8  nrf24_readRxPayLoad      
0000e22e  nrf24_writeCmd           
0000e748  nrf24_writeReg           
00000200  outBuffer                
00000264  rxBuffer1                
00000284  rxBuffer2                
0000e608  sprintf                  
0000eba0  strlen                   
000002a4  t_fine                   
0000e134  usart_init               
0000e93e  usart_processCommand     
0000e640  usart_writeString        
0000e77c  usart_writeStringLength  
0000deea  utility_data2HexBuffer   
0000db22  utility_decimal2Buffer   


GLOBAL SYMBOLS: SORTED BY Symbol Address 

address   name                     
-------   ----                     
00000000  IE1                      
00000001  IE2                      
00000002  IFG1                     
00000003  IFG2                     
00000010  P3REN                    
00000018  P3IN                     
00000019  P3OUT                    
0000001a  P3DIR                    
0000001b  P3SEL                    
00000020  P1IN                     
00000021  P1OUT                    
00000022  P1DIR                    
00000023  P1IFG                    
00000024  P1IES                    
00000025  P1IE                     
00000026  P1SEL                    
00000027  P1REN                    
00000028  P2IN                     
00000029  P2OUT                    
0000002a  P2DIR                    
0000002b  P2IFG                    
0000002c  P2IES                    
0000002d  P2IE                     
0000002e  P2SEL                    
0000002f  P2REN                    
00000041  P1SEL2                   
00000042  P2SEL2                   
00000043  P3SEL2                   
00000048  ADC10DTC0                
00000049  ADC10DTC1                
0000004a  ADC10AE0                 
00000053  BCSCTL3                  
00000056  DCOCTL                   
00000057  BCSCTL1                  
00000058  BCSCTL2                  
00000059  CACTL1                   
0000005a  CACTL2                   
0000005b  CAPD                     
0000005d  UCA0ABCTL                
0000005e  UCA0IRTCTL               
0000005f  UCA0IRRCTL               
00000060  UCA0CTL0                 
00000061  UCA0CTL1                 
00000062  UCA0BR0                  
00000063  UCA0BR1                  
00000064  UCA0MCTL                 
00000065  UCA0STAT                 
00000066  UCA0RXBUF                
00000067  UCA0TXBUF                
00000068  UCB0CTL0                 
00000069  UCB0CTL1                 
0000006a  UCB0BR0                  
0000006b  UCB0BR1                  
0000006c  UCB0I2CIE                
0000006d  UCB0STAT                 
0000006e  UCB0RXBUF                
0000006f  UCB0TXBUF                
000000a0  __STACK_SIZE             
00000118  UCB0I2COA                
0000011a  UCB0I2CSA                
0000011e  TA1IV                    
00000120  WDTCTL                   
00000128  FCTL1                    
0000012a  FCTL2                    
0000012c  FCTL3                    
0000012e  TA0IV                    
00000160  TA0CTL                   
00000162  TA0CCTL0                 
00000164  TA0CCTL1                 
00000166  TA0CCTL2                 
00000170  TA0R                     
00000172  TA0CCR0                  
00000174  TA0CCR1                  
00000176  TA0CCR2                  
00000180  TA1CTL                   
00000182  TA1CCTL0                 
00000184  TA1CCTL1                 
00000186  TA1CCTL2                 
00000190  TA1R                     
00000192  TA1CCR0                  
00000194  TA1CCR1                  
00000196  TA1CCR2                  
000001b0  ADC10CTL0                
000001b2  ADC10CTL1                
000001b4  ADC10MEM                 
000001bc  ADC10SA                  
00000200  outBuffer                
00000264  rxBuffer1                
00000284  rxBuffer2                
000002a4  t_fine                   
000002ac  n                        
00000360  _stack                   
00000400  __STACK_END              
000010c0  TLV_CHECKSUM             
000010da  TLV_ADC10_1_TAG          
000010db  TLV_ADC10_1_LEN          
000010f6  TLV_DCO_30_TAG           
000010f7  TLV_DCO_30_LEN           
000010f8  CALDCO_16MHZ             
000010f9  CALBC1_16MHZ             
000010fa  CALDCO_12MHZ             
000010fb  CALBC1_12MHZ             
000010fc  CALDCO_8MHZ              
000010fd  CALBC1_8MHZ              
000010fe  CALDCO_1MHZ              
000010ff  CALBC1_1MHZ              
0000c000  BME280_compensate_P_int64
0000c3be  __mspabi_divull          
0000c76a  BME280_read              
0000cc1a  __TI_printfi_nofloat     
0000cdea  nrf24_ISR                
0000cfac  BME280_compensate_H_int32
0000d3f8  __mspabi_divlli          
0000d690  __mspabi_mpyll           
0000d690  __mspabi_mpyll_sw        
0000d89c  nrf24_init               
0000d97c  USCI0RX_ISR              
0000da54  BME280_compensate_T_int32
0000db22  utility_decimal2Buffer   
0000dd34  main                     
0000de5e  SPI_init                 
0000deea  utility_data2HexBuffer   
0000dfcc  BME280_init              
0000e028  __mspabi_srll_15         
0000e02e  __mspabi_srll_14         
0000e034  __mspabi_srll_13         
0000e03a  __mspabi_srll_12         
0000e040  __mspabi_srll_11         
0000e046  __mspabi_srll_10         
0000e04c  __mspabi_srll_9          
0000e052  __mspabi_srll_8          
0000e058  __mspabi_srll_7          
0000e05e  __mspabi_srll_6          
0000e064  __mspabi_srll_5          
0000e06a  __mspabi_srll_4          
0000e070  __mspabi_srll_3          
0000e076  __mspabi_srll_2          
0000e07c  __mspabi_srll_1          
0000e084  _auto_init               
0000e0dc  __mspabi_divul           
0000e0dc  __mspabi_remul           
0000e134  usart_init               
0000e18a  BME280_readRegArray      
0000e1dc  atoi                     
0000e22e  nrf24_writeCmd           
0000e27c  nrf24_readRxData         
0000e2c8  nrf24_readRxPayLoad      
0000e314  __mspabi_srall           
0000e35c  Timer_init               
0000e3a2  __mspabi_srlll           
0000e42a  __mspabi_sllll           
0000e46c  __mspabi_divli           
0000e46c  __mspabi_remli           
0000e4ac  __mspabi_sral_15         
0000e4b0  __mspabi_sral_14         
0000e4b4  __mspabi_sral_13         
0000e4b8  __mspabi_sral_12         
0000e4bc  __mspabi_sral_11         
0000e4c0  __mspabi_sral_10         
0000e4c4  __mspabi_sral_9          
0000e4c8  __mspabi_sral_8          
0000e4cc  __mspabi_sral_7          
0000e4d0  __mspabi_sral_6          
0000e4d4  __mspabi_sral_5          
0000e4d8  __mspabi_sral_4          
0000e4dc  __mspabi_sral_3          
0000e4e0  __mspabi_sral_2          
0000e4e4  __mspabi_sral_1          
0000e4ea  __mspabi_slll_15         
0000e4ee  __mspabi_slll_14         
0000e4f2  __mspabi_slll_13         
0000e4f6  __mspabi_slll_12         
0000e4fa  __mspabi_slll_11         
0000e4fe  __mspabi_slll_10         
0000e502  __mspabi_slll_9          
0000e506  __mspabi_slll_8          
0000e50a  __mspabi_slll_7          
0000e50e  __mspabi_slll_6          
0000e512  __mspabi_slll_5          
0000e516  __mspabi_slll_4          
0000e51a  __mspabi_slll_3          
0000e51e  __mspabi_slll_2          
0000e522  __mspabi_slll_1          
0000e560  Port_1                   
0000e598  UART_sendString          
0000e5d0  nrf24_dummyDelay         
0000e608  sprintf                  
0000e640  usart_writeString        
0000e6ac  UART_sendStringLength    
0000e6e0  nrf24_getRxPayLoadSize   
0000e714  nrf24_readReg            
0000e748  nrf24_writeReg           
0000e77c  usart_writeStringLength  
0000e7b0  SPI_tx                   
0000e7e0  nrf24_getRxPipeToRead    
0000e810  nrf24_prime_rx_bit       
0000e83e  nrf24_RxFifoHasData      
0000e86a  __mspabi_srai            
0000e876  __mspabi_srai_15         
0000e878  __mspabi_srai_14         
0000e87a  __mspabi_srai_13         
0000e87c  __mspabi_srai_12         
0000e87e  __mspabi_srai_11         
0000e880  __mspabi_srai_10         
0000e882  __mspabi_srai_9          
0000e884  __mspabi_srai_8          
0000e886  __mspabi_srai_7          
0000e888  __mspabi_srai_6          
0000e88a  __mspabi_srai_5          
0000e88c  __mspabi_srai_4          
0000e88e  __mspabi_srai_3          
0000e890  __mspabi_srai_2          
0000e892  __mspabi_srai_1          
0000e896  __mspabi_slli            
0000e8a2  __mspabi_slli_15         
0000e8a4  __mspabi_slli_14         
0000e8a6  __mspabi_slli_13         
0000e8a8  __mspabi_slli_12         
0000e8aa  __mspabi_slli_11         
0000e8ac  __mspabi_slli_10         
0000e8ae  __mspabi_slli_9          
0000e8b0  __mspabi_slli_8          
0000e8b2  __mspabi_slli_7          
0000e8b4  __mspabi_slli_6          
0000e8b6  __mspabi_slli_5          
0000e8b8  __mspabi_slli_4          
0000e8ba  __mspabi_slli_3          
0000e8bc  __mspabi_slli_2          
0000e8be  __mspabi_slli_1          
0000e8ec  SPI_rx                   
0000e916  GPIO_init                
0000e93e  usart_processCommand     
0000e966  nrf24_power_up           
0000e98c  __mspabi_mpyl            
0000e98c  __mspabi_mpyl_sw         
0000e9b2  Timer_A                  
0000e9d4  __mspabi_mpyul           
0000e9d4  __mspabi_mpyul_sw        
0000e9f6  nrf24_getStatus          
0000ea14  Timer_delay_ms           
0000ea2e  _c_int00_noargs_noexit   
0000ea62  memccpy                  
0000ea7c  Interrupt_init           
0000ea94  llabs                    
0000eaaa  nrf24_flushRx            
0000eac0  nrf24_flushTx            
0000ead6  __mspabi_divu            
0000ead6  __mspabi_remu            
0000eaec  __TI_zero_init           
0000eb00  memset                   
0000eb14  __mspabi_mpyi            
0000eb14  __mspabi_mpyi_sw         
0000eb28  BME280_readChipID        
0000eb4c  __TI_decompress_none     
0000eb5e  __mspabi_srll            
0000eb70  memcpy                   
0000eb82  __mspabi_func_epilog_7   
0000eb84  __mspabi_func_epilog_6   
0000eb86  __mspabi_func_epilog_5   
0000eb88  __mspabi_func_epilog_4   
0000eb8a  __mspabi_func_epilog_3   
0000eb8c  __mspabi_func_epilog_2   
0000eb8e  __mspabi_func_epilog_1   
0000eb92  BME280_reset             
0000eba0  strlen                   
0000ebae  Timer_Counter1Decrement  
0000ebba  Timer_DelayDecrement     
0000ebc6  SPI_deselect             
0000ebce  SPI_select               
0000ebe2  LED_Red_Toggle           
0000ebe8  __TI_ISR_TRAP            
0000ebee  __TI_decompress_rle24    
0000ebf4  nrf24_ce_high            
0000ebfa  nrf24_ce_low             
0000ec00  _system_pre_init         
0000ec04  C$$EXIT                  
0000ec04  abort                    
0000ec08  _ctypes_                 
0000ee4e  __TI_Handler_Table_Base  
0000ee54  __TI_Handler_Table_Limit 
0000ee58  __TI_CINIT_Base          
0000ee60  __TI_CINIT_Limit         
0000ffe0  __TI_int00               
0000ffe4  __TI_int02               
0000ffe6  __TI_int03               
0000ffea  __TI_int05               
0000ffec  __TI_int06               
0000ffee  __TI_int07               
0000fff0  __TI_int08               
0000fff2  __TI_int09               
0000fff4  __TI_int10               
0000fff6  __TI_int11               
0000fff8  __TI_int12               
0000fffa  __TI_int13               
0000fffc  __TI_int14               
0000fffe  _reset_vector            
ffffffff  __binit__                
ffffffff  __c_args__               
ffffffff  binit                    
UNDEFED   __TI_INITARRAY_Base      
UNDEFED   __TI_INITARRAY_Limit     

[301 symbols]
