******************************************************************************
                  MSP430 Linker PC v4.4.5                      
******************************************************************************
>> Linked Mon Feb 11 22:22:17 2019

OUTPUT FILE NAME:   <msp430_nrf24.out>
ENTRY POINT SYMBOL: "_c_int00_noargs_noexit"  address: 0000e976


MEMORY CONFIGURATION

         name            origin    length      used     unused   attr    fill
----------------------  --------  ---------  --------  --------  ----  --------
  SFR                   00000000   00000010  00000000  00000010  RWIX
  PERIPHERALS_8BIT      00000010   000000f0  00000000  000000f0  RWIX
  PERIPHERALS_16BIT     00000100   00000100  00000000  00000100  RWIX
  RAM                   00000200   00000200  0000010b  000000f5  RWIX
  INFOD                 00001000   00000040  00000000  00000040  RWIX
  INFOC                 00001040   00000040  00000000  00000040  RWIX
  INFOB                 00001080   00000040  00000000  00000040  RWIX
  INFOA                 000010c0   00000040  00000000  00000040  RWIX
  FLASH                 0000c000   00003fde  00002d1b  000012c3  RWIX
  BSLSIGNATURE          0000ffde   00000002  00000002  00000000  RWIX  ffff 
  INT00                 0000ffe0   00000002  00000002  00000000  RWIX
  INT01                 0000ffe2   00000002  00000000  00000002  RWIX
  INT02                 0000ffe4   00000002  00000002  00000000  RWIX
  INT03                 0000ffe6   00000002  00000002  00000000  RWIX
  INT04                 0000ffe8   00000002  00000000  00000002  RWIX
  INT05                 0000ffea   00000002  00000002  00000000  RWIX
  INT06                 0000ffec   00000002  00000002  00000000  RWIX
  INT07                 0000ffee   00000002  00000002  00000000  RWIX
  INT08                 0000fff0   00000002  00000002  00000000  RWIX
  INT09                 0000fff2   00000002  00000002  00000000  RWIX
  INT10                 0000fff4   00000002  00000002  00000000  RWIX
  INT11                 0000fff6   00000002  00000002  00000000  RWIX
  INT12                 0000fff8   00000002  00000002  00000000  RWIX
  INT13                 0000fffa   00000002  00000002  00000000  RWIX
  INT14                 0000fffc   00000002  00000002  00000000  RWIX
  RESET                 0000fffe   00000002  00000002  00000000  RWIX


SECTION ALLOCATION MAP

 output                                  attributes/
section   page    origin      length       input sections
--------  ----  ----------  ----------   ----------------
.bss       0    00000200    0000005c     UNINITIALIZED
                  00000200    00000020     (.common:rxBuffer1)
                  00000220    00000020     (.common:rxBuffer2)
                  00000240    00000018     (.common:mCalibrationData)
                  00000258    00000002     (.common:gCounter1Tick)
                  0000025a    00000002     (.common:gTimeTick)

.data      0    0000025c    0000000f     UNINITIALIZED
                  0000025c    00000008     main.obj (.data:txBuffer)
                  00000264    00000004     BMP280.obj (.data)
                  00000268    00000002     usart.obj (.data)
                  0000026a    00000001     nrf24l01.obj (.data)

.TI.persistent 
*          0    0000025c    00000000     UNINITIALIZED

.stack     0    00000360    000000a0     UNINITIALIZED
                  00000360    00000002     rts430_eabi.lib : boot.obj (.stack)
                  00000362    0000009e     --HOLE--

.text      0    0000c000    00002b6a     
                  0000c000    000003be     BMP280.obj (.text:BMP280_compensate_P_int64)
                  0000c3be    000003ac     rts430_eabi.lib : div64u.obj (.text:__mspabi_divull)
                  0000c76a    00000206     BMP280.obj (.text:BMP280_read)
                  0000c970    000001f2     rts430_eabi.lib : _printfi_nf.obj (.text:_setfield)
                  0000cb62    000001d0                     : _printfi_nf.obj (.text:__TI_printfi_nofloat)
                  0000cd32    000001c2     nrf24l01.obj (.text:nrf24_ISR)
                  0000cef4    00000168     rts430_eabi.lib : _printfi_nf.obj (.text:_getarg_diouxp)
                  0000d05c    0000014c                     : div64s.obj (.text:__mspabi_divlli)
                  0000d1a8    0000014c                     : _printfi_nf.obj (.text:_pproc_diouxp)
                  0000d2f4    00000114                     : mult64.obj (.text:__mpyll)
                  0000d408    00000102     main.obj (.text:main)
                  0000d50a    000000f8     rts430_eabi.lib : _printfi_nf.obj (.text:_pproc_fwp)
                  0000d602    000000e2     BMP280.obj (.text:BMP280_readCalibrationValues)
                  0000d6e4    000000e0     nrf24l01.obj (.text:nrf24_init)
                  0000d7c4    000000d8     usart.obj (.text:USCI0RX_ISR)
                  0000d89c    000000d2     BMP280.obj (.text:BMP280_compensate_T_int32)
                  0000d96e    000000c2     utility.obj (.text:utility_decimal2Buffer)
                  0000da30    000000ae     rts430_eabi.lib : _printfi_nf.obj (.text:_pproc_str)
                  0000dade    000000a2                     : _printfi_nf.obj (.text:_ltostr)
                  0000db80    0000009c     nrf24l01.obj (.text:nrf24_transmitData)
                  0000dc1c    00000090     rts430_eabi.lib : _printfi_nf.obj (.text:_div)
                  0000dcac    0000008c     spi.obj (.text:SPI_init)
                  0000dd38    0000007e     nrf24l01.obj (.text:nrf24_setTxPipe)
                  0000ddb6    0000006e     utility.obj (.text:utility_data2HexBuffer)
                  0000de24    00000064     rts430_eabi.lib : copy_decompress_rle.obj (.text:__TI_decompress_rle_core)
                  0000de88    0000005c                     : lsr32.obj (.text:l_lsr_const)
                  0000dee4    00000058                     : autoinit.obj (.text:_auto_init)
                  0000df3c    00000058                     : div32u.obj (.text)
                  0000df94    00000056     BMP280.obj (.text:BMP280_readRegArray)
                  0000dfea    00000056     usart.obj (.text:usart_init)
                  0000e040    00000054     nrf24l01.obj (.text:nrf24_writeRegArray)
                  0000e094    00000052     BMP280.obj (.text:BMP280_init)
                  0000e0e6    00000052     rts430_eabi.lib : atoi.obj (.text:atoi)
                  0000e138    0000004e     nrf24l01.obj (.text:nrf24_writeCmd)
                  0000e186    0000004c     nrf24l01.obj (.text:nrf24_readRxData)
                  0000e1d2    0000004c     nrf24l01.obj (.text:nrf24_readRxPayLoad)
                  0000e21e    00000048     rts430_eabi.lib : asr64.obj (.text:__mspabi_srall)
                  0000e266    00000046     timer.obj (.text:Timer_init)
                  0000e2ac    00000044     rts430_eabi.lib : lsr64.obj (.text:__mspabi_srlll)
                  0000e2f0    00000044                     : _printfi_nf.obj (.text:_pproc_fflags)
                  0000e334    00000042                     : lsl64.obj (.text:__mspabi_sllll)
                  0000e376    00000040                     : div32s.obj (.text)
                  0000e3b6    0000003e                     : asr32.obj (.text:l_asr_const)
                  0000e3f4    0000003e                     : lsl32.obj (.text:l_lsl_const)
                  0000e432    00000038     BMP280.obj (.text:BMP280_dummyDelay)
                  0000e46a    00000038     BMP280.obj (.text:BMP280_readReg)
                  0000e4a2    00000038     usart.obj (.text:UART_sendString)
                  0000e4da    00000038     nrf24l01.obj (.text:nrf24_ce_pulse)
                  0000e512    00000038     nrf24l01.obj (.text:nrf24_dummyDelay)
                  0000e54a    00000038     rts430_eabi.lib : sprintf.obj (.text:sprintf)
                  0000e582    00000038     usart.obj (.text:usart_writeString)
                  0000e5ba    00000036     main.obj (.text:Port_1)
                  0000e5f0    00000034     usart.obj (.text:UART_sendStringLength)
                  0000e624    00000034     nrf24l01.obj (.text:nrf24_getRxPayLoadSize)
                  0000e658    00000034     nrf24l01.obj (.text:nrf24_readReg)
                  0000e68c    00000034     nrf24l01.obj (.text:nrf24_writeReg)
                  0000e6c0    00000034     usart.obj (.text:usart_writeStringLength)
                  0000e6f4    00000030     BMP280.obj (.text:BMP280_writeReg)
                  0000e724    00000030     main.obj (.text:GPIO_init)
                  0000e754    00000030     spi.obj (.text:SPI_tx)
                  0000e784    00000030     nrf24l01.obj (.text:nrf24_getRxPipeToRead)
                  0000e7b4    0000002e     nrf24l01.obj (.text:nrf24_prime_rx_bit)
                  0000e7e2    0000002c     nrf24l01.obj (.text:nrf24_RxFifoHasData)
                  0000e80e    0000002c     rts430_eabi.lib : asr16.obj (.text)
                  0000e83a    0000002a     spi.obj (.text:SPI_rx)
                  0000e864    00000028     usart.obj (.text:usart_processCommand)
                  0000e88c    00000026     nrf24l01.obj (.text:nrf24_power_up)
                  0000e8b2    00000026     rts430_eabi.lib : mult32.obj (.text)
                  0000e8d8    00000022     BMP280.obj (.text:BMP280_wakeup)
                  0000e8fa    00000022     timer.obj (.text:Timer_A)
                  0000e91c    00000022     rts430_eabi.lib : mult1632.obj (.text:__mpyul)
                  0000e93e    0000001e     nrf24l01.obj (.text:nrf24_getStatus)
                  0000e95c    0000001a     timer.obj (.text:Timer_delay_ms)
                  0000e976    0000001a     rts430_eabi.lib : boot_special.obj (.text:_c_int00_noargs_noexit)
                  0000e990    0000001a                     : sprintf.obj (.text:_outs)
                  0000e9aa    0000001a                     : memccpy.obj (.text:memccpy)
                  0000e9c4    0000001a     nrf24l01.obj (.text:nrf24_writeTXPayLoad)
                  0000e9de    00000018     main.obj (.text:Interrupt_init)
                  0000e9f6    00000016     rts430_eabi.lib : llabs.obj (.text:llabs)
                  0000ea0c    00000016     nrf24l01.obj (.text:nrf24_flushRx)
                  0000ea22    00000016     nrf24l01.obj (.text:nrf24_flushTx)
                  0000ea38    00000016     rts430_eabi.lib : div16u.obj (.text)
                  0000ea4e    00000014                     : copy_zero_init.obj (.text:decompress:ZI:__TI_zero_init)
                  0000ea62    00000014                     : memset.obj (.text:memset)
                  0000ea76    00000014                     : mult16.obj (.text)
                  0000ea8a    00000012                     : sprintf.obj (.text:_outc)
                  0000ea9c    00000012                     : copy_decompress_none.obj (.text:decompress:none:__TI_decompress_none)
                  0000eaae    00000012                     : lsr32.obj (.text:l_lsr)
                  0000eac0    00000012                     : memcpy.obj (.text:memcpy)
                  0000ead2    00000010                     : epilog.obj (.text)
                  0000eae2    0000000e     BMP280.obj (.text:BMP280_reset)
                  0000eaf0    0000000e     rts430_eabi.lib : strlen.obj (.text:strlen)
                  0000eafe    0000000c     timer.obj (.text:Timer_Counter1Decrement)
                  0000eb0a    0000000c     timer.obj (.text:Timer_DelayDecrement)
                  0000eb16    00000008     spi.obj (.text:SPI_deselect)
                  0000eb1e    00000008     spi.obj (.text:SPI_select)
                  0000eb26    00000006     BMP280.obj (.text:BMP280_deselect)
                  0000eb2c    00000006     BMP280.obj (.text:BMP280_select)
                  0000eb32    00000006     main.obj (.text:LED_Green_Off)
                  0000eb38    00000006     main.obj (.text:LED_Green_On)
                  0000eb3e    00000006     main.obj (.text:LED_Red_On)
                  0000eb44    00000006     main.obj (.text:LED_Red_Toggle)
                  0000eb4a    00000006     rts430_eabi.lib : isr_trap.obj (.text:_isr:__TI_ISR_TRAP)
                  0000eb50    00000006                     : copy_decompress_rle.obj (.text:decompress:rle24:__TI_decompress_rle24)
                  0000eb56    00000006     nrf24l01.obj (.text:nrf24_ce_high)
                  0000eb5c    00000006     nrf24l01.obj (.text:nrf24_ce_low)
                  0000eb62    00000004     rts430_eabi.lib : pre_init.obj (.text:_system_pre_init)
                  0000eb66    00000004                     : exit.obj (.text:abort)

.const     0    0000eb6a    00000193     
                  0000eb6a    00000101     rts430_eabi.lib : ctype.obj (.const:.string:_ctypes_)
                  0000ec6b    00000001     --HOLE-- [fill = 0]
                  0000ec6c    0000003a     nrf24l01.obj (.const:.string)
                  0000eca6    00000026     rts430_eabi.lib : _printfi_nf.obj (.const:.string)
                  0000eccc    00000008     utility.obj (.const:.string)
                  0000ecd4    00000006     usart.obj (.const:.string)
                  0000ecda    00000005     nrf24l01.obj (.const:.string:mTxAddress_Pipe0)
                  0000ecdf    00000001     --HOLE-- [fill = 0]
                  0000ece0    00000005     nrf24l01.obj (.const:.string:mTxAddress_Pipe1)
                  0000ece5    00000001     --HOLE-- [fill = 0]
                  0000ece6    00000005     nrf24l01.obj (.const:.string:mTxAddress_Pipe2)
                  0000eceb    00000001     --HOLE-- [fill = 0]
                  0000ecec    00000005     nrf24l01.obj (.const:.string:mTxAddress_Pipe3)
                  0000ecf1    00000001     --HOLE-- [fill = 0]
                  0000ecf2    00000005     nrf24l01.obj (.const:.string:mTxAddress_Pipe4)
                  0000ecf7    00000001     --HOLE-- [fill = 0]
                  0000ecf8    00000005     nrf24l01.obj (.const:.string:mTxAddress_Pipe5)

.cinit     0    0000ecfe    0000001e     
                  0000ecfe    0000000b     (.cinit..data.load) [load image, compression = rle]
                  0000ed09    00000001     --HOLE-- [fill = 0]
                  0000ed0a    00000006     (__TI_handler_table)
                  0000ed10    00000004     (.cinit..bss.load) [load image, compression = zero_init]
                  0000ed14    00000008     (__TI_cinit_table)

.init_array 
*          0    0000c000    00000000     UNINITIALIZED

TRAPINT    0    0000ffe0    00000002     
                  0000ffe0    00000002     rts430_eabi.lib : int00.obj (.int00)

$fill000   0    0000ffde    00000002     
                  0000ffde    00000002     --HOLE-- [fill = ffff]

PORT1      0    0000ffe4    00000002     
                  0000ffe4    00000002     main.obj (.int02)

PORT2      0    0000ffe6    00000002     
                  0000ffe6    00000002     rts430_eabi.lib : int03.obj (.int03)

ADC10      0    0000ffea    00000002     
                  0000ffea    00000002     rts430_eabi.lib : int05.obj (.int05)

USCIAB0TX 
*          0    0000ffec    00000002     
                  0000ffec    00000002     rts430_eabi.lib : int06.obj (.int06)

USCIAB0RX 
*          0    0000ffee    00000002     
                  0000ffee    00000002     usart.obj (.int07)

TIMER0_A1 
*          0    0000fff0    00000002     
                  0000fff0    00000002     rts430_eabi.lib : int08.obj (.int08)

TIMER0_A0 
*          0    0000fff2    00000002     
                  0000fff2    00000002     timer.obj (.int09)

WDT        0    0000fff4    00000002     
                  0000fff4    00000002     rts430_eabi.lib : int10.obj (.int10)

COMPARATORA 
*          0    0000fff6    00000002     
                  0000fff6    00000002     rts430_eabi.lib : int11.obj (.int11)

TIMER1_A1 
*          0    0000fff8    00000002     
                  0000fff8    00000002     rts430_eabi.lib : int12.obj (.int12)

TIMER1_A0 
*          0    0000fffa    00000002     
                  0000fffa    00000002     rts430_eabi.lib : int13.obj (.int13)

NMI        0    0000fffc    00000002     
                  0000fffc    00000002     rts430_eabi.lib : int14.obj (.int14)

.reset     0    0000fffe    00000002     
                  0000fffe    00000002     rts430_eabi.lib : boot.obj (.reset)


LINKER GENERATED COPY TABLES

__TI_cinit_table @ 0000ed14 records: 2, size/record: 4, table size: 8
	.data: load addr=0000ecfe, load size=0000000b bytes, run addr=0000025c, run size=0000000f bytes, compression=rle
	.bss: load addr=0000ed10, load size=00000004 bytes, run addr=00000200, run size=0000005c bytes, compression=zero_init


LINKER GENERATED HANDLER TABLE

__TI_handler_table @ 0000ed0a records: 3, size/record: 2, table size: 6
	index: 0, handler: __TI_zero_init
	index: 1, handler: __TI_decompress_rle24
	index: 2, handler: __TI_decompress_none


GLOBAL SYMBOLS: SORTED ALPHABETICALLY BY Name 

address   name                     
-------   ----                     
0000004a  ADC10AE0                 
000001b0  ADC10CTL0                
000001b2  ADC10CTL1                
00000048  ADC10DTC0                
00000049  ADC10DTC1                
000001b4  ADC10MEM                 
000001bc  ADC10SA                  
00000057  BCSCTL1                  
00000058  BCSCTL2                  
00000053  BCSCTL3                  
0000c000  BMP280_compensate_P_int64
0000d89c  BMP280_compensate_T_int32
0000e094  BMP280_init              
0000c76a  BMP280_read              
0000df94  BMP280_readRegArray      
0000eae2  BMP280_reset             
0000e8d8  BMP280_wakeup            
0000eb66  C$$EXIT                  
00000059  CACTL1                   
0000005a  CACTL2                   
000010fb  CALBC1_12MHZ             
000010f9  CALBC1_16MHZ             
000010ff  CALBC1_1MHZ              
000010fd  CALBC1_8MHZ              
000010fa  CALDCO_12MHZ             
000010f8  CALDCO_16MHZ             
000010fe  CALDCO_1MHZ              
000010fc  CALDCO_8MHZ              
0000005b  CAPD                     
00000056  DCOCTL                   
00000128  FCTL1                    
0000012a  FCTL2                    
0000012c  FCTL3                    
0000e724  GPIO_init                
00000000  IE1                      
00000001  IE2                      
00000002  IFG1                     
00000003  IFG2                     
0000e9de  Interrupt_init           
0000eb32  LED_Green_Off            
0000eb38  LED_Green_On             
0000eb3e  LED_Red_On               
0000eb44  LED_Red_Toggle           
00000022  P1DIR                    
00000025  P1IE                     
00000024  P1IES                    
00000023  P1IFG                    
00000020  P1IN                     
00000021  P1OUT                    
00000027  P1REN                    
00000026  P1SEL                    
00000041  P1SEL2                   
0000002a  P2DIR                    
0000002d  P2IE                     
0000002c  P2IES                    
0000002b  P2IFG                    
00000028  P2IN                     
00000029  P2OUT                    
0000002f  P2REN                    
0000002e  P2SEL                    
00000042  P2SEL2                   
0000001a  P3DIR                    
00000018  P3IN                     
00000019  P3OUT                    
00000010  P3REN                    
0000001b  P3SEL                    
00000043  P3SEL2                   
0000e5ba  Port_1                   
0000eb16  SPI_deselect             
0000dcac  SPI_init                 
0000e83a  SPI_rx                   
0000eb1e  SPI_select               
0000e754  SPI_tx                   
00000172  TA0CCR0                  
00000174  TA0CCR1                  
00000176  TA0CCR2                  
00000162  TA0CCTL0                 
00000164  TA0CCTL1                 
00000166  TA0CCTL2                 
00000160  TA0CTL                   
0000012e  TA0IV                    
00000170  TA0R                     
00000192  TA1CCR0                  
00000194  TA1CCR1                  
00000196  TA1CCR2                  
00000182  TA1CCTL0                 
00000184  TA1CCTL1                 
00000186  TA1CCTL2                 
00000180  TA1CTL                   
0000011e  TA1IV                    
00000190  TA1R                     
000010db  TLV_ADC10_1_LEN          
000010da  TLV_ADC10_1_TAG          
000010c0  TLV_CHECKSUM             
000010f7  TLV_DCO_30_LEN           
000010f6  TLV_DCO_30_TAG           
0000e8fa  Timer_A                  
0000eafe  Timer_Counter1Decrement  
0000eb0a  Timer_DelayDecrement     
0000e95c  Timer_delay_ms           
0000e266  Timer_init               
0000e4a2  UART_sendString          
0000e5f0  UART_sendStringLength    
0000005d  UCA0ABCTL                
00000062  UCA0BR0                  
00000063  UCA0BR1                  
00000060  UCA0CTL0                 
00000061  UCA0CTL1                 
0000005f  UCA0IRRCTL               
0000005e  UCA0IRTCTL               
00000064  UCA0MCTL                 
00000066  UCA0RXBUF                
00000065  UCA0STAT                 
00000067  UCA0TXBUF                
0000006a  UCB0BR0                  
0000006b  UCB0BR1                  
00000068  UCB0CTL0                 
00000069  UCB0CTL1                 
0000006c  UCB0I2CIE                
00000118  UCB0I2COA                
0000011a  UCB0I2CSA                
0000006e  UCB0RXBUF                
0000006d  UCB0STAT                 
0000006f  UCB0TXBUF                
0000d7c4  USCI0RX_ISR              
00000120  WDTCTL                   
00000400  __STACK_END              
000000a0  __STACK_SIZE             
0000ed14  __TI_CINIT_Base          
0000ed1c  __TI_CINIT_Limit         
0000ed0a  __TI_Handler_Table_Base  
0000ed10  __TI_Handler_Table_Limit 
UNDEFED   __TI_INITARRAY_Base      
UNDEFED   __TI_INITARRAY_Limit     
0000eb4a  __TI_ISR_TRAP            
0000ea9c  __TI_decompress_none     
0000eb50  __TI_decompress_rle24    
0000ffe0  __TI_int00               
0000ffe4  __TI_int02               
0000ffe6  __TI_int03               
0000ffea  __TI_int05               
0000ffec  __TI_int06               
0000ffee  __TI_int07               
0000fff0  __TI_int08               
0000fff2  __TI_int09               
0000fff4  __TI_int10               
0000fff6  __TI_int11               
0000fff8  __TI_int12               
0000fffa  __TI_int13               
0000fffc  __TI_int14               
0000cb62  __TI_printfi_nofloat     
0000ea4e  __TI_zero_init           
ffffffff  __binit__                
ffffffff  __c_args__               
0000e376  __mspabi_divli           
0000d05c  __mspabi_divlli          
0000ea38  __mspabi_divu            
0000df3c  __mspabi_divul           
0000c3be  __mspabi_divull          
0000eade  __mspabi_func_epilog_1   
0000eadc  __mspabi_func_epilog_2   
0000eada  __mspabi_func_epilog_3   
0000ead8  __mspabi_func_epilog_4   
0000ead6  __mspabi_func_epilog_5   
0000ead4  __mspabi_func_epilog_6   
0000ead2  __mspabi_func_epilog_7   
0000ea76  __mspabi_mpyi            
0000ea76  __mspabi_mpyi_sw         
0000e8b2  __mspabi_mpyl            
0000e8b2  __mspabi_mpyl_sw         
0000d2f4  __mspabi_mpyll           
0000d2f4  __mspabi_mpyll_sw        
0000e91c  __mspabi_mpyul           
0000e91c  __mspabi_mpyul_sw        
0000e376  __mspabi_remli           
0000ea38  __mspabi_remu            
0000df3c  __mspabi_remul           
0000e42c  __mspabi_slll_1          
0000e408  __mspabi_slll_10         
0000e404  __mspabi_slll_11         
0000e400  __mspabi_slll_12         
0000e3fc  __mspabi_slll_13         
0000e3f8  __mspabi_slll_14         
0000e3f4  __mspabi_slll_15         
0000e428  __mspabi_slll_2          
0000e424  __mspabi_slll_3          
0000e420  __mspabi_slll_4          
0000e41c  __mspabi_slll_5          
0000e418  __mspabi_slll_6          
0000e414  __mspabi_slll_7          
0000e410  __mspabi_slll_8          
0000e40c  __mspabi_slll_9          
0000e334  __mspabi_sllll           
0000e80e  __mspabi_srai            
0000e836  __mspabi_srai_1          
0000e824  __mspabi_srai_10         
0000e822  __mspabi_srai_11         
0000e820  __mspabi_srai_12         
0000e81e  __mspabi_srai_13         
0000e81c  __mspabi_srai_14         
0000e81a  __mspabi_srai_15         
0000e834  __mspabi_srai_2          
0000e832  __mspabi_srai_3          
0000e830  __mspabi_srai_4          
0000e82e  __mspabi_srai_5          
0000e82c  __mspabi_srai_6          
0000e82a  __mspabi_srai_7          
0000e828  __mspabi_srai_8          
0000e826  __mspabi_srai_9          
0000e3ee  __mspabi_sral_1          
0000e3ca  __mspabi_sral_10         
0000e3c6  __mspabi_sral_11         
0000e3c2  __mspabi_sral_12         
0000e3be  __mspabi_sral_13         
0000e3ba  __mspabi_sral_14         
0000e3b6  __mspabi_sral_15         
0000e3ea  __mspabi_sral_2          
0000e3e6  __mspabi_sral_3          
0000e3e2  __mspabi_sral_4          
0000e3de  __mspabi_sral_5          
0000e3da  __mspabi_sral_6          
0000e3d6  __mspabi_sral_7          
0000e3d2  __mspabi_sral_8          
0000e3ce  __mspabi_sral_9          
0000e21e  __mspabi_srall           
0000eaae  __mspabi_srll            
0000dedc  __mspabi_srll_1          
0000dea6  __mspabi_srll_10         
0000dea0  __mspabi_srll_11         
0000de9a  __mspabi_srll_12         
0000de94  __mspabi_srll_13         
0000de8e  __mspabi_srll_14         
0000de88  __mspabi_srll_15         
0000ded6  __mspabi_srll_2          
0000ded0  __mspabi_srll_3          
0000deca  __mspabi_srll_4          
0000dec4  __mspabi_srll_5          
0000debe  __mspabi_srll_6          
0000deb8  __mspabi_srll_7          
0000deb2  __mspabi_srll_8          
0000deac  __mspabi_srll_9          
0000e2ac  __mspabi_srlll           
0000dee4  _auto_init               
0000e976  _c_int00_noargs_noexit   
0000eb6a  _ctypes_                 
0000fffe  _reset_vector            
00000360  _stack                   
0000eb62  _system_pre_init         
0000eb66  abort                    
0000e0e6  atoi                     
ffffffff  binit                    
0000e9f6  llabs                    
00000240  mCalibrationData         
0000d408  main                     
0000e9aa  memccpy                  
0000eac0  memcpy                   
0000ea62  memset                   
0000cd32  nrf24_ISR                
0000e7e2  nrf24_RxFifoHasData      
0000eb56  nrf24_ce_high            
0000eb5c  nrf24_ce_low             
0000e4da  nrf24_ce_pulse           
0000e512  nrf24_dummyDelay         
0000ea0c  nrf24_flushRx            
0000ea22  nrf24_flushTx            
0000e624  nrf24_getRxPayLoadSize   
0000e784  nrf24_getRxPipeToRead    
0000e93e  nrf24_getStatus          
0000d6e4  nrf24_init               
0000e88c  nrf24_power_up           
0000e7b4  nrf24_prime_rx_bit       
0000e658  nrf24_readReg            
0000e186  nrf24_readRxData         
0000e1d2  nrf24_readRxPayLoad      
0000dd38  nrf24_setTxPipe          
0000db80  nrf24_transmitData       
0000e138  nrf24_writeCmd           
0000e68c  nrf24_writeReg           
0000e040  nrf24_writeRegArray      
0000e9c4  nrf24_writeTXPayLoad     
00000200  rxBuffer1                
00000220  rxBuffer2                
0000e54a  sprintf                  
0000eaf0  strlen                   
0000025c  txBuffer                 
0000dfea  usart_init               
0000e864  usart_processCommand     
0000e582  usart_writeString        
0000e6c0  usart_writeStringLength  
0000ddb6  utility_data2HexBuffer   
0000d96e  utility_decimal2Buffer   


GLOBAL SYMBOLS: SORTED BY Symbol Address 

address   name                     
-------   ----                     
00000000  IE1                      
00000001  IE2                      
00000002  IFG1                     
00000003  IFG2                     
00000010  P3REN                    
00000018  P3IN                     
00000019  P3OUT                    
0000001a  P3DIR                    
0000001b  P3SEL                    
00000020  P1IN                     
00000021  P1OUT                    
00000022  P1DIR                    
00000023  P1IFG                    
00000024  P1IES                    
00000025  P1IE                     
00000026  P1SEL                    
00000027  P1REN                    
00000028  P2IN                     
00000029  P2OUT                    
0000002a  P2DIR                    
0000002b  P2IFG                    
0000002c  P2IES                    
0000002d  P2IE                     
0000002e  P2SEL                    
0000002f  P2REN                    
00000041  P1SEL2                   
00000042  P2SEL2                   
00000043  P3SEL2                   
00000048  ADC10DTC0                
00000049  ADC10DTC1                
0000004a  ADC10AE0                 
00000053  BCSCTL3                  
00000056  DCOCTL                   
00000057  BCSCTL1                  
00000058  BCSCTL2                  
00000059  CACTL1                   
0000005a  CACTL2                   
0000005b  CAPD                     
0000005d  UCA0ABCTL                
0000005e  UCA0IRTCTL               
0000005f  UCA0IRRCTL               
00000060  UCA0CTL0                 
00000061  UCA0CTL1                 
00000062  UCA0BR0                  
00000063  UCA0BR1                  
00000064  UCA0MCTL                 
00000065  UCA0STAT                 
00000066  UCA0RXBUF                
00000067  UCA0TXBUF                
00000068  UCB0CTL0                 
00000069  UCB0CTL1                 
0000006a  UCB0BR0                  
0000006b  UCB0BR1                  
0000006c  UCB0I2CIE                
0000006d  UCB0STAT                 
0000006e  UCB0RXBUF                
0000006f  UCB0TXBUF                
000000a0  __STACK_SIZE             
00000118  UCB0I2COA                
0000011a  UCB0I2CSA                
0000011e  TA1IV                    
00000120  WDTCTL                   
00000128  FCTL1                    
0000012a  FCTL2                    
0000012c  FCTL3                    
0000012e  TA0IV                    
00000160  TA0CTL                   
00000162  TA0CCTL0                 
00000164  TA0CCTL1                 
00000166  TA0CCTL2                 
00000170  TA0R                     
00000172  TA0CCR0                  
00000174  TA0CCR1                  
00000176  TA0CCR2                  
00000180  TA1CTL                   
00000182  TA1CCTL0                 
00000184  TA1CCTL1                 
00000186  TA1CCTL2                 
00000190  TA1R                     
00000192  TA1CCR0                  
00000194  TA1CCR1                  
00000196  TA1CCR2                  
000001b0  ADC10CTL0                
000001b2  ADC10CTL1                
000001b4  ADC10MEM                 
000001bc  ADC10SA                  
00000200  rxBuffer1                
00000220  rxBuffer2                
00000240  mCalibrationData         
0000025c  txBuffer                 
00000360  _stack                   
00000400  __STACK_END              
000010c0  TLV_CHECKSUM             
000010da  TLV_ADC10_1_TAG          
000010db  TLV_ADC10_1_LEN          
000010f6  TLV_DCO_30_TAG           
000010f7  TLV_DCO_30_LEN           
000010f8  CALDCO_16MHZ             
000010f9  CALBC1_16MHZ             
000010fa  CALDCO_12MHZ             
000010fb  CALBC1_12MHZ             
000010fc  CALDCO_8MHZ              
000010fd  CALBC1_8MHZ              
000010fe  CALDCO_1MHZ              
000010ff  CALBC1_1MHZ              
0000c000  BMP280_compensate_P_int64
0000c3be  __mspabi_divull          
0000c76a  BMP280_read              
0000cb62  __TI_printfi_nofloat     
0000cd32  nrf24_ISR                
0000d05c  __mspabi_divlli          
0000d2f4  __mspabi_mpyll           
0000d2f4  __mspabi_mpyll_sw        
0000d408  main                     
0000d6e4  nrf24_init               
0000d7c4  USCI0RX_ISR              
0000d89c  BMP280_compensate_T_int32
0000d96e  utility_decimal2Buffer   
0000db80  nrf24_transmitData       
0000dcac  SPI_init                 
0000dd38  nrf24_setTxPipe          
0000ddb6  utility_data2HexBuffer   
0000de88  __mspabi_srll_15         
0000de8e  __mspabi_srll_14         
0000de94  __mspabi_srll_13         
0000de9a  __mspabi_srll_12         
0000dea0  __mspabi_srll_11         
0000dea6  __mspabi_srll_10         
0000deac  __mspabi_srll_9          
0000deb2  __mspabi_srll_8          
0000deb8  __mspabi_srll_7          
0000debe  __mspabi_srll_6          
0000dec4  __mspabi_srll_5          
0000deca  __mspabi_srll_4          
0000ded0  __mspabi_srll_3          
0000ded6  __mspabi_srll_2          
0000dedc  __mspabi_srll_1          
0000dee4  _auto_init               
0000df3c  __mspabi_divul           
0000df3c  __mspabi_remul           
0000df94  BMP280_readRegArray      
0000dfea  usart_init               
0000e040  nrf24_writeRegArray      
0000e094  BMP280_init              
0000e0e6  atoi                     
0000e138  nrf24_writeCmd           
0000e186  nrf24_readRxData         
0000e1d2  nrf24_readRxPayLoad      
0000e21e  __mspabi_srall           
0000e266  Timer_init               
0000e2ac  __mspabi_srlll           
0000e334  __mspabi_sllll           
0000e376  __mspabi_divli           
0000e376  __mspabi_remli           
0000e3b6  __mspabi_sral_15         
0000e3ba  __mspabi_sral_14         
0000e3be  __mspabi_sral_13         
0000e3c2  __mspabi_sral_12         
0000e3c6  __mspabi_sral_11         
0000e3ca  __mspabi_sral_10         
0000e3ce  __mspabi_sral_9          
0000e3d2  __mspabi_sral_8          
0000e3d6  __mspabi_sral_7          
0000e3da  __mspabi_sral_6          
0000e3de  __mspabi_sral_5          
0000e3e2  __mspabi_sral_4          
0000e3e6  __mspabi_sral_3          
0000e3ea  __mspabi_sral_2          
0000e3ee  __mspabi_sral_1          
0000e3f4  __mspabi_slll_15         
0000e3f8  __mspabi_slll_14         
0000e3fc  __mspabi_slll_13         
0000e400  __mspabi_slll_12         
0000e404  __mspabi_slll_11         
0000e408  __mspabi_slll_10         
0000e40c  __mspabi_slll_9          
0000e410  __mspabi_slll_8          
0000e414  __mspabi_slll_7          
0000e418  __mspabi_slll_6          
0000e41c  __mspabi_slll_5          
0000e420  __mspabi_slll_4          
0000e424  __mspabi_slll_3          
0000e428  __mspabi_slll_2          
0000e42c  __mspabi_slll_1          
0000e4a2  UART_sendString          
0000e4da  nrf24_ce_pulse           
0000e512  nrf24_dummyDelay         
0000e54a  sprintf                  
0000e582  usart_writeString        
0000e5ba  Port_1                   
0000e5f0  UART_sendStringLength    
0000e624  nrf24_getRxPayLoadSize   
0000e658  nrf24_readReg            
0000e68c  nrf24_writeReg           
0000e6c0  usart_writeStringLength  
0000e724  GPIO_init                
0000e754  SPI_tx                   
0000e784  nrf24_getRxPipeToRead    
0000e7b4  nrf24_prime_rx_bit       
0000e7e2  nrf24_RxFifoHasData      
0000e80e  __mspabi_srai            
0000e81a  __mspabi_srai_15         
0000e81c  __mspabi_srai_14         
0000e81e  __mspabi_srai_13         
0000e820  __mspabi_srai_12         
0000e822  __mspabi_srai_11         
0000e824  __mspabi_srai_10         
0000e826  __mspabi_srai_9          
0000e828  __mspabi_srai_8          
0000e82a  __mspabi_srai_7          
0000e82c  __mspabi_srai_6          
0000e82e  __mspabi_srai_5          
0000e830  __mspabi_srai_4          
0000e832  __mspabi_srai_3          
0000e834  __mspabi_srai_2          
0000e836  __mspabi_srai_1          
0000e83a  SPI_rx                   
0000e864  usart_processCommand     
0000e88c  nrf24_power_up           
0000e8b2  __mspabi_mpyl            
0000e8b2  __mspabi_mpyl_sw         
0000e8d8  BMP280_wakeup            
0000e8fa  Timer_A                  
0000e91c  __mspabi_mpyul           
0000e91c  __mspabi_mpyul_sw        
0000e93e  nrf24_getStatus          
0000e95c  Timer_delay_ms           
0000e976  _c_int00_noargs_noexit   
0000e9aa  memccpy                  
0000e9c4  nrf24_writeTXPayLoad     
0000e9de  Interrupt_init           
0000e9f6  llabs                    
0000ea0c  nrf24_flushRx            
0000ea22  nrf24_flushTx            
0000ea38  __mspabi_divu            
0000ea38  __mspabi_remu            
0000ea4e  __TI_zero_init           
0000ea62  memset                   
0000ea76  __mspabi_mpyi            
0000ea76  __mspabi_mpyi_sw         
0000ea9c  __TI_decompress_none     
0000eaae  __mspabi_srll            
0000eac0  memcpy                   
0000ead2  __mspabi_func_epilog_7   
0000ead4  __mspabi_func_epilog_6   
0000ead6  __mspabi_func_epilog_5   
0000ead8  __mspabi_func_epilog_4   
0000eada  __mspabi_func_epilog_3   
0000eadc  __mspabi_func_epilog_2   
0000eade  __mspabi_func_epilog_1   
0000eae2  BMP280_reset             
0000eaf0  strlen                   
0000eafe  Timer_Counter1Decrement  
0000eb0a  Timer_DelayDecrement     
0000eb16  SPI_deselect             
0000eb1e  SPI_select               
0000eb32  LED_Green_Off            
0000eb38  LED_Green_On             
0000eb3e  LED_Red_On               
0000eb44  LED_Red_Toggle           
0000eb4a  __TI_ISR_TRAP            
0000eb50  __TI_decompress_rle24    
0000eb56  nrf24_ce_high            
0000eb5c  nrf24_ce_low             
0000eb62  _system_pre_init         
0000eb66  C$$EXIT                  
0000eb66  abort                    
0000eb6a  _ctypes_                 
0000ed0a  __TI_Handler_Table_Base  
0000ed10  __TI_Handler_Table_Limit 
0000ed14  __TI_CINIT_Base          
0000ed1c  __TI_CINIT_Limit         
0000ffe0  __TI_int00               
0000ffe4  __TI_int02               
0000ffe6  __TI_int03               
0000ffea  __TI_int05               
0000ffec  __TI_int06               
0000ffee  __TI_int07               
0000fff0  __TI_int08               
0000fff2  __TI_int09               
0000fff4  __TI_int10               
0000fff6  __TI_int11               
0000fff8  __TI_int12               
0000fffa  __TI_int13               
0000fffc  __TI_int14               
0000fffe  _reset_vector            
ffffffff  __binit__                
ffffffff  __c_args__               
ffffffff  binit                    
UNDEFED   __TI_INITARRAY_Base      
UNDEFED   __TI_INITARRAY_Limit     

[291 symbols]
